Archive member included to satisfy reference by file (symbol)

/usr/lib/gcc/arm-none-eabi/4.8/../../../arm-none-eabi/lib/armv7e-m/libc.a(lib_a-atoi.o)
                              build/obj/myMisc.o (atoi)
/usr/lib/gcc/arm-none-eabi/4.8/../../../arm-none-eabi/lib/armv7e-m/libc.a(lib_a-memcpy.o)
                              build/obj/usb_lld.o (memcpy)
/usr/lib/gcc/arm-none-eabi/4.8/../../../arm-none-eabi/lib/armv7e-m/libc.a(lib_a-memset.o)
                              build/obj/usb.o (memset)
/usr/lib/gcc/arm-none-eabi/4.8/../../../arm-none-eabi/lib/armv7e-m/libc.a(lib_a-strcasecmp.o)
                              build/obj/shell.o (strcasecmp)
/usr/lib/gcc/arm-none-eabi/4.8/../../../arm-none-eabi/lib/armv7e-m/libc.a(lib_a-strpbrk.o)
                              build/obj/shell.o (strpbrk)
/usr/lib/gcc/arm-none-eabi/4.8/../../../arm-none-eabi/lib/armv7e-m/libc.a(lib_a-strspn.o)
                              build/obj/shell.o (strspn)
/usr/lib/gcc/arm-none-eabi/4.8/../../../arm-none-eabi/lib/armv7e-m/libc.a(lib_a-strtol.o)
                              /usr/lib/gcc/arm-none-eabi/4.8/../../../arm-none-eabi/lib/armv7e-m/libc.a(lib_a-atoi.o) (_strtol_r)
/usr/lib/gcc/arm-none-eabi/4.8/../../../arm-none-eabi/lib/armv7e-m/libc.a(lib_a-ctype_.o)
                              /usr/lib/gcc/arm-none-eabi/4.8/../../../arm-none-eabi/lib/armv7e-m/libc.a(lib_a-strcasecmp.o) (__ctype_ptr__)
/usr/lib/gcc/arm-none-eabi/4.8/../../../arm-none-eabi/lib/armv7e-m/libc.a(lib_a-impure.o)
                              /usr/lib/gcc/arm-none-eabi/4.8/../../../arm-none-eabi/lib/armv7e-m/libc.a(lib_a-strtol.o) (_impure_ptr)

Discarded input sections

 .text          0x0000000000000000        0x0 build/obj/main.o
 .data          0x0000000000000000        0x0 build/obj/main.o
 .bss           0x0000000000000000        0x0 build/obj/main.o
 .data.msg      0x0000000000000000       0x48 build/obj/main.o
 .text          0x0000000000000000        0x0 build/obj/myMisc.o
 .data          0x0000000000000000        0x0 build/obj/myMisc.o
 .bss           0x0000000000000000        0x0 build/obj/myMisc.o
 .bss.SDU1      0x0000000000000000      0x258 build/obj/myMisc.o
 .bss.dirway    0x0000000000000000        0x4 build/obj/myMisc.o
 .text          0x0000000000000000        0x0 build/obj/usbcfg.o
 .data          0x0000000000000000        0x0 build/obj/usbcfg.o
 .bss           0x0000000000000000        0x0 build/obj/usbcfg.o
 .text          0x0000000000000000        0x0 build/obj/board.o
 .data          0x0000000000000000        0x0 build/obj/board.o
 .bss           0x0000000000000000        0x0 build/obj/board.o
 .text          0x0000000000000000        0x0 build/obj/crt0.o
 .data          0x0000000000000000        0x0 build/obj/crt0.o
 .bss           0x0000000000000000        0x0 build/obj/crt0.o
 .text.__early_init
                0x0000000000000000       0x10 build/obj/crt0.o
 .text          0x0000000000000000        0x0 build/obj/vectors.o
 .data          0x0000000000000000        0x0 build/obj/vectors.o
 .bss           0x0000000000000000        0x0 build/obj/vectors.o
 .text          0x0000000000000000        0x0 build/obj/chcore.o
 .data          0x0000000000000000        0x0 build/obj/chcore.o
 .bss           0x0000000000000000        0x0 build/obj/chcore.o
 .text          0x0000000000000000        0x0 build/obj/chcore_v7m.o
 .data          0x0000000000000000        0x0 build/obj/chcore_v7m.o
 .bss           0x0000000000000000        0x0 build/obj/chcore_v7m.o
 .text          0x0000000000000000        0x0 build/obj/nvic.o
 .data          0x0000000000000000        0x0 build/obj/nvic.o
 .bss           0x0000000000000000        0x0 build/obj/nvic.o
 .text.nvicDisableVector
                0x0000000000000000       0x60 build/obj/nvic.o
 .text          0x0000000000000000        0x0 build/obj/chsys.o
 .data          0x0000000000000000        0x0 build/obj/chsys.o
 .bss           0x0000000000000000        0x0 build/obj/chsys.o
 .text          0x0000000000000000        0x0 build/obj/chdebug.o
 .data          0x0000000000000000        0x0 build/obj/chdebug.o
 .bss           0x0000000000000000        0x0 build/obj/chdebug.o
 .text.dbg_check_disable
                0x0000000000000000       0x30 build/obj/chdebug.o
 .text.dbg_check_suspend
                0x0000000000000000       0x30 build/obj/chdebug.o
 .text          0x0000000000000000        0x0 build/obj/chlists.o
 .data          0x0000000000000000        0x0 build/obj/chlists.o
 .bss           0x0000000000000000        0x0 build/obj/chlists.o
 .debug_info    0x0000000000000000       0x6e build/obj/chlists.o
 .debug_abbrev  0x0000000000000000       0x24 build/obj/chlists.o
 .debug_aranges
                0x0000000000000000       0x18 build/obj/chlists.o
 .debug_line    0x0000000000000000       0x1d build/obj/chlists.o
 .debug_str     0x0000000000000000      0x1b3 build/obj/chlists.o
 .comment       0x0000000000000000       0x2c build/obj/chlists.o
 .ARM.attributes
[...]
Memory Configuration

Name             Origin             Length             Attributes
flash            0x0000000008000000 0x0000000000100000
ram              0x0000000020000000 0x000000000001c000
ethram           0x000000002001c000 0x0000000000004000
ccmram           0x0000000010000000 0x0000000000010000
*default*        0x0000000000000000 0xffffffffffffffff

Linker script and memory map

LOAD build/obj/main.o
LOAD build/obj/myMisc.o
LOAD build/obj/usbcfg.o
LOAD build/obj/board.o
LOAD build/obj/crt0.o
LOAD build/obj/vectors.o
LOAD build/obj/chcore.o
LOAD build/obj/chcore_v7m.o
LOAD build/obj/nvic.o
LOAD build/obj/chsys.o
LOAD build/obj/chdebug.o
LOAD build/obj/chlists.o
LOAD build/obj/chvt.o
LOAD build/obj/chschd.o
LOAD build/obj/chthreads.o
LOAD build/obj/chdynamic.o
LOAD build/obj/chregistry.o
LOAD build/obj/chsem.o
LOAD build/obj/chmtx.o
LOAD build/obj/chcond.o
LOAD build/obj/chevents.o
LOAD build/obj/chmsg.o
LOAD build/obj/chmboxes.o
LOAD build/obj/chqueues.o
LOAD build/obj/chmemcore.o
LOAD build/obj/chheap.o
LOAD build/obj/chmempools.o
LOAD build/obj/hal.o
LOAD build/obj/adc.o
LOAD build/obj/can.o
LOAD build/obj/ext.o
LOAD build/obj/gpt.o
LOAD build/obj/i2c.o
LOAD build/obj/icu.o
LOAD build/obj/mac.o
LOAD build/obj/mmc_spi.o
LOAD build/obj/mmcsd.o
LOAD build/obj/pal.o
LOAD build/obj/pwm.o
LOAD build/obj/rtc.o
LOAD build/obj/sdc.o
LOAD build/obj/serial.o
LOAD build/obj/serial_usb.o
LOAD build/obj/spi.o
LOAD build/obj/tm.o
LOAD build/obj/uart.o
LOAD build/obj/usb.o
LOAD build/obj/stm32_dma.o
LOAD build/obj/hal_lld.o
LOAD build/obj/adc_lld.o
LOAD build/obj/ext_lld_isr.o
LOAD build/obj/can_lld.o
LOAD build/obj/ext_lld.o
LOAD build/obj/gpt_lld.o
LOAD build/obj/icu_lld.o
LOAD build/obj/mac_lld.o
LOAD build/obj/pwm_lld.o
LOAD build/obj/sdc_lld.o
LOAD build/obj/serial_lld.o
LOAD build/obj/spi_lld.o
LOAD build/obj/pal_lld.o
LOAD build/obj/i2c_lld.o
LOAD build/obj/usb_lld.o
LOAD build/obj/rtc_lld.o
LOAD build/obj/uart_lld.o
LOAD build/obj/shell.o
LOAD build/obj/chprintf.o
LOAD /usr/lib/gcc/arm-none-eabi/4.8/../../../arm-none-eabi/lib/armv7e-m/libm.a
START GROUP
LOAD /usr/lib/gcc/arm-none-eabi/4.8/armv7e-m/libgcc.a
LOAD /usr/lib/gcc/arm-none-eabi/4.8/../../../arm-none-eabi/lib/armv7e-m/libc.a
END GROUP
                0x0000000000000400                __main_stack_size__ = 0x400
                0x0000000000000400                __process_stack_size__ = 0x400
                0x0000000020000000                __ram_start__ = ORIGIN (ram)
                0x000000000001c000                __ram_size__ = 0x1c000
                0x000000002001c000                __ram_end__ = (__ram_start__ + __ram_size__)
                0x0000000000000000                . = 0x0
                0x0000000000000000                _text = .

startup         0x0000000008000000      0x188
 *(vectors)
 vectors        0x0000000008000000      0x188 build/obj/vectors.o
                0x0000000008000000                _vectors

constructors    0x0000000008000188        0x0
                0x0000000008000188                PROVIDE (__init_array_start, .)
 *(SORT(.init_array.*))
 *(.init_array)
                0x0000000008000188                PROVIDE (__init_array_end, .)

destructors     0x0000000008000188        0x0
                0x0000000008000188                PROVIDE (__fini_array_start, .)
 *(.fini_array)
 *(SORT(.fini_array.*))
                0x0000000008000188                PROVIDE (__fini_array_end, .)

.text           0x0000000008000190     0x6f04
 *(.text.startup.*)
 *(.text)
 .text          0x0000000008000190      0x134 /usr/lib/gcc/arm-none-eabi/4.8/../../../arm-none-eabi/lib/armv7e-m/libc.a(lib_a-memcpy.o)
                0x0000000008000190                memcpy
 *(.text.*)
 *fill*         0x00000000080002c4        0xc 
 .text.main     0x00000000080002d0       0xb0 build/obj/main.o
                0x00000000080002d0                main
 .text.cmd_mem  0x0000000008000380       0x70 build/obj/myMisc.o
                0x0000000008000380                cmd_mem
 .text.cmd_threads
                0x00000000080003f0       0xc0 build/obj/myMisc.o
                0x00000000080003f0                cmd_threads
 .text.cmd_toggle
                0x00000000080004b0       0x90 build/obj/myMisc.o
                0x00000000080004b0                cmd_toggle
 .text.cmd_blinkspeed
                0x0000000008000540       0x50 build/obj/myMisc.o
                0x0000000008000540                cmd_blinkspeed
 .text.cmd_blinkspeed_min_ch
                0x0000000008000590       0x50 build/obj/myMisc.o
                0x0000000008000590                cmd_blinkspeed_min_ch
 .text.cmd_blinkspeed_max_ch
                0x00000000080005e0       0x50 build/obj/myMisc.o
                0x00000000080005e0                cmd_blinkspeed_max_ch
 .text.cmd_blinkspeed_now
                0x0000000008000630       0x30 build/obj/myMisc.o
                0x0000000008000630                cmd_blinkspeed_now
 .text.cmd_blinkspeed_min
                0x0000000008000660       0x30 build/obj/myMisc.o
                0x0000000008000660                cmd_blinkspeed_min
 .text.cmd_blinkspeed_max
                0x0000000008000690       0x30 build/obj/myMisc.o
                0x0000000008000690                cmd_blinkspeed_max
 .text.cmd_way  0x00000000080006c0       0x50 build/obj/myMisc.o
                0x00000000080006c0                cmd_way
 .text.cmd_way_ch
                0x0000000008000710       0x60 build/obj/myMisc.o
                0x0000000008000710                cmd_way_ch
 .text.Thread1  0x0000000008000770      0x190 build/obj/myMisc.o
 .text.startBlinker
                0x0000000008000900       0x30 build/obj/myMisc.o
                0x0000000008000900                startBlinker
 .text.get_descriptor
                0x0000000008000930       0x50 build/obj/usbcfg.o
 .text.usb_event
                0x0000000008000980       0x80 build/obj/usbcfg.o
 .text.__early_init
                0x0000000008000a00       0x10 build/obj/board.o
                0x0000000008000a00                __early_init
 .text.boardInit
                0x0000000008000a10       0x10 build/obj/board.o
                0x0000000008000a10                boardInit
 .text.__late_init
                0x0000000008000a20       0x10 build/obj/crt0.o
                0x0000000008000a20                __late_init
 .text._default_exit
                0x0000000008000a30       0x10 build/obj/crt0.o
                0x0000000008000a30                _default_exit
 .text.ResetHandler
                0x0000000008000a40      0x100 build/obj/crt0.o
                0x0000000008000a40                ResetHandler
 .text._unhandled_exception
                0x0000000008000b40       0x10 build/obj/vectors.o
                0x0000000008000b40                Vector58
                0x0000000008000b40                VectorE8
                0x0000000008000b40                Vector9C
                0x0000000008000b40                VectorAC
                0x0000000008000b40                Vector5C
                0x0000000008000b40                NMIVector
                0x0000000008000b40                Vector11C
                0x0000000008000b40                Vector8C
                0x0000000008000b40                VectorDC
                0x0000000008000b40                Vector168
                0x0000000008000b40                Vector110
                0x0000000008000b40                Vector120
                0x0000000008000b40                VectorC8
                0x0000000008000b40                Vector94
                0x0000000008000b40                VectorA8
                0x0000000008000b40                VectorB4
                0x0000000008000b40                Vector74
                0x0000000008000b40                Vector160
                0x0000000008000b40                VectorEC
                0x0000000008000b40                UsageFaultVector
                0x0000000008000b40                DebugMonitorVector
                0x0000000008000b40                Vector40
                0x0000000008000b40                VectorF8
                0x0000000008000b40                Vector108
                0x0000000008000b40                VectorBC
                0x0000000008000b40                Vector150
                0x0000000008000b40                Vector124
                0x0000000008000b40                Vector148
                0x0000000008000b40                PendSVVector
                0x0000000008000b40                Vector118
                0x0000000008000b40                Vector64
                0x0000000008000b40                VectorCC
                0x0000000008000b40                Vector54
                0x0000000008000b40                Vector98
                0x0000000008000b40                VectorD8
                0x0000000008000b40                Vector138
                0x0000000008000b40                Vector24
                0x0000000008000b40                Vector178
                0x0000000008000b40                Vector84
                0x0000000008000b40                BusFaultVector
                0x0000000008000b40                VectorD0
                0x0000000008000b40                Vector140
                0x0000000008000b40                VectorE4
                0x0000000008000b40                VectorC0
                0x0000000008000b40                Vector158
                0x0000000008000b40                Vector130
                0x0000000008000b40                HardFaultVector
                0x0000000008000b40                Vector134
                0x0000000008000b40                VectorF0
                0x0000000008000b40                Vector12C
                0x0000000008000b40                Vector13C
                0x0000000008000b40                Vector100
                0x0000000008000b40                VectorE0
                0x0000000008000b40                VectorF4
                0x0000000008000b40                MemManageVector
                0x0000000008000b40                Vector6C
                0x0000000008000b40                VectorA0
                0x0000000008000b40                VectorC4
                0x0000000008000b40                Vector7C
                0x0000000008000b40                Vector180
                0x0000000008000b40                Vector90
                0x0000000008000b40                Vector114
                0x0000000008000b40                Vector164
                0x0000000008000b40                Vector60
                0x0000000008000b40                Vector1C
                0x0000000008000b40                Vector17C
                0x0000000008000b40                Vector48
                0x0000000008000b40                Vector16C
                0x0000000008000b40                Vector70
                0x0000000008000b40                VectorD4
                0x0000000008000b40                Vector4C
                0x0000000008000b40                Vector144
                0x0000000008000b40                Vector80
                0x0000000008000b40                Vector15C
                0x0000000008000b40                Vector68
                0x0000000008000b40                Vector78
                0x0000000008000b40                _unhandled_exception
                0x0000000008000b40                Vector170
                0x0000000008000b40                Vector88
                0x0000000008000b40                Vector104
                0x0000000008000b40                Vector184
                0x0000000008000b40                Vector10C
                0x0000000008000b40                Vector50
                0x0000000008000b40                Vector154
                0x0000000008000b40                Vector44
                0x0000000008000b40                Vector28
                0x0000000008000b40                VectorB8
                0x0000000008000b40                VectorFC
                0x0000000008000b40                Vector34
                0x0000000008000b40                Vector128
                0x0000000008000b40                Vector20
                0x0000000008000b40                Vector174
 .text.port_halt
                0x0000000008000b50       0x10 build/obj/chcore.o
                0x0000000008000b50                port_halt
 .text.SysTickVector
                0x0000000008000b60       0x30 build/obj/chcore_v7m.o
                0x0000000008000b60                SysTickVector
 .text.SVCallVector
                0x0000000008000b90       0x40 build/obj/chcore_v7m.o
                0x0000000008000b90                SVCallVector
 .text._port_init
                0x0000000008000bd0       0x40 build/obj/chcore_v7m.o
                0x0000000008000bd0                _port_init
 .text._port_irq_epilogue
                0x0000000008000c10       0xc0 build/obj/chcore_v7m.o
                0x0000000008000c10                _port_irq_epilogue
 .text._port_switch_from_isr
                0x0000000008000cd0       0x10 build/obj/chcore_v7m.o
                0x0000000008000cd0                _port_switch_from_isr
 .text._port_switch
                0x0000000008000ce0       0x20 build/obj/chcore_v7m.o
                0x0000000008000ce0                _port_switch
 .text._port_thread_start
                0x0000000008000d00       0x20 build/obj/chcore_v7m.o
                0x0000000008000d00                _port_thread_start
 .text.nvicEnableVector
                0x0000000008000d20       0x80 build/obj/nvic.o
                0x0000000008000d20                nvicEnableVector
 .text.nvicSetSystemHandlerPriority
                0x0000000008000da0       0x50 build/obj/nvic.o
                0x0000000008000da0                nvicSetSystemHandlerPriority
 .text._idle_thread
                0x0000000008000df0       0x20 build/obj/chsys.o
                0x0000000008000df0                _idle_thread
 .text.chSysInit
                0x0000000008000e10       0x80 build/obj/chsys.o
                0x0000000008000e10                chSysInit
 .text.chSysTimerHandlerI
                0x0000000008000e90       0xb0 build/obj/chsys.o
                0x0000000008000e90                chSysTimerHandlerI
 .text.dbg_check_enable
                0x0000000008000f40       0x30 build/obj/chdebug.o
                0x0000000008000f40                dbg_check_enable
 .text.dbg_check_lock
                0x0000000008000f70       0x30 build/obj/chdebug.o
                0x0000000008000f70                dbg_check_lock
 .text.dbg_check_unlock
                0x0000000008000fa0       0x30 build/obj/chdebug.o
                0x0000000008000fa0                dbg_check_unlock
 .text.dbg_check_lock_from_isr
                0x0000000008000fd0       0x30 build/obj/chdebug.o
                0x0000000008000fd0                dbg_check_lock_from_isr
 .text.dbg_check_unlock_from_isr
                0x0000000008001000       0x30 build/obj/chdebug.o
                0x0000000008001000                dbg_check_unlock_from_isr
 .text.dbg_check_enter_isr
                0x0000000008001030       0x40 build/obj/chdebug.o
                0x0000000008001030                dbg_check_enter_isr
 .text.dbg_check_leave_isr
                0x0000000008001070       0x40 build/obj/chdebug.o
                0x0000000008001070                dbg_check_leave_isr
 .text.chDbgCheckClassI
                0x00000000080010b0       0x30 build/obj/chdebug.o
                0x00000000080010b0                chDbgCheckClassI
 .text.chDbgCheckClassS
                0x00000000080010e0       0x30 build/obj/chdebug.o
                0x00000000080010e0                chDbgCheckClassS
 .text._trace_init
                0x0000000008001110       0x20 build/obj/chdebug.o
                0x0000000008001110                _trace_init
 .text.dbg_trace
                0x0000000008001130       0x70 build/obj/chdebug.o
                0x0000000008001130                dbg_trace
 .text.chDbgPanic
                0x00000000080011a0       0x20 build/obj/chdebug.o
                0x00000000080011a0                chDbgPanic
 .text._vt_init
                0x00000000080011c0       0x30 build/obj/chvt.o
                0x00000000080011c0                _vt_init
 .text.chVTSetI
                0x00000000080011f0       0xa0 build/obj/chvt.o
                0x00000000080011f0                chVTSetI
 .text.chVTResetI
                0x0000000008001290       0x70 build/obj/chvt.o
                0x0000000008001290                chVTResetI
 .text.fifo_remove
                0x0000000008001300       0x30 build/obj/chschd.o
 .text.dequeue  0x0000000008001330       0x20 build/obj/chschd.o
 .text._scheduler_init
                0x0000000008001350       0x30 build/obj/chschd.o
                0x0000000008001350                _scheduler_init
 .text.chSchReadyI
                0x0000000008001380       0x80 build/obj/chschd.o
                0x0000000008001380                chSchReadyI
 .text.chSchGoSleepS
                0x0000000008001400       0x70 build/obj/chschd.o
                0x0000000008001400                chSchGoSleepS
 .text.wakeup   0x0000000008001470       0xa0 build/obj/chschd.o
 .text.chSchGoSleepTimeoutS
                0x0000000008001510       0x70 build/obj/chschd.o
                0x0000000008001510                chSchGoSleepTimeoutS
 .text.chSchWakeupS
                0x0000000008001580       0x80 build/obj/chschd.o
                0x0000000008001580                chSchWakeupS
 .text.chSchRescheduleS
                0x0000000008001600       0x20 build/obj/chschd.o
                0x0000000008001600                chSchRescheduleS
 .text.chSchDoRescheduleBehind
                0x0000000008001620       0x70 build/obj/chschd.o
                0x0000000008001620                chSchDoRescheduleBehind
 .text.chSchDoRescheduleAhead
                0x0000000008001690       0x90 build/obj/chschd.o
                0x0000000008001690                chSchDoRescheduleAhead
 .text.chSchDoReschedule
                0x0000000008001720       0x20 build/obj/chschd.o
                0x0000000008001720                chSchDoReschedule
 .text.list_remove
                0x0000000008001740       0x20 build/obj/chthreads.o
 .text._thread_init
                0x0000000008001760       0xa0 build/obj/chthreads.o
                0x0000000008001760                _thread_init
 .text._thread_memfill
                0x0000000008001800       0x30 build/obj/chthreads.o
                0x0000000008001800                _thread_memfill
 .text.chThdCreateI
                0x0000000008001830       0x80 build/obj/chthreads.o
                0x0000000008001830                chThdCreateI
 .text.chThdCreateStatic
                0x00000000080018b0       0x70 build/obj/chthreads.o
                0x00000000080018b0                chThdCreateStatic
 .text.chThdSleep
                0x0000000008001920       0x40 build/obj/chthreads.o
                0x0000000008001920                chThdSleep
 .text.chThdExit
                0x0000000008001960       0x20 build/obj/chthreads.o
                0x0000000008001960                chThdExit
 .text.chThdExitS
                0x0000000008001980       0x70 build/obj/chthreads.o
                0x0000000008001980                chThdExitS
 .text.chThdRelease
                0x00000000080019f0       0xc0 build/obj/chdynamic.o
                0x00000000080019f0                chThdRelease
 .text.chThdCreateFromHeap
                0x0000000008001ab0       0x90 build/obj/chdynamic.o
                0x0000000008001ab0                chThdCreateFromHeap
 .text.chRegFirstThread
                0x0000000008001b40       0x40 build/obj/chregistry.o
                0x0000000008001b40                chRegFirstThread
 .text.chRegNextThread
                0x0000000008001b80       0x70 build/obj/chregistry.o
                0x0000000008001b80                chRegNextThread
 .text.prio_insert
                0x0000000008001bf0       0x50 build/obj/chmtx.o
 .text.fifo_remove
                0x0000000008001c40       0x30 build/obj/chmtx.o
 .text.dequeue  0x0000000008001c70       0x20 build/obj/chmtx.o
 .text.chMtxInit
                0x0000000008001c90       0x30 build/obj/chmtx.o
                0x0000000008001c90                chMtxInit
 .text.chMtxLock
                0x0000000008001cc0       0x30 build/obj/chmtx.o
                0x0000000008001cc0                chMtxLock
 .text.chMtxLockS
                0x0000000008001cf0      0x110 build/obj/chmtx.o
                0x0000000008001cf0                chMtxLockS
 .text.chMtxUnlock
                0x0000000008001e00       0xe0 build/obj/chmtx.o
                0x0000000008001e00                chMtxUnlock
 .text.chEvtBroadcastFlagsI
                0x0000000008001ee0       0x60 build/obj/chevents.o
                0x0000000008001ee0                chEvtBroadcastFlagsI
 .text.chEvtSignalI
                0x0000000008001f40       0x70 build/obj/chevents.o
                0x0000000008001f40                chEvtSignalI
 .text.queue_insert
                0x0000000008001fb0       0x30 build/obj/chqueues.o
 .text.fifo_remove
                0x0000000008001fe0       0x30 build/obj/chqueues.o
 .text.qwait    0x0000000008002010       0x40 build/obj/chqueues.o
 .text.chIQInit
                0x0000000008002050       0x50 build/obj/chqueues.o
                0x0000000008002050                chIQInit
 .text.chIQResetI
                0x00000000080020a0       0x50 build/obj/chqueues.o
                0x00000000080020a0                chIQResetI
 .text.chIQGetTimeout
                0x00000000080020f0       0x90 build/obj/chqueues.o
                0x00000000080020f0                chIQGetTimeout
 .text.chIQReadTimeout
                0x0000000008002180       0xd0 build/obj/chqueues.o
                0x0000000008002180                chIQReadTimeout
 .text.chOQInit
                0x0000000008002250       0x50 build/obj/chqueues.o
                0x0000000008002250                chOQInit
 .text.chOQResetI
                0x00000000080022a0       0x60 build/obj/chqueues.o
                0x00000000080022a0                chOQResetI
 .text.chOQPutTimeout
                0x0000000008002300       0xa0 build/obj/chqueues.o
                0x0000000008002300                chOQPutTimeout
 .text.chOQWriteTimeout
                0x00000000080023a0       0xd0 build/obj/chqueues.o
                0x00000000080023a0                chOQWriteTimeout
 .text._core_init
                0x0000000008002470       0x30 build/obj/chmemcore.o
                0x0000000008002470                _core_init
 .text.chCoreAlloc
                0x00000000080024a0       0x30 build/obj/chmemcore.o
                0x00000000080024a0                chCoreAlloc
 .text.chCoreAllocI
                0x00000000080024d0       0x50 build/obj/chmemcore.o
                0x00000000080024d0                chCoreAllocI
 .text.chCoreStatus
                0x0000000008002520       0x20 build/obj/chmemcore.o
                0x0000000008002520                chCoreStatus
 .text._heap_init
                0x0000000008002540       0x30 build/obj/chheap.o
                0x0000000008002540                _heap_init
 .text.chHeapAlloc
                0x0000000008002570       0xf0 build/obj/chheap.o
                0x0000000008002570                chHeapAlloc
 .text.chHeapFree
                0x0000000008002660      0x100 build/obj/chheap.o
                0x0000000008002660                chHeapFree
 .text.chHeapStatus
                0x0000000008002760       0x70 build/obj/chheap.o
                0x0000000008002760                chHeapStatus
 .text.chPoolFreeI
                0x00000000080027d0       0x40 build/obj/chmempools.o
                0x00000000080027d0                chPoolFreeI
 .text.chPoolFree
                0x0000000008002810       0x30 build/obj/chmempools.o
                0x0000000008002810                chPoolFree
 .text.halInit  0x0000000008002840       0x30 build/obj/hal.o
                0x0000000008002840                halInit
 .text.halIsCounterWithin
                0x0000000008002870       0x50 build/obj/hal.o
                0x0000000008002870                halIsCounterWithin
 .text.halPolledDelay
                0x00000000080028c0       0x30 build/obj/hal.o
                0x00000000080028c0                halPolledDelay
 .text.gptInit  0x00000000080028f0       0x10 build/obj/gpt.o
                0x00000000080028f0                gptInit
 .text.gptObjectInit
                0x0000000008002900       0x20 build/obj/gpt.o
                0x0000000008002900                gptObjectInit
 .text.write    0x0000000008002920       0x30 build/obj/serial_usb.o
 .text.read     0x0000000008002950       0x30 build/obj/serial_usb.o
 .text.put      0x0000000008002980       0x30 build/obj/serial_usb.o
 .text.get      0x00000000080029b0       0x20 build/obj/serial_usb.o
 .text.putt     0x00000000080029d0       0x30 build/obj/serial_usb.o
 .text.gett     0x0000000008002a00       0x20 build/obj/serial_usb.o
 .text.writet   0x0000000008002a20       0x30 build/obj/serial_usb.o
 .text.readt    0x0000000008002a50       0x30 build/obj/serial_usb.o
 .text.inotify  0x0000000008002a80       0xb0 build/obj/serial_usb.o
 .text.onotify  0x0000000008002b30       0x90 build/obj/serial_usb.o
 .text.sduInit  0x0000000008002bc0       0x10 build/obj/serial_usb.o
                0x0000000008002bc0                sduInit
 .text.sduObjectInit
                0x0000000008002bd0       0x70 build/obj/serial_usb.o
                0x0000000008002bd0                sduObjectInit
 .text.sduStart
                0x0000000008002c40       0x70 build/obj/serial_usb.o
                0x0000000008002c40                sduStart
 .text.sduConfigureHookI
                0x0000000008002cb0       0x50 build/obj/serial_usb.o
                0x0000000008002cb0                sduConfigureHookI
 .text.sduRequestsHook
                0x0000000008002d00       0x80 build/obj/serial_usb.o
                0x0000000008002d00                sduRequestsHook
 .text.sduDataTransmitted
                0x0000000008002d80       0xf0 build/obj/serial_usb.o
                0x0000000008002d80                sduDataTransmitted
 .text.sduDataReceived
                0x0000000008002e70       0xb0 build/obj/serial_usb.o
                0x0000000008002e70                sduDataReceived
 .text.sduInterruptTransmitted
                0x0000000008002f20       0x10 build/obj/serial_usb.o
                0x0000000008002f20                sduInterruptTransmitted
 .text.tm_start
                0x0000000008002f30       0x20 build/obj/tm.o
 .text.tm_stop  0x0000000008002f50       0x60 build/obj/tm.o
 .text.tmInit   0x0000000008002fb0       0x40 build/obj/tm.o
                0x0000000008002fb0                tmInit
 .text.tmObjectInit
                0x0000000008002ff0       0x30 build/obj/tm.o
                0x0000000008002ff0                tmObjectInit
 .text.set_address
                0x0000000008003020       0x40 build/obj/usb.o
 .text.default_handler
                0x0000000008003060      0x3a0 build/obj/usb.o
 .text.usbInit  0x0000000008003400       0x10 build/obj/usb.o
                0x0000000008003400                usbInit
 .text.usbObjectInit
                0x0000000008003410       0x30 build/obj/usb.o
                0x0000000008003410                usbObjectInit
 .text.usbStart
                0x0000000008003440       0x90 build/obj/usb.o
                0x0000000008003440                usbStart
 .text.usbInitEndpointI
                0x00000000080034d0       0xa0 build/obj/usb.o
                0x00000000080034d0                usbInitEndpointI
 .text.usbPrepareReceive
                0x0000000008003570       0x50 build/obj/usb.o
                0x0000000008003570                usbPrepareReceive
 .text.usbPrepareTransmit
                0x00000000080035c0       0x50 build/obj/usb.o
                0x00000000080035c0                usbPrepareTransmit
 .text.usbPrepareQueuedReceive
                0x0000000008003610       0x50 build/obj/usb.o
                0x0000000008003610                usbPrepareQueuedReceive
 .text.usbPrepareQueuedTransmit
                0x0000000008003660       0x50 build/obj/usb.o
                0x0000000008003660                usbPrepareQueuedTransmit
 .text.usbStartReceiveI
                0x00000000080036b0       0x70 build/obj/usb.o
                0x00000000080036b0                usbStartReceiveI
 .text.usbStartTransmitI
                0x0000000008003720       0x70 build/obj/usb.o
                0x0000000008003720                usbStartTransmitI
 .text._usb_reset
                0x0000000008003790       0x60 build/obj/usb.o
                0x0000000008003790                _usb_reset
 .text._usb_ep0setup
                0x00000000080037f0      0x1a0 build/obj/usb.o
                0x00000000080037f0                _usb_ep0setup
 .text._usb_ep0in
                0x0000000008003990      0x100 build/obj/usb.o
                0x0000000008003990                _usb_ep0in
 .text._usb_ep0out
                0x0000000008003a90       0xb0 build/obj/usb.o
                0x0000000008003a90                _usb_ep0out
 .text.hal_lld_backup_domain_init
                0x0000000008003b40       0x60 build/obj/hal_lld.o
 .text.hal_lld_init
                0x0000000008003ba0       0xb0 build/obj/hal_lld.o
                0x0000000008003ba0                hal_lld_init
 .text.stm32_clock_init
                0x0000000008003c50       0xf0 build/obj/hal_lld.o
                0x0000000008003c50                stm32_clock_init
 .text.gpt_lld_serve_interrupt
                0x0000000008003d40       0x40 build/obj/gpt_lld.o
 .text.VectorA4
                0x0000000008003d80       0x20 build/obj/gpt_lld.o
                0x0000000008003d80                VectorA4
 .text.VectorB0
                0x0000000008003da0       0x20 build/obj/gpt_lld.o
                0x0000000008003da0                VectorB0
 .text.gpt_lld_init
                0x0000000008003dc0       0x30 build/obj/gpt_lld.o
                0x0000000008003dc0                gpt_lld_init
 .text.gpt_lld_stop_timer
                0x0000000008003df0       0x20 build/obj/gpt_lld.o
                0x0000000008003df0                gpt_lld_stop_timer
 .text.initgpio
                0x0000000008003e10       0x50 build/obj/pal_lld.o
 .text._pal_lld_init
                0x0000000008003e60       0xc0 build/obj/pal_lld.o
                0x0000000008003e60                _pal_lld_init
 .text.fifo_remove
                0x0000000008003f20       0x30 build/obj/usb_lld.o
 .text.usb_lld_wakeup_pump
                0x0000000008003f50       0x30 build/obj/usb_lld.o
 .text.otg_core_reset
                0x0000000008003f80       0x40 build/obj/usb_lld.o
 .text.otg_disable_ep
                0x0000000008003fc0      0x110 build/obj/usb_lld.o
 .text.otg_rxfifo_flush
                0x00000000080040d0       0x30 build/obj/usb_lld.o
 .text.otg_txfifo_flush
                0x0000000008004100       0x40 build/obj/usb_lld.o
 .text.otg_ram_reset
                0x0000000008004140       0x20 build/obj/usb_lld.o
 .text.otg_ram_alloc
                0x0000000008004160       0x40 build/obj/usb_lld.o
 .text.otg_do_push
                0x00000000080041a0       0x30 build/obj/usb_lld.o
 .text.otg_fifo_write_from_buffer
                0x00000000080041d0       0x20 build/obj/usb_lld.o
 .text.otg_fifo_write_from_queue
                0x00000000080041f0      0x130 build/obj/usb_lld.o
 .text.otg_do_pop
                0x0000000008004320       0x30 build/obj/usb_lld.o
 .text.otg_fifo_read_to_buffer
                0x0000000008004350       0x50 build/obj/usb_lld.o
 .text.otg_fifo_read_to_queue
                0x00000000080043a0      0x110 build/obj/usb_lld.o
 .text.otg_rxfifo_handler
                0x00000000080044b0      0x130 build/obj/usb_lld.o
 .text.otg_txfifo_handler
                0x00000000080045e0      0x160 build/obj/usb_lld.o
 .text.otg_epin_handler
                0x0000000008004740      0x100 build/obj/usb_lld.o
 .text.otg_epout_handler
                0x0000000008004840       0xc0 build/obj/usb_lld.o
 .text.usb_lld_serve_interrupt
                0x0000000008004900      0x160 build/obj/usb_lld.o
 .text.usb_lld_pump
                0x0000000008004a60      0x140 build/obj/usb_lld.o
 .text.Vector14C
                0x0000000008004ba0       0x20 build/obj/usb_lld.o
                0x0000000008004ba0                Vector14C
 .text.usb_lld_init
                0x0000000008004bc0       0x60 build/obj/usb_lld.o
                0x0000000008004bc0                usb_lld_init
 .text.usb_lld_start
                0x0000000008004c20      0x110 build/obj/usb_lld.o
                0x0000000008004c20                usb_lld_start
 .text.usb_lld_reset
                0x0000000008004d30      0x130 build/obj/usb_lld.o
                0x0000000008004d30                usb_lld_reset
 .text.usb_lld_set_address
                0x0000000008004e60       0x30 build/obj/usb_lld.o
                0x0000000008004e60                usb_lld_set_address
 .text.usb_lld_init_endpoint
                0x0000000008004e90      0x240 build/obj/usb_lld.o
                0x0000000008004e90                usb_lld_init_endpoint
 .text.usb_lld_get_status_out
                0x00000000080050d0       0x40 build/obj/usb_lld.o
                0x00000000080050d0                usb_lld_get_status_out
 .text.usb_lld_get_status_in
                0x0000000008005110       0x40 build/obj/usb_lld.o
                0x0000000008005110                usb_lld_get_status_in
 .text.usb_lld_read_setup
                0x0000000008005150       0x30 build/obj/usb_lld.o
                0x0000000008005150                usb_lld_read_setup
 .text.usb_lld_prepare_receive
                0x0000000008005180       0x80 build/obj/usb_lld.o
                0x0000000008005180                usb_lld_prepare_receive
 .text.usb_lld_prepare_transmit
                0x0000000008005200       0xa0 build/obj/usb_lld.o
                0x0000000008005200                usb_lld_prepare_transmit
 .text.usb_lld_start_out
                0x00000000080052a0       0x40 build/obj/usb_lld.o
                0x00000000080052a0                usb_lld_start_out
 .text.usb_lld_start_in
                0x00000000080052e0       0x50 build/obj/usb_lld.o
                0x00000000080052e0                usb_lld_start_in
 .text.usb_lld_stall_out
                0x0000000008005330       0x40 build/obj/usb_lld.o
                0x0000000008005330                usb_lld_stall_out
 .text.usb_lld_stall_in
                0x0000000008005370       0x40 build/obj/usb_lld.o
                0x0000000008005370                usb_lld_stall_in
 .text.usb_lld_clear_out
                0x00000000080053b0       0x40 build/obj/usb_lld.o
                0x00000000080053b0                usb_lld_clear_out
 .text.usb_lld_clear_in
                0x00000000080053f0       0x40 build/obj/usb_lld.o
                0x00000000080053f0                usb_lld_clear_in
 .text._strtok  0x0000000008005430       0x70 build/obj/shell.o
 .text.usage    0x00000000080054a0       0x20 build/obj/shell.o
 .text.list_commands
                0x00000000080054c0       0x30 build/obj/shell.o
 .text.cmd_info
                0x00000000080054f0       0xd0 build/obj/shell.o
 .text.cmd_systime
                0x00000000080055c0       0x40 build/obj/shell.o
 .text.cmdexec  0x0000000008005600       0x50 build/obj/shell.o
 .text.shell_thread
                0x0000000008005650      0x1c0 build/obj/shell.o
 .text.shellCreate
                0x0000000008005810       0x30 build/obj/shell.o
                0x0000000008005810                shellCreate
 .text.shellGetLine
                0x0000000008005840       0xf0 build/obj/shell.o
                0x0000000008005840                shellGetLine
 .text.long_to_string_with_divisor
                0x0000000008005930       0xa0 build/obj/chprintf.o
 .text.ltoa     0x00000000080059d0       0x20 build/obj/chprintf.o
 .text.chprintf
                0x00000000080059f0      0x420 build/obj/chprintf.o
                0x00000000080059f0                chprintf
 .text.atoi     0x0000000008005e10        0x8 /usr/lib/gcc/arm-none-eabi/4.8/../../../arm-none-eabi/lib/armv7e-m/libc.a(lib_a-atoi.o)
                0x0000000008005e10                atoi
 *fill*         0x0000000008005e18        0x8 
 .text.memset   0x0000000008005e20       0x94 /usr/lib/gcc/arm-none-eabi/4.8/../../../arm-none-eabi/lib/armv7e-m/libc.a(lib_a-memset.o)
                0x0000000008005e20                memset
 *fill*         0x0000000008005eb4        0xc 
 .text.strcasecmp
                0x0000000008005ec0       0x44 /usr/lib/gcc/arm-none-eabi/4.8/../../../arm-none-eabi/lib/armv7e-m/libc.a(lib_a-strcasecmp.o)
                0x0000000008005ec0                strcasecmp
 *fill*         0x0000000008005f04        0xc 
 .text.strpbrk  0x0000000008005f10       0x50 /usr/lib/gcc/arm-none-eabi/4.8/../../../arm-none-eabi/lib/armv7e-m/libc.a(lib_a-strpbrk.o)
                0x0000000008005f10                strpbrk
 .text.strspn   0x0000000008005f60       0x40 /usr/lib/gcc/arm-none-eabi/4.8/../../../arm-none-eabi/lib/armv7e-m/libc.a(lib_a-strspn.o)
                0x0000000008005f60                strspn
 .text._strtol_r
                0x0000000008005fa0      0x114 /usr/lib/gcc/arm-none-eabi/4.8/../../../arm-none-eabi/lib/armv7e-m/libc.a(lib_a-strtol.o)
                0x0000000008005fa0                _strtol_r
 *fill*         0x00000000080060b4        0xc 
 .text.strtol   0x00000000080060c0       0x18 /usr/lib/gcc/arm-none-eabi/4.8/../../../arm-none-eabi/lib/armv7e-m/libc.a(lib_a-strtol.o)
                0x00000000080060c0                strtol
 *(.rodata)
 *fill*         0x00000000080060d8        0x8 
 .rodata        0x00000000080060e0       0x5c build/obj/main.o
 *fill*         0x000000000800613c        0x4 
 .rodata        0x0000000008006140      0x290 build/obj/myMisc.o
 .rodata        0x00000000080063d0        0x8 build/obj/chsys.o
 *fill*         0x00000000080063d8        0x8 
 .rodata        0x00000000080063e0       0x58 build/obj/chdebug.o
 *fill*         0x0000000008006438        0x8 
 .rodata        0x0000000008006440       0x34 build/obj/chvt.o
 *fill*         0x0000000008006474        0xc 
 .rodata        0x0000000008006480       0x24 build/obj/chschd.o
 *fill*         0x00000000080064a4        0xc 
 .rodata        0x00000000080064b0       0x94 build/obj/chthreads.o
 *fill*         0x0000000008006544        0xc 
 .rodata        0x0000000008006550       0x48 build/obj/chdynamic.o
 *fill*         0x0000000008006598        0x8 
 .rodata        0x00000000080065a0       0x18 build/obj/chregistry.o
 *fill*         0x00000000080065b8        0x8 
 .rodata        0x00000000080065c0       0xac build/obj/chmtx.o
 *fill*         0x000000000800666c        0x4 
 .rodata        0x0000000008006670       0x90 build/obj/chevents.o
 .rodata        0x0000000008006700       0x2c build/obj/chqueues.o
 *fill*         0x000000000800672c        0x4 
 .rodata        0x0000000008006730       0x34 build/obj/chheap.o
 *fill*         0x0000000008006764        0xc 
 .rodata        0x0000000008006770       0x48 build/obj/chmempools.o
 *fill*         0x00000000080067b8        0x8 
 .rodata        0x00000000080067c0       0x3c build/obj/serial_usb.o
 *fill*         0x00000000080067fc        0x4 
 .rodata        0x0000000008006800      0x124 build/obj/usb.o
 *fill*         0x0000000008006924        0xc 
 .rodata        0x0000000008006930       0x28 build/obj/usb_lld.o
 *fill*         0x0000000008006958        0x8 
 .rodata        0x0000000008006960      0x218 build/obj/shell.o
 *fill*         0x0000000008006b78        0x8 
 .rodata        0x0000000008006b80        0x8 build/obj/chprintf.o
 *(.rodata.*)
 *fill*         0x0000000008006b88        0x8 
 .rodata.commands
                0x0000000008006b90       0x70 build/obj/main.o
 .rodata.shell_cfg1
                0x0000000008006c00        0x8 build/obj/main.o
 *fill*         0x0000000008006c08        0x8 
 .rodata.vcom_device_descriptor_data
                0x0000000008006c10       0x14 build/obj/usbcfg.o
 *fill*         0x0000000008006c24        0xc 
 .rodata.vcom_device_descriptor
                0x0000000008006c30        0x8 build/obj/usbcfg.o
 *fill*         0x0000000008006c38        0x8 
 .rodata.vcom_configuration_descriptor_data
                0x0000000008006c40       0x44 build/obj/usbcfg.o
 *fill*         0x0000000008006c84        0xc 
 .rodata.vcom_configuration_descriptor
                0x0000000008006c90        0x8 build/obj/usbcfg.o
 *fill*         0x0000000008006c98        0x8 
 .rodata.vcom_string0
                0x0000000008006ca0        0x4 build/obj/usbcfg.o
 *fill*         0x0000000008006ca4        0xc 
 .rodata.vcom_string1
                0x0000000008006cb0       0x28 build/obj/usbcfg.o
 *fill*         0x0000000008006cd8        0x8 
 .rodata.vcom_string2
                0x0000000008006ce0       0x38 build/obj/usbcfg.o
 *fill*         0x0000000008006d18        0x8 
 .rodata.vcom_string3
                0x0000000008006d20        0x8 build/obj/usbcfg.o
 *fill*         0x0000000008006d28        0x8 
 .rodata.vcom_strings
                0x0000000008006d30       0x20 build/obj/usbcfg.o
 .rodata.ep1config
                0x0000000008006d50       0x24 build/obj/usbcfg.o
 *fill*         0x0000000008006d74        0xc 
 .rodata.ep2config
                0x0000000008006d80       0x24 build/obj/usbcfg.o
 *fill*         0x0000000008006da4        0xc 
 .rodata.usbcfg
                0x0000000008006db0       0x10 build/obj/usbcfg.o
                0x0000000008006db0                usbcfg
 .rodata.serusbcfg
                0x0000000008006dc0        0x4 build/obj/usbcfg.o
                0x0000000008006dc0                serusbcfg
 *fill*         0x0000000008006dc4        0xc 
 .rodata.pal_default_config
                0x0000000008006dd0       0xfc build/obj/board.o
                0x0000000008006dd0                pal_default_config
 *fill*         0x0000000008006ecc        0x4 
 .rodata.ch_debug
                0x0000000008006ed0       0x18 build/obj/chregistry.o
                0x0000000008006ed0                ch_debug
 *fill*         0x0000000008006ee8        0x8 
 .rodata.vmt    0x0000000008006ef0       0x20 build/obj/serial_usb.o
 .rodata.zero_status
                0x0000000008006f10        0x4 build/obj/usb.o
 *fill*         0x0000000008006f14        0xc 
 .rodata.active_status
                0x0000000008006f20        0x4 build/obj/usb.o
 *fill*         0x0000000008006f24        0xc 
 .rodata.halted_status
                0x0000000008006f30        0x4 build/obj/usb.o
 *fill*         0x0000000008006f34        0xc 
 .rodata.ep0config
                0x0000000008006f40       0x24 build/obj/usb_lld.o
 *fill*         0x0000000008006f64        0xc 
 .rodata.fsparams
                0x0000000008006f70        0xc build/obj/usb_lld.o
 *fill*         0x0000000008006f7c        0x4 
 .rodata._ctype_
                0x0000000008006f80      0x104 /usr/lib/gcc/arm-none-eabi/4.8/../../../arm-none-eabi/lib/armv7e-m/libc.a(lib_a-ctype_.o)
                0x0000000008006f80                _ctype_
 *fill*         0x0000000008007084        0xc 
 .rodata.str1.4
                0x0000000008007090        0x4 /usr/lib/gcc/arm-none-eabi/4.8/../../../arm-none-eabi/lib/armv7e-m/libc.a(lib_a-impure.o)
 *(.glue_7t)
 .glue_7t       0x0000000008007094        0x0 linker stubs
 *(.glue_7)
 .glue_7        0x0000000008007094        0x0 linker stubs
 *(.gcc*)

.vfp11_veneer   0x0000000008007094        0x0
 .vfp11_veneer  0x0000000008007094        0x0 linker stubs

.v4_bx          0x0000000008007094        0x0
 .v4_bx         0x0000000008007094        0x0 linker stubs

.iplt           0x0000000008007094        0x0
 .iplt          0x0000000008007094        0x0 build/obj/main.o

.rel.dyn        0x0000000008007094        0x0
 .rel.iplt      0x0000000008007094        0x0 build/obj/main.o

.ARM.extab
 *(.ARM.extab* .gnu.linkonce.armextab.*)

.ARM.exidx      0x0000000008007094        0x0
                0x0000000008007094                PROVIDE (__exidx_start, .)
 *(.ARM.exidx* .gnu.linkonce.armexidx.*)
                0x0000000008007094                PROVIDE (__exidx_end, .)

.eh_frame_hdr
 *(.eh_frame_hdr)

.eh_frame
 *(.eh_frame)

.textalign      0x0000000008007094        0x4
                0x0000000008007098                . = ALIGN (0x8)
 *fill*         0x0000000008007094        0x4 
                0x0000000008007098                _etext = .
                0x0000000008007098                _textdata = _etext

.stacks         0x0000000020000000      0x800
                0x0000000020000000                . = ALIGN (0x8)
                0x0000000020000000                __main_stack_base__ = .
                0x0000000020000400                . = (. + __main_stack_size__)
 *fill*         0x0000000020000000      0x400 
                0x0000000020000400                . = ALIGN (0x8)
                0x0000000020000400                __main_stack_end__ = .
                0x0000000020000400                __process_stack_base__ = .
                0x0000000020000400                __main_thread_stack_base__ = .
                0x0000000020000800                . = (. + __process_stack_size__)
 *fill*         0x0000000020000400      0x400 
                0x0000000020000800                . = ALIGN (0x8)
                0x0000000020000800                __process_stack_end__ = .
                0x0000000020000800                __main_thread_stack_end__ = .

.data           0x0000000020000800      0x4ac load address 0x0000000008007098
                0x0000000020000800                . = ALIGN (0x4)
                0x0000000020000800                PROVIDE (_data, .)
 *(.data)
                0x0000000020000800                . = ALIGN (0x4)
 *(.data.*)
 .data.blinkspeed
                0x0000000020000800        0x4 build/obj/myMisc.o
                0x0000000020000800                blinkspeed
 .data.blinkmin
                0x0000000020000804        0x4 build/obj/myMisc.o
                0x0000000020000804                blinkmin
 .data.blinkmax
                0x0000000020000808        0x4 build/obj/myMisc.o
                0x0000000020000808                blinkmax
 .data.states.7728
                0x000000002000080c       0x3c build/obj/myMisc.o
 .data.leds.7791
                0x0000000020000848       0x10 build/obj/myMisc.o
 .data.linecoding
                0x0000000020000858        0x8 build/obj/serial_usb.o
 .data.local_commands
                0x0000000020000860       0x18 build/obj/shell.o
 .data.__ctype_ptr__
                0x0000000020000878        0x4 /usr/lib/gcc/arm-none-eabi/4.8/../../../arm-none-eabi/lib/armv7e-m/libc.a(lib_a-ctype_.o)
                0x0000000020000878                __ctype_ptr__
 *fill*         0x000000002000087c        0x4 
 .data.impure_data
                0x0000000020000880      0x428 /usr/lib/gcc/arm-none-eabi/4.8/../../../arm-none-eabi/lib/armv7e-m/libc.a(lib_a-impure.o)
 .data._impure_ptr
                0x0000000020000ca8        0x4 /usr/lib/gcc/arm-none-eabi/4.8/../../../arm-none-eabi/lib/armv7e-m/libc.a(lib_a-impure.o)
                0x0000000020000ca8                _impure_ptr
                0x0000000020000cac                . = ALIGN (0x4)
 *(.ramtext)
                0x0000000020000cac                . = ALIGN (0x4)
                0x0000000020000cac                PROVIDE (_edata, .)

.igot.plt       0x0000000020000cac        0x0 load address 0x0000000008007544
 .igot.plt      0x0000000020000cac        0x0 build/obj/main.o

.bss            0x0000000020000cb0      0xc9c load address 0x0000000008007544
                0x0000000020000cb0                . = ALIGN (0x4)
                0x0000000020000cb0                PROVIDE (_bss_start, .)
 *(.bss)
                0x0000000020000cb0                . = ALIGN (0x4)
 *(.bss.*)
 .bss.SDU1      0x0000000020000cb0      0x258 build/obj/main.o
 .bss.dir       0x0000000020000f08        0x4 build/obj/myMisc.o
                0x0000000020000f08                dir
 *fill*         0x0000000020000f0c        0x4 
 .bss.waThread1
                0x0000000020000f10      0x1b8 build/obj/myMisc.o
 .bss.ep1instate
                0x00000000200010c8       0x10 build/obj/usbcfg.o
 .bss.ep1outstate
                0x00000000200010d8       0x10 build/obj/usbcfg.o
 .bss.ep2instate
                0x00000000200010e8       0x10 build/obj/usbcfg.o
 .bss._idle_thread_wa
                0x00000000200010f8      0x148 build/obj/chsys.o
                0x00000000200010f8                _idle_thread_wa
 .bss.mainthread.4881
                0x0000000020001240       0x4c build/obj/chsys.o
 .bss.dbg_isr_cnt
                0x000000002000128c        0x4 build/obj/chdebug.o
                0x000000002000128c                dbg_isr_cnt
 .bss.dbg_lock_cnt
                0x0000000020001290        0x4 build/obj/chdebug.o
                0x0000000020001290                dbg_lock_cnt
 .bss.dbg_trace_buffer
                0x0000000020001294      0x408 build/obj/chdebug.o
                0x0000000020001294                dbg_trace_buffer
 .bss.dbg_panic_msg
                0x000000002000169c        0x4 build/obj/chdebug.o
                0x000000002000169c                dbg_panic_msg
 .bss.vtlist    0x00000000200016a0       0x10 build/obj/chvt.o
                0x00000000200016a0                vtlist
 .bss.rlist     0x00000000200016b0       0x1c build/obj/chschd.o
                0x00000000200016b0                rlist
 .bss.nextmem   0x00000000200016cc        0x4 build/obj/chmemcore.o
 .bss.endmem    0x00000000200016d0        0x4 build/obj/chmemcore.o
 *fill*         0x00000000200016d4        0x4 
 .bss.default_heap
                0x00000000200016d8       0x20 build/obj/chheap.o
 .bss.measurement_offset
                0x00000000200016f8        0x4 build/obj/tm.o
 .bss.GPTD1     0x00000000200016fc       0x10 build/obj/gpt_lld.o
                0x00000000200016fc                GPTD1
 .bss.GPTD2     0x000000002000170c       0x10 build/obj/gpt_lld.o
                0x000000002000170c                GPTD2
 *fill*         0x000000002000171c        0x4 
 .bss.USBD1     0x0000000020001720      0x210 build/obj/usb_lld.o
                0x0000000020001720                USBD1
 .bss.ep0_state
                0x0000000020001930       0x10 build/obj/usb_lld.o
 .bss.ep0setup_buffer
                0x0000000020001940        0x8 build/obj/usb_lld.o
 .bss.shell_terminated
                0x0000000020001948        0x4 build/obj/shell.o
                0x0000000020001948                shell_terminated
                0x000000002000194c                . = ALIGN (0x4)
 *(COMMON)
                0x000000002000194c                . = ALIGN (0x4)
                0x000000002000194c                PROVIDE (_bss_end, .)
                0x000000002000194c                PROVIDE (end, .)
                0x000000002000194c                _end = .
                0x000000002000194c                __heap_base__ = _end
                0x000000002001c000                __heap_end__ = __ram_end__
OUTPUT(build/ch.elf elf32-littlearm)

.debug_info     0x0000000000000000    0x158b6
 .debug_info    0x0000000000000000     0x14d3 build/obj/main.o
 .debug_info    0x00000000000014d3     0x1921 build/obj/myMisc.o
 .debug_info    0x0000000000002df4     0x12e8 build/obj/usbcfg.o
 .debug_info    0x00000000000040dc      0x1d7 build/obj/board.o
 .debug_info    0x00000000000042b3      0x47b build/obj/crt0.o
 .debug_info    0x000000000000472e       0xaf build/obj/vectors.o
 .debug_info    0x00000000000047dd       0x87 build/obj/chcore.o
 .debug_info    0x0000000000004864      0x9b1 build/obj/chcore_v7m.o
 .debug_info    0x0000000000005215      0x3f3 build/obj/nvic.o
 .debug_info    0x0000000000005608      0x820 build/obj/chsys.o
 .debug_info    0x0000000000005e28      0x837 build/obj/chdebug.o
 .debug_info    0x000000000000665f      0x25d build/obj/chvt.o
 .debug_info    0x00000000000068bc      0x889 build/obj/chschd.o
 .debug_info    0x0000000000007145      0xae1 build/obj/chthreads.o
 .debug_info    0x0000000000007c26      0x7f8 build/obj/chdynamic.o
 .debug_info    0x000000000000841e      0x6fe build/obj/chregistry.o
 .debug_info    0x0000000000008b1c      0x8a0 build/obj/chmtx.o
 .debug_info    0x00000000000093bc      0xd1b build/obj/chevents.o
 .debug_info    0x000000000000a0d7      0xb03 build/obj/chqueues.o
 .debug_info    0x000000000000abda      0x1d3 build/obj/chmemcore.o
 .debug_info    0x000000000000adad      0x6ee build/obj/chheap.o
 .debug_info    0x000000000000b49b      0x2e0 build/obj/chmempools.o
 .debug_info    0x000000000000b77b      0x2e5 build/obj/hal.o
 .debug_info    0x000000000000ba60      0x63e build/obj/gpt.o
 .debug_info    0x000000000000c09e     0x19b2 build/obj/serial_usb.o
 .debug_info    0x000000000000da50      0x265 build/obj/tm.o
 .debug_info    0x000000000000dcb5     0x1769 build/obj/usb.o
 .debug_info    0x000000000000f41e      0x458 build/obj/hal_lld.o
 .debug_info    0x000000000000f876      0x8d7 build/obj/gpt_lld.o
 .debug_info    0x000000000001014d      0x594 build/obj/pal_lld.o
 .debug_info    0x00000000000106e1     0x21ae build/obj/usb_lld.o
 .debug_info    0x000000000001288f      0xbb0 build/obj/shell.o
 .debug_info    0x000000000001343f      0x39f build/obj/chprintf.o
 .debug_info    0x00000000000137de      0x941 /usr/lib/gcc/arm-none-eabi/4.8/../../../arm-none-eabi/lib/armv7e-m/libc.a(lib_a-atoi.o)
 .debug_info    0x000000000001411f       0xd7 /usr/lib/gcc/arm-none-eabi/4.8/../../../arm-none-eabi/lib/armv7e-m/libc.a(lib_a-memcpy.o)
 .debug_info    0x00000000000141f6      0x117 /usr/lib/gcc/arm-none-eabi/4.8/../../../arm-none-eabi/lib/armv7e-m/libc.a(lib_a-memset.o)
 .debug_info    0x000000000001430d      0x15d /usr/lib/gcc/arm-none-eabi/4.8/../../../arm-none-eabi/lib/armv7e-m/libc.a(lib_a-strcasecmp.o)
 .debug_info    0x000000000001446a       0xc8 /usr/lib/gcc/arm-none-eabi/4.8/../../../arm-none-eabi/lib/armv7e-m/libc.a(lib_a-strpbrk.o)
 .debug_info    0x0000000000014532       0xda /usr/lib/gcc/arm-none-eabi/4.8/../../../arm-none-eabi/lib/armv7e-m/libc.a(lib_a-strspn.o)
 .debug_info    0x000000000001460c      0x9a7 /usr/lib/gcc/arm-none-eabi/4.8/../../../arm-none-eabi/lib/armv7e-m/libc.a(lib_a-strtol.o)
 .debug_info    0x0000000000014fb3       0x6f /usr/lib/gcc/arm-none-eabi/4.8/../../../arm-none-eabi/lib/armv7e-m/libc.a(lib_a-ctype_.o)
 .debug_info    0x0000000000015022      0x894 /usr/lib/gcc/arm-none-eabi/4.8/../../../arm-none-eabi/lib/armv7e-m/libc.a(lib_a-impure.o)

.debug_abbrev   0x0000000000000000     0x3d24
 .debug_abbrev  0x0000000000000000      0x1fd build/obj/main.o
 .debug_abbrev  0x00000000000001fd      0x281 build/obj/myMisc.o
 .debug_abbrev  0x000000000000047e      0x234 build/obj/usbcfg.o
 .debug_abbrev  0x00000000000006b2       0xc2 build/obj/board.o
 .debug_abbrev  0x0000000000000774       0xfe build/obj/crt0.o
 .debug_abbrev  0x0000000000000872       0x73 build/obj/vectors.o
 .debug_abbrev  0x00000000000008e5       0x40 build/obj/chcore.o
 .debug_abbrev  0x0000000000000925      0x184 build/obj/chcore_v7m.o
 .debug_abbrev  0x0000000000000aa9      0x10c build/obj/nvic.o
 .debug_abbrev  0x0000000000000bb5      0x189 build/obj/chsys.o
 .debug_abbrev  0x0000000000000d3e      0x1e6 build/obj/chdebug.o
 .debug_abbrev  0x0000000000000f24      0x122 build/obj/chvt.o
 .debug_abbrev  0x0000000000001046      0x200 build/obj/chschd.o
 .debug_abbrev  0x0000000000001246      0x228 build/obj/chthreads.o
 .debug_abbrev  0x000000000000146e      0x179 build/obj/chdynamic.o
 .debug_abbrev  0x00000000000015e7      0x147 build/obj/chregistry.o
 .debug_abbrev  0x000000000000172e      0x1c4 build/obj/chmtx.o
 .debug_abbrev  0x00000000000018f2      0x1fa build/obj/chevents.o
 .debug_abbrev  0x0000000000001aec      0x240 build/obj/chqueues.o
 .debug_abbrev  0x0000000000001d2c       0xf5 build/obj/chmemcore.o
 .debug_abbrev  0x0000000000001e21      0x17d build/obj/chheap.o
 .debug_abbrev  0x0000000000001f9e      0x120 build/obj/chmempools.o
 .debug_abbrev  0x00000000000020be      0x125 build/obj/hal.o
 .debug_abbrev  0x00000000000021e3      0x16b build/obj/gpt.o
 .debug_abbrev  0x000000000000234e      0x308 build/obj/serial_usb.o
 .debug_abbrev  0x0000000000002656      0x126 build/obj/tm.o
 .debug_abbrev  0x000000000000277c      0x2a7 build/obj/usb.o
 .debug_abbrev  0x0000000000002a23      0x100 build/obj/hal_lld.o
 .debug_abbrev  0x0000000000002b23      0x1b8 build/obj/gpt_lld.o
 .debug_abbrev  0x0000000000002cdb      0x16e build/obj/pal_lld.o
 .debug_abbrev  0x0000000000002e49      0x399 build/obj/usb_lld.o
 .debug_abbrev  0x00000000000031e2      0x1df build/obj/shell.o
 .debug_abbrev  0x00000000000033c1      0x153 build/obj/chprintf.o
 .debug_abbrev  0x0000000000003514      0x1d1 /usr/lib/gcc/arm-none-eabi/4.8/../../../arm-none-eabi/lib/armv7e-m/libc.a(lib_a-atoi.o)
 .debug_abbrev  0x00000000000036e5       0x14 /usr/lib/gcc/arm-none-eabi/4.8/../../../arm-none-eabi/lib/armv7e-m/libc.a(lib_a-memcpy.o)
 .debug_abbrev  0x00000000000036f9       0x9f /usr/lib/gcc/arm-none-eabi/4.8/../../../arm-none-eabi/lib/armv7e-m/libc.a(lib_a-memset.o)
 .debug_abbrev  0x0000000000003798       0xa8 /usr/lib/gcc/arm-none-eabi/4.8/../../../arm-none-eabi/lib/armv7e-m/libc.a(lib_a-strcasecmp.o)
 .debug_abbrev  0x0000000000003840       0x81 /usr/lib/gcc/arm-none-eabi/4.8/../../../arm-none-eabi/lib/armv7e-m/libc.a(lib_a-strpbrk.o)
 .debug_abbrev  0x00000000000038c1       0x8e /usr/lib/gcc/arm-none-eabi/4.8/../../../arm-none-eabi/lib/armv7e-m/libc.a(lib_a-strspn.o)
 .debug_abbrev  0x000000000000394f      0x207 /usr/lib/gcc/arm-none-eabi/4.8/../../../arm-none-eabi/lib/armv7e-m/libc.a(lib_a-strtol.o)
 .debug_abbrev  0x0000000000003b56       0x4e /usr/lib/gcc/arm-none-eabi/4.8/../../../arm-none-eabi/lib/armv7e-m/libc.a(lib_a-ctype_.o)
 .debug_abbrev  0x0000000000003ba4      0x180 /usr/lib/gcc/arm-none-eabi/4.8/../../../arm-none-eabi/lib/armv7e-m/libc.a(lib_a-impure.o)

.debug_aranges  0x0000000000000000      0xca0
 .debug_aranges
                0x0000000000000000       0x20 build/obj/main.o
 .debug_aranges
                0x0000000000000020       0x80 build/obj/myMisc.o
 .debug_aranges
                0x00000000000000a0       0x28 build/obj/usbcfg.o
 .debug_aranges
                0x00000000000000c8       0x28 build/obj/board.o
 .debug_aranges
                0x00000000000000f0       0x38 build/obj/crt0.o
 .debug_aranges
                0x0000000000000128       0x20 build/obj/vectors.o
 .debug_aranges
                0x0000000000000148       0x20 build/obj/chcore.o
 .debug_aranges
                0x0000000000000168       0x50 build/obj/chcore_v7m.o
 .debug_aranges
                0x00000000000001b8       0x30 build/obj/nvic.o
 .debug_aranges
                0x00000000000001e8       0x30 build/obj/chsys.o
 .debug_aranges
                0x0000000000000218       0x88 build/obj/chdebug.o
 .debug_aranges
                0x00000000000002a0       0x38 build/obj/chvt.o
 .debug_aranges
                0x00000000000002d8       0x78 build/obj/chschd.o
 .debug_aranges
                0x0000000000000350       0x90 build/obj/chthreads.o
 .debug_aranges
                0x00000000000003e0       0x38 build/obj/chdynamic.o
 .debug_aranges
                0x0000000000000418       0x28 build/obj/chregistry.o
 .debug_aranges
                0x0000000000000440       0x70 build/obj/chmtx.o
 .debug_aranges
                0x00000000000004b0       0xa0 build/obj/chevents.o
 .debug_aranges
                0x0000000000000550       0x80 build/obj/chqueues.o
 .debug_aranges
                0x00000000000005d0       0x38 build/obj/chmemcore.o
 .debug_aranges
                0x0000000000000608       0x40 build/obj/chheap.o
 .debug_aranges
                0x0000000000000648       0x48 build/obj/chmempools.o
 .debug_aranges
                0x0000000000000690       0x30 build/obj/hal.o
 .debug_aranges
                0x00000000000006c0       0x70 build/obj/gpt.o
 .debug_aranges
                0x0000000000000730       0xb0 build/obj/serial_usb.o
 .debug_aranges
                0x00000000000007e0       0x38 build/obj/tm.o
 .debug_aranges
                0x0000000000000818       0xb8 build/obj/usb.o
 .debug_aranges
                0x00000000000008d0       0x30 build/obj/hal_lld.o
 .debug_aranges
                0x0000000000000900       0x60 build/obj/gpt_lld.o
 .debug_aranges
                0x0000000000000960       0x30 build/obj/pal_lld.o
 .debug_aranges
                0x0000000000000990      0x150 build/obj/usb_lld.o
 .debug_aranges
                0x0000000000000ae0       0x70 build/obj/shell.o
 .debug_aranges
                0x0000000000000b50       0x30 build/obj/chprintf.o
 .debug_aranges
                0x0000000000000b80       0x28 /usr/lib/gcc/arm-none-eabi/4.8/../../../arm-none-eabi/lib/armv7e-m/libc.a(lib_a-atoi.o)
 .debug_aranges
                0x0000000000000ba8       0x20 /usr/lib/gcc/arm-none-eabi/4.8/../../../arm-none-eabi/lib/armv7e-m/libc.a(lib_a-memcpy.o)
 .debug_aranges
                0x0000000000000bc8       0x20 /usr/lib/gcc/arm-none-eabi/4.8/../../../arm-none-eabi/lib/armv7e-m/libc.a(lib_a-memset.o)
 .debug_aranges
                0x0000000000000be8       0x20 /usr/lib/gcc/arm-none-eabi/4.8/../../../arm-none-eabi/lib/armv7e-m/libc.a(lib_a-strcasecmp.o)
 .debug_aranges
                0x0000000000000c08       0x20 /usr/lib/gcc/arm-none-eabi/4.8/../../../arm-none-eabi/lib/armv7e-m/libc.a(lib_a-strpbrk.o)
 .debug_aranges
                0x0000000000000c28       0x20 /usr/lib/gcc/arm-none-eabi/4.8/../../../arm-none-eabi/lib/armv7e-m/libc.a(lib_a-strspn.o)
 .debug_aranges
                0x0000000000000c48       0x28 /usr/lib/gcc/arm-none-eabi/4.8/../../../arm-none-eabi/lib/armv7e-m/libc.a(lib_a-strtol.o)
 .debug_aranges
                0x0000000000000c70       0x18 /usr/lib/gcc/arm-none-eabi/4.8/../../../arm-none-eabi/lib/armv7e-m/libc.a(lib_a-ctype_.o)
 .debug_aranges
                0x0000000000000c88       0x18 /usr/lib/gcc/arm-none-eabi/4.8/../../../arm-none-eabi/lib/armv7e-m/libc.a(lib_a-impure.o)

.debug_ranges   0x0000000000000000      0x9e0
 .debug_ranges  0x0000000000000000       0x10 build/obj/main.o
 .debug_ranges  0x0000000000000010       0x70 build/obj/myMisc.o
 .debug_ranges  0x0000000000000080       0x18 build/obj/usbcfg.o
 .debug_ranges  0x0000000000000098       0x18 build/obj/board.o
 .debug_ranges  0x00000000000000b0       0x28 build/obj/crt0.o
 .debug_ranges  0x00000000000000d8       0x10 build/obj/vectors.o
 .debug_ranges  0x00000000000000e8       0x10 build/obj/chcore.o
 .debug_ranges  0x00000000000000f8       0x40 build/obj/chcore_v7m.o
 .debug_ranges  0x0000000000000138       0x20 build/obj/nvic.o
 .debug_ranges  0x0000000000000158       0x20 build/obj/chsys.o
 .debug_ranges  0x0000000000000178       0x78 build/obj/chdebug.o
 .debug_ranges  0x00000000000001f0       0x28 build/obj/chvt.o
 .debug_ranges  0x0000000000000218       0x68 build/obj/chschd.o
 .debug_ranges  0x0000000000000280       0x80 build/obj/chthreads.o
 .debug_ranges  0x0000000000000300       0x28 build/obj/chdynamic.o
 .debug_ranges  0x0000000000000328       0x18 build/obj/chregistry.o
 .debug_ranges  0x0000000000000340       0x60 build/obj/chmtx.o
 .debug_ranges  0x00000000000003a0       0x90 build/obj/chevents.o
 .debug_ranges  0x0000000000000430       0x70 build/obj/chqueues.o
 .debug_ranges  0x00000000000004a0       0x28 build/obj/chmemcore.o
 .debug_ranges  0x00000000000004c8       0x30 build/obj/chheap.o
 .debug_ranges  0x00000000000004f8       0x38 build/obj/chmempools.o
 .debug_ranges  0x0000000000000530       0x20 build/obj/hal.o
 .debug_ranges  0x0000000000000550       0x60 build/obj/gpt.o
 .debug_ranges  0x00000000000005b0       0xa0 build/obj/serial_usb.o
 .debug_ranges  0x0000000000000650       0x28 build/obj/tm.o
 .debug_ranges  0x0000000000000678       0xa8 build/obj/usb.o
 .debug_ranges  0x0000000000000720       0x20 build/obj/hal_lld.o
 .debug_ranges  0x0000000000000740       0x50 build/obj/gpt_lld.o
 .debug_ranges  0x0000000000000790       0x20 build/obj/pal_lld.o
 .debug_ranges  0x00000000000007b0      0x140 build/obj/usb_lld.o
 .debug_ranges  0x00000000000008f0       0x60 build/obj/shell.o
 .debug_ranges  0x0000000000000950       0x20 build/obj/chprintf.o
 .debug_ranges  0x0000000000000970       0x18 /usr/lib/gcc/arm-none-eabi/4.8/../../../arm-none-eabi/lib/armv7e-m/libc.a(lib_a-atoi.o)
 .debug_ranges  0x0000000000000988       0x10 /usr/lib/gcc/arm-none-eabi/4.8/../../../arm-none-eabi/lib/armv7e-m/libc.a(lib_a-memset.o)
 .debug_ranges  0x0000000000000998       0x10 /usr/lib/gcc/arm-none-eabi/4.8/../../../arm-none-eabi/lib/armv7e-m/libc.a(lib_a-strcasecmp.o)
 .debug_ranges  0x00000000000009a8       0x10 /usr/lib/gcc/arm-none-eabi/4.8/../../../arm-none-eabi/lib/armv7e-m/libc.a(lib_a-strpbrk.o)
 .debug_ranges  0x00000000000009b8       0x10 /usr/lib/gcc/arm-none-eabi/4.8/../../../arm-none-eabi/lib/armv7e-m/libc.a(lib_a-strspn.o)
 .debug_ranges  0x00000000000009c8       0x18 /usr/lib/gcc/arm-none-eabi/4.8/../../../arm-none-eabi/lib/armv7e-m/libc.a(lib_a-strtol.o)

.debug_line     0x0000000000000000     0x5aad
 .debug_line    0x0000000000000000      0x299 build/obj/main.o
 .debug_line    0x0000000000000299      0x41b build/obj/myMisc.o
 .debug_line    0x00000000000006b4      0x252 build/obj/usbcfg.o
 .debug_line    0x0000000000000906      0x122 build/obj/board.o
 .debug_line    0x0000000000000a28      0x16e build/obj/crt0.o
 .debug_line    0x0000000000000b96       0x72 build/obj/vectors.o
 .debug_line    0x0000000000000c08       0x67 build/obj/chcore.o
 .debug_line    0x0000000000000c6f      0x207 build/obj/chcore_v7m.o
 .debug_line    0x0000000000000e76       0xed build/obj/nvic.o
 .debug_line    0x0000000000000f63      0x1af build/obj/chsys.o
 .debug_line    0x0000000000001112      0x2b9 build/obj/chdebug.o
 .debug_line    0x00000000000013cb      0x1a5 build/obj/chvt.o
 .debug_line    0x0000000000001570      0x2e3 build/obj/chschd.o
 .debug_line    0x0000000000001853      0x344 build/obj/chthreads.o
 .debug_line    0x0000000000001b97      0x21b build/obj/chdynamic.o
 .debug_line    0x0000000000001db2      0x1ba build/obj/chregistry.o
 .debug_line    0x0000000000001f6c      0x2f9 build/obj/chmtx.o
 .debug_line    0x0000000000002265      0x34d build/obj/chevents.o
 .debug_line    0x00000000000025b2      0x335 build/obj/chqueues.o
 .debug_line    0x00000000000028e7      0x123 build/obj/chmemcore.o
 .debug_line    0x0000000000002a0a      0x25d build/obj/chheap.o
 .debug_line    0x0000000000002c67      0x1d1 build/obj/chmempools.o
 .debug_line    0x0000000000002e38      0x238 build/obj/hal.o
 .debug_line    0x0000000000003070      0x287 build/obj/gpt.o
 .debug_line    0x00000000000032f7      0x42a build/obj/serial_usb.o
 .debug_line    0x0000000000003721      0x1d0 build/obj/tm.o
 .debug_line    0x00000000000038f1      0x55c build/obj/usb.o
 .debug_line    0x0000000000003e4d      0x1c1 build/obj/hal_lld.o
 .debug_line    0x000000000000400e      0x257 build/obj/gpt_lld.o
 .debug_line    0x0000000000004265      0x1a3 build/obj/pal_lld.o
 .debug_line    0x0000000000004408      0x7cc build/obj/usb_lld.o
 .debug_line    0x0000000000004bd4      0x329 build/obj/shell.o
 .debug_line    0x0000000000004efd      0x252 build/obj/chprintf.o
 .debug_line    0x000000000000514f      0x172 /usr/lib/gcc/arm-none-eabi/4.8/../../../arm-none-eabi/lib/armv7e-m/libc.a(lib_a-atoi.o)
 .debug_line    0x00000000000052c1       0xb8 /usr/lib/gcc/arm-none-eabi/4.8/../../../arm-none-eabi/lib/armv7e-m/libc.a(lib_a-memcpy.o)
 .debug_line    0x0000000000005379      0x127 /usr/lib/gcc/arm-none-eabi/4.8/../../../arm-none-eabi/lib/armv7e-m/libc.a(lib_a-memset.o)
 .debug_line    0x00000000000054a0       0xe5 /usr/lib/gcc/arm-none-eabi/4.8/../../../arm-none-eabi/lib/armv7e-m/libc.a(lib_a-strcasecmp.o)
 .debug_line    0x0000000000005585       0xd6 /usr/lib/gcc/arm-none-eabi/4.8/../../../arm-none-eabi/lib/armv7e-m/libc.a(lib_a-strpbrk.o)
 .debug_line    0x000000000000565b       0xfc /usr/lib/gcc/arm-none-eabi/4.8/../../../arm-none-eabi/lib/armv7e-m/libc.a(lib_a-strspn.o)
 .debug_line    0x0000000000005757      0x1e9 /usr/lib/gcc/arm-none-eabi/4.8/../../../arm-none-eabi/lib/armv7e-m/libc.a(lib_a-strtol.o)
 .debug_line    0x0000000000005940       0x78 /usr/lib/gcc/arm-none-eabi/4.8/../../../arm-none-eabi/lib/armv7e-m/libc.a(lib_a-ctype_.o)
 .debug_line    0x00000000000059b8       0xf5 /usr/lib/gcc/arm-none-eabi/4.8/../../../arm-none-eabi/lib/armv7e-m/libc.a(lib_a-impure.o)

.debug_str      0x0000000000000000     0x38bf
 .debug_str     0x0000000000000000      0xafe build/obj/main.o
                                        0xc00 (size before relaxing)
 .debug_str     0x0000000000000afe      0x191 build/obj/myMisc.o
                                        0xd27 (size before relaxing)
 .debug_str     0x0000000000000c8f      0x125 build/obj/usbcfg.o
                                        0xbad (size before relaxing)
 .debug_str     0x0000000000000db4       0xb3 build/obj/board.o
                                        0x2bd (size before relaxing)
 .debug_str     0x0000000000000e67      0x1b3 build/obj/crt0.o
                                        0x372 (size before relaxing)
 .debug_str     0x000000000000101a       0x5b build/obj/vectors.o
                                        0x1e1 (size before relaxing)
 .debug_str     0x0000000000001075       0x3c build/obj/chcore.o
                                        0x1c2 (size before relaxing)
 .debug_str     0x00000000000010b1       0xc9 build/obj/chcore_v7m.o
                                        0x4d1 (size before relaxing)
 .debug_str     0x000000000000117a       0xc2 build/obj/nvic.o
                                        0x2cc (size before relaxing)
 .debug_str     0x000000000000123c      0x1d0 build/obj/chsys.o
                                        0x56a (size before relaxing)
 .debug_str     0x000000000000140c      0x1b2 build/obj/chdebug.o
                                        0x58c (size before relaxing)
 .debug_str     0x00000000000015be       0x5d build/obj/chvt.o
                                        0x27b (size before relaxing)
 .debug_str     0x000000000000161b      0x106 build/obj/chschd.o
                                        0x4cc (size before relaxing)
 .debug_str     0x0000000000001721      0x110 build/obj/chthreads.o
                                        0x502 (size before relaxing)
 .debug_str     0x0000000000001831       0xfb build/obj/chdynamic.o
                                        0x473 (size before relaxing)
 .debug_str     0x000000000000192c       0x51 build/obj/chregistry.o
                                        0x4d9 (size before relaxing)
 .debug_str     0x000000000000197d       0x99 build/obj/chmtx.o
                                        0x43a (size before relaxing)
 .debug_str     0x0000000000001a16      0x175 build/obj/chevents.o
                                        0x556 (size before relaxing)
 .debug_str     0x0000000000001b8b       0xc4 build/obj/chqueues.o
                                        0x4dc (size before relaxing)
 .debug_str     0x0000000000001c4f       0x8a build/obj/chmemcore.o
                                        0x242 (size before relaxing)
 .debug_str     0x0000000000001cd9       0x79 build/obj/chheap.o
                                        0x422 (size before relaxing)
 .debug_str     0x0000000000001d52       0x7b build/obj/chmempools.o
                                        0x290 (size before relaxing)
 .debug_str     0x0000000000001dcd       0xa8 build/obj/hal.o
                                        0x30a (size before relaxing)
 .debug_str     0x0000000000001e75      0x20d build/obj/gpt.o
                                        0x3e7 (size before relaxing)
 .debug_str     0x0000000000002082      0x10e build/obj/serial_usb.o
                                        0xc18 (size before relaxing)
 .debug_str     0x0000000000002190       0x78 build/obj/tm.o
                                        0x293 (size before relaxing)
 .debug_str     0x0000000000002208      0x1b2 build/obj/usb.o
                                        0xbce (size before relaxing)
 .debug_str     0x00000000000023ba      0x1ca build/obj/hal_lld.o
                                        0x3e8 (size before relaxing)
 .debug_str     0x0000000000002584      0x5cd build/obj/gpt_lld.o
                                        0xa08 (size before relaxing)
 .debug_str     0x0000000000002b51       0x97 build/obj/pal_lld.o
                                        0x441 (size before relaxing)
 .debug_str     0x0000000000002be8      0x369 build/obj/usb_lld.o
                                       0x140e (size before relaxing)
 .debug_str     0x0000000000002f51       0xe1 build/obj/shell.o
                                        0x5c8 (size before relaxing)
 .debug_str     0x0000000000003032       0xba build/obj/chprintf.o
                                        0x311 (size before relaxing)
 .debug_str     0x00000000000030ec      0x4c5 /usr/lib/gcc/arm-none-eabi/4.8/../../../arm-none-eabi/lib/armv7e-m/libc.a(lib_a-atoi.o)
                                        0x585 (size before relaxing)
 .debug_str     0x00000000000035b1       0xae /usr/lib/gcc/arm-none-eabi/4.8/../../../arm-none-eabi/lib/armv7e-m/libc.a(lib_a-memset.o)
                                        0x1d5 (size before relaxing)
 .debug_str     0x000000000000365f       0x55 /usr/lib/gcc/arm-none-eabi/4.8/../../../arm-none-eabi/lib/armv7e-m/libc.a(lib_a-strcasecmp.o)
                                        0x1da (size before relaxing)
 .debug_str     0x00000000000036b4       0x37 /usr/lib/gcc/arm-none-eabi/4.8/../../../arm-none-eabi/lib/armv7e-m/libc.a(lib_a-strpbrk.o)
                                        0x1bc (size before relaxing)
 .debug_str     0x00000000000036eb       0x35 /usr/lib/gcc/arm-none-eabi/4.8/../../../arm-none-eabi/lib/armv7e-m/libc.a(lib_a-strspn.o)
                                        0x1c1 (size before relaxing)
 .debug_str     0x0000000000003720       0x48 /usr/lib/gcc/arm-none-eabi/4.8/../../../arm-none-eabi/lib/armv7e-m/libc.a(lib_a-strtol.o)
                                        0x5b8 (size before relaxing)
 .debug_str     0x0000000000003768       0xa0 /usr/lib/gcc/arm-none-eabi/4.8/../../../arm-none-eabi/lib/armv7e-m/libc.a(lib_a-ctype_.o)
                                        0x143 (size before relaxing)
 .debug_str     0x0000000000003808       0xb7 /usr/lib/gcc/arm-none-eabi/4.8/../../../arm-none-eabi/lib/armv7e-m/libc.a(lib_a-impure.o)
                                        0x592 (size before relaxing)

.comment        0x0000000000000000       0x2b
 .comment       0x0000000000000000       0x2b build/obj/main.o
                                         0x2c (size before relaxing)
 .comment       0x000000000000002b       0x2c build/obj/myMisc.o
 .comment       0x000000000000002b       0x2c build/obj/usbcfg.o
 .comment       0x000000000000002b       0x2c build/obj/board.o
 .comment       0x000000000000002b       0x2c build/obj/crt0.o
 .comment       0x000000000000002b       0x2c build/obj/vectors.o
 .comment       0x000000000000002b       0x2c build/obj/chcore.o
 .comment       0x000000000000002b       0x2c build/obj/chcore_v7m.o
 .comment       0x000000000000002b       0x2c build/obj/nvic.o
 .comment       0x000000000000002b       0x2c build/obj/chsys.o
 .comment       0x000000000000002b       0x2c build/obj/chdebug.o
 .comment       0x000000000000002b       0x2c build/obj/chvt.o
 .comment       0x000000000000002b       0x2c build/obj/chschd.o
 .comment       0x000000000000002b       0x2c build/obj/chthreads.o
 .comment       0x000000000000002b       0x2c build/obj/chdynamic.o
 .comment       0x000000000000002b       0x2c build/obj/chregistry.o
 .comment       0x000000000000002b       0x2c build/obj/chmtx.o
 .comment       0x000000000000002b       0x2c build/obj/chevents.o
 .comment       0x000000000000002b       0x2c build/obj/chqueues.o
 .comment       0x000000000000002b       0x2c build/obj/chmemcore.o
 .comment       0x000000000000002b       0x2c build/obj/chheap.o
 .comment       0x000000000000002b       0x2c build/obj/chmempools.o
 .comment       0x000000000000002b       0x2c build/obj/hal.o
 .comment       0x000000000000002b       0x2c build/obj/gpt.o
 .comment       0x000000000000002b       0x2c build/obj/serial_usb.o
 .comment       0x000000000000002b       0x2c build/obj/tm.o
 .comment       0x000000000000002b       0x2c build/obj/usb.o
 .comment       0x000000000000002b       0x2c build/obj/hal_lld.o
 .comment       0x000000000000002b       0x2c build/obj/gpt_lld.o
 .comment       0x000000000000002b       0x2c build/obj/pal_lld.o
 .comment       0x000000000000002b       0x2c build/obj/usb_lld.o
 .comment       0x000000000000002b       0x2c build/obj/shell.o
 .comment       0x000000000000002b       0x2c build/obj/chprintf.o
 .comment       0x000000000000002b       0x2c /usr/lib/gcc/arm-none-eabi/4.8/../../../arm-none-eabi/lib/armv7e-m/libc.a(lib_a-atoi.o)
 .comment       0x000000000000002b       0x2c /usr/lib/gcc/arm-none-eabi/4.8/../../../arm-none-eabi/lib/armv7e-m/libc.a(lib_a-memset.o)
 .comment       0x000000000000002b       0x2c /usr/lib/gcc/arm-none-eabi/4.8/../../../arm-none-eabi/lib/armv7e-m/libc.a(lib_a-strcasecmp.o)
 .comment       0x000000000000002b       0x2c /usr/lib/gcc/arm-none-eabi/4.8/../../../arm-none-eabi/lib/armv7e-m/libc.a(lib_a-strpbrk.o)
 .comment       0x000000000000002b       0x2c /usr/lib/gcc/arm-none-eabi/4.8/../../../arm-none-eabi/lib/armv7e-m/libc.a(lib_a-strspn.o)
 .comment       0x000000000000002b       0x2c /usr/lib/gcc/arm-none-eabi/4.8/../../../arm-none-eabi/lib/armv7e-m/libc.a(lib_a-strtol.o)
 .comment       0x000000000000002b       0x2c /usr/lib/gcc/arm-none-eabi/4.8/../../../arm-none-eabi/lib/armv7e-m/libc.a(lib_a-ctype_.o)
 .comment       0x000000000000002b       0x2c /usr/lib/gcc/arm-none-eabi/4.8/../../../arm-none-eabi/lib/armv7e-m/libc.a(lib_a-impure.o)

.ARM.attributes
                0x0000000000000000       0x35
 .ARM.attributes
                0x0000000000000000       0x37 build/obj/main.o
 .ARM.attributes
                0x0000000000000037       0x37 build/obj/myMisc.o
 .ARM.attributes
                0x000000000000006e       0x37 build/obj/usbcfg.o
 .ARM.attributes
                0x00000000000000a5       0x37 build/obj/board.o
 .ARM.attributes
                0x00000000000000dc       0x37 build/obj/crt0.o
 .ARM.attributes
                0x0000000000000113       0x37 build/obj/vectors.o
 .ARM.attributes
                0x000000000000014a       0x37 build/obj/chcore.o
 .ARM.attributes
                0x0000000000000181       0x37 build/obj/chcore_v7m.o
 .ARM.attributes
                0x00000000000001b8       0x37 build/obj/nvic.o
 .ARM.attributes
                0x00000000000001ef       0x37 build/obj/chsys.o
 .ARM.attributes
                0x0000000000000226       0x37 build/obj/chdebug.o
 .ARM.attributes
                0x000000000000025d       0x37 build/obj/chvt.o
 .ARM.attributes
                0x0000000000000294       0x37 build/obj/chschd.o
 .ARM.attributes
                0x00000000000002cb       0x37 build/obj/chthreads.o
 .ARM.attributes
                0x0000000000000302       0x37 build/obj/chdynamic.o
 .ARM.attributes
                0x0000000000000339       0x37 build/obj/chregistry.o
 .ARM.attributes
                0x0000000000000370       0x37 build/obj/chmtx.o
 .ARM.attributes
                0x00000000000003a7       0x37 build/obj/chevents.o
 .ARM.attributes
                0x00000000000003de       0x37 build/obj/chqueues.o
 .ARM.attributes
                0x0000000000000415       0x37 build/obj/chmemcore.o
 .ARM.attributes
                0x000000000000044c       0x37 build/obj/chheap.o
 .ARM.attributes
                0x0000000000000483       0x37 build/obj/chmempools.o
 .ARM.attributes
                0x00000000000004ba       0x37 build/obj/hal.o
 .ARM.attributes
                0x00000000000004f1       0x37 build/obj/gpt.o
 .ARM.attributes
                0x0000000000000528       0x37 build/obj/serial_usb.o
 .ARM.attributes
                0x000000000000055f       0x37 build/obj/tm.o
 .ARM.attributes
                0x0000000000000596       0x37 build/obj/usb.o
 .ARM.attributes
                0x00000000000005cd       0x37 build/obj/hal_lld.o
 .ARM.attributes
                0x0000000000000604       0x37 build/obj/gpt_lld.o
 .ARM.attributes
                0x000000000000063b       0x37 build/obj/pal_lld.o
 .ARM.attributes
                0x0000000000000672       0x37 build/obj/usb_lld.o
 .ARM.attributes
                0x00000000000006a9       0x37 build/obj/shell.o
 .ARM.attributes
                0x00000000000006e0       0x37 build/obj/chprintf.o
 .ARM.attributes
                0x0000000000000717       0x2e /usr/lib/gcc/arm-none-eabi/4.8/../../../arm-none-eabi/lib/armv7e-m/libc.a(lib_a-atoi.o)
 .ARM.attributes
                0x0000000000000745       0x1c /usr/lib/gcc/arm-none-eabi/4.8/../../../arm-none-eabi/lib/armv7e-m/libc.a(lib_a-memcpy.o)
 .ARM.attributes
                0x0000000000000761       0x2e /usr/lib/gcc/arm-none-eabi/4.8/../../../arm-none-eabi/lib/armv7e-m/libc.a(lib_a-memset.o)
 .ARM.attributes
                0x000000000000078f       0x2e /usr/lib/gcc/arm-none-eabi/4.8/../../../arm-none-eabi/lib/armv7e-m/libc.a(lib_a-strcasecmp.o)
 .ARM.attributes
                0x00000000000007bd       0x2e /usr/lib/gcc/arm-none-eabi/4.8/../../../arm-none-eabi/lib/armv7e-m/libc.a(lib_a-strpbrk.o)
 .ARM.attributes
                0x00000000000007eb       0x2e /usr/lib/gcc/arm-none-eabi/4.8/../../../arm-none-eabi/lib/armv7e-m/libc.a(lib_a-strspn.o)
 .ARM.attributes
                0x0000000000000819       0x2e /usr/lib/gcc/arm-none-eabi/4.8/../../../arm-none-eabi/lib/armv7e-m/libc.a(lib_a-strtol.o)
 .ARM.attributes
                0x0000000000000847       0x2e /usr/lib/gcc/arm-none-eabi/4.8/../../../arm-none-eabi/lib/armv7e-m/libc.a(lib_a-ctype_.o)
 .ARM.attributes
                0x0000000000000875       0x2e /usr/lib/gcc/arm-none-eabi/4.8/../../../arm-none-eabi/lib/armv7e-m/libc.a(lib_a-impure.o)

.debug_frame    0x0000000000000000     0x1e58
 .debug_frame   0x0000000000000000       0x2c build/obj/main.o
 .debug_frame   0x000000000000002c      0x184 build/obj/myMisc.o
 .debug_frame   0x00000000000001b0       0x40 build/obj/usbcfg.o
 .debug_frame   0x00000000000001f0       0x3c build/obj/board.o
 .debug_frame   0x000000000000022c       0x50 build/obj/crt0.o
 .debug_frame   0x000000000000027c       0x20 build/obj/vectors.o
 .debug_frame   0x000000000000029c       0x20 build/obj/chcore.o
 .debug_frame   0x00000000000002bc       0xac build/obj/chcore_v7m.o
 .debug_frame   0x0000000000000368       0x64 build/obj/nvic.o
 .debug_frame   0x00000000000003cc       0x5c build/obj/chsys.o
 .debug_frame   0x0000000000000428      0x184 build/obj/chdebug.o
 .debug_frame   0x00000000000005ac       0x6c build/obj/chvt.o
 .debug_frame   0x0000000000000618      0x144 build/obj/chschd.o
 .debug_frame   0x000000000000075c      0x194 build/obj/chthreads.o
 .debug_frame   0x00000000000008f0       0x80 build/obj/chdynamic.o
 .debug_frame   0x0000000000000970       0x48 build/obj/chregistry.o
 .debug_frame   0x00000000000009b8      0x12c build/obj/chmtx.o
 .debug_frame   0x0000000000000ae4      0x1e4 build/obj/chevents.o
 .debug_frame   0x0000000000000cc8      0x15c build/obj/chqueues.o
 .debug_frame   0x0000000000000e24       0x68 build/obj/chmemcore.o
 .debug_frame   0x0000000000000e8c       0x9c build/obj/chheap.o
 .debug_frame   0x0000000000000f28       0xb8 build/obj/chmempools.o
 .debug_frame   0x0000000000000fe0       0x5c build/obj/hal.o
 .debug_frame   0x000000000000103c      0x13c build/obj/gpt.o
 .debug_frame   0x0000000000001178      0x208 build/obj/serial_usb.o
 .debug_frame   0x0000000000001380       0x68 build/obj/tm.o
 .debug_frame   0x00000000000013e8      0x238 build/obj/usb.o
 .debug_frame   0x0000000000001620       0x4c build/obj/hal_lld.o
 .debug_frame   0x000000000000166c       0xf4 build/obj/gpt_lld.o
 .debug_frame   0x0000000000001760       0x54 build/obj/pal_lld.o
 .debug_frame   0x00000000000017b4      0x3d8 build/obj/usb_lld.o
 .debug_frame   0x0000000000001b8c      0x138 build/obj/shell.o
 .debug_frame   0x0000000000001cc4       0x68 build/obj/chprintf.o
 .debug_frame   0x0000000000001d2c       0x30 /usr/lib/gcc/arm-none-eabi/4.8/../../../arm-none-eabi/lib/armv7e-m/libc.a(lib_a-atoi.o)
 .debug_frame   0x0000000000001d5c       0x2c /usr/lib/gcc/arm-none-eabi/4.8/../../../arm-none-eabi/lib/armv7e-m/libc.a(lib_a-memset.o)
 .debug_frame   0x0000000000001d88       0x28 /usr/lib/gcc/arm-none-eabi/4.8/../../../arm-none-eabi/lib/armv7e-m/libc.a(lib_a-strcasecmp.o)
 .debug_frame   0x0000000000001db0       0x2c /usr/lib/gcc/arm-none-eabi/4.8/../../../arm-none-eabi/lib/armv7e-m/libc.a(lib_a-strpbrk.o)
 .debug_frame   0x0000000000001ddc       0x2c /usr/lib/gcc/arm-none-eabi/4.8/../../../arm-none-eabi/lib/armv7e-m/libc.a(lib_a-strspn.o)
 .debug_frame   0x0000000000001e08       0x50 /usr/lib/gcc/arm-none-eabi/4.8/../../../arm-none-eabi/lib/armv7e-m/libc.a(lib_a-strtol.o)

.debug_loc      0x0000000000000000      0x8e0
 .debug_loc     0x0000000000000000       0x63 /usr/lib/gcc/arm-none-eabi/4.8/../../../arm-none-eabi/lib/armv7e-m/libc.a(lib_a-atoi.o)
 .debug_loc     0x0000000000000063      0x18b /usr/lib/gcc/arm-none-eabi/4.8/../../../arm-none-eabi/lib/armv7e-m/libc.a(lib_a-memset.o)
 .debug_loc     0x00000000000001ee      0x191 /usr/lib/gcc/arm-none-eabi/4.8/../../../arm-none-eabi/lib/armv7e-m/libc.a(lib_a-strcasecmp.o)
 .debug_loc     0x000000000000037f       0xa4 /usr/lib/gcc/arm-none-eabi/4.8/../../../arm-none-eabi/lib/armv7e-m/libc.a(lib_a-strpbrk.o)
 .debug_loc     0x0000000000000423      0x105 /usr/lib/gcc/arm-none-eabi/4.8/../../../arm-none-eabi/lib/armv7e-m/libc.a(lib_a-strspn.o)
 .debug_loc     0x0000000000000528      0x3b8 /usr/lib/gcc/arm-none-eabi/4.8/../../../arm-none-eabi/lib/armv7e-m/libc.a(lib_a-strtol.o)

Cross Reference Table

Symbol                                            File
BusFaultVector                                    build/obj/vectors.o
DebugMonitorVector                                build/obj/vectors.o
GPTD1                                             build/obj/gpt_lld.o
GPTD2                                             build/obj/gpt_lld.o
HardFaultVector                                   build/obj/vectors.o
MemManageVector                                   build/obj/vectors.o
NMIVector                                         build/obj/vectors.o
PendSVVector                                      build/obj/vectors.o
ResetHandler                                      build/obj/crt0.o
                                                  build/obj/vectors.o
SVCallVector                                      build/obj/chcore_v7m.o
                                                  build/obj/vectors.o
SysTickVector                                     build/obj/chcore_v7m.o
                                                  build/obj/vectors.o
USBD1                                             build/obj/usb_lld.o
                                                  build/obj/usbcfg.o
UsageFaultVector                                  build/obj/vectors.o
Vector100                                         build/obj/vectors.o
Vector104                                         build/obj/vectors.o
Vector108                                         build/obj/vectors.o
Vector10C                                         build/obj/vectors.o
Vector110                                         build/obj/vectors.o
Vector114                                         build/obj/vectors.o
Vector118                                         build/obj/vectors.o
Vector11C                                         build/obj/vectors.o
Vector120                                         build/obj/vectors.o
Vector124                                         build/obj/vectors.o
Vector128                                         build/obj/vectors.o
Vector12C                                         build/obj/vectors.o
Vector130                                         build/obj/vectors.o
Vector134                                         build/obj/vectors.o
Vector138                                         build/obj/vectors.o
Vector13C                                         build/obj/vectors.o
Vector140                                         build/obj/vectors.o
Vector144                                         build/obj/vectors.o
Vector148                                         build/obj/vectors.o
Vector14C                                         build/obj/usb_lld.o
                                                  build/obj/vectors.o
Vector150                                         build/obj/vectors.o
Vector154                                         build/obj/vectors.o
Vector158                                         build/obj/vectors.o
Vector15C                                         build/obj/vectors.o
Vector160                                         build/obj/vectors.o
Vector164                                         build/obj/vectors.o
Vector168                                         build/obj/vectors.o
Vector16C                                         build/obj/vectors.o
Vector170                                         build/obj/vectors.o
Vector174                                         build/obj/vectors.o
Vector178                                         build/obj/vectors.o
Vector17C                                         build/obj/vectors.o
Vector180                                         build/obj/vectors.o
Vector184                                         build/obj/vectors.o
Vector1C                                          build/obj/vectors.o
Vector20                                          build/obj/vectors.o
Vector24                                          build/obj/vectors.o
Vector28                                          build/obj/vectors.o
Vector34                                          build/obj/vectors.o
Vector40                                          build/obj/vectors.o
Vector44                                          build/obj/vectors.o
Vector48                                          build/obj/vectors.o
Vector4C                                          build/obj/vectors.o
Vector50                                          build/obj/vectors.o
Vector54                                          build/obj/vectors.o
Vector58                                          build/obj/vectors.o
Vector5C                                          build/obj/vectors.o
Vector60                                          build/obj/vectors.o
Vector64                                          build/obj/vectors.o
Vector68                                          build/obj/vectors.o
Vector6C                                          build/obj/vectors.o
Vector70                                          build/obj/vectors.o
Vector74                                          build/obj/vectors.o
Vector78                                          build/obj/vectors.o
Vector7C                                          build/obj/vectors.o
Vector80                                          build/obj/vectors.o
Vector84                                          build/obj/vectors.o
Vector88                                          build/obj/vectors.o
Vector8C                                          build/obj/vectors.o
Vector90                                          build/obj/vectors.o
Vector94                                          build/obj/vectors.o
Vector98                                          build/obj/vectors.o
Vector9C                                          build/obj/vectors.o
VectorA0                                          build/obj/vectors.o
VectorA4                                          build/obj/gpt_lld.o
                                                  build/obj/vectors.o
VectorA8                                          build/obj/vectors.o
VectorAC                                          build/obj/vectors.o
VectorB0                                          build/obj/gpt_lld.o
                                                  build/obj/vectors.o
VectorB4                                          build/obj/vectors.o
VectorB8                                          build/obj/vectors.o
VectorBC                                          build/obj/vectors.o
VectorC0                                          build/obj/vectors.o
VectorC4                                          build/obj/vectors.o
VectorC8                                          build/obj/vectors.o
VectorCC                                          build/obj/vectors.o
VectorD0                                          build/obj/vectors.o
VectorD4                                          build/obj/vectors.o
VectorD8                                          build/obj/vectors.o
VectorDC                                          build/obj/vectors.o
VectorE0                                          build/obj/vectors.o
VectorE4                                          build/obj/vectors.o
VectorE8                                          build/obj/vectors.o
VectorEC                                          build/obj/vectors.o
VectorF0                                          build/obj/vectors.o
VectorF4                                          build/obj/vectors.o
VectorF8                                          build/obj/vectors.o
VectorFC                                          build/obj/vectors.o
__ctype_ptr__                                     /usr/lib/gcc/arm-none-eabi/4.8/../../../arm-none-eabi/lib/armv7e-m/libc.a(lib_a-ctype_.o)
                                                  /usr/lib/gcc/arm-none-eabi/4.8/../../../arm-none-eabi/lib/armv7e-m/libc.a(lib_a-strtol.o)
                                                  /usr/lib/gcc/arm-none-eabi/4.8/../../../arm-none-eabi/lib/armv7e-m/libc.a(lib_a-strcasecmp.o)
__early_init                                      build/obj/board.o
__fini_array_end                                  build/obj/crt0.o
__fini_array_start                                build/obj/crt0.o
__heap_base__                                     build/obj/chmemcore.o
__heap_end__                                      build/obj/chmemcore.o
__init_array_end                                  build/obj/crt0.o
__init_array_start                                build/obj/crt0.o
__late_init                                       build/obj/crt0.o
__main_stack_base__                               build/obj/crt0.o
__main_stack_end__                                build/obj/vectors.o