Archive member included to satisfy reference by file (symbol)

/usr/lib/gcc/arm-none-eabi/4.8/../../../arm-none-eabi/lib/armv7e-m/libc.a(lib_a-atoi.o)
                              build/obj/menu.o (atoi)
/usr/lib/gcc/arm-none-eabi/4.8/../../../arm-none-eabi/lib/armv7e-m/libc.a(lib_a-memcpy.o)
                              build/obj/usb_lld.o (memcpy)
/usr/lib/gcc/arm-none-eabi/4.8/../../../arm-none-eabi/lib/armv7e-m/libc.a(lib_a-memset.o)
                              build/obj/usb.o (memset)
/usr/lib/gcc/arm-none-eabi/4.8/../../../arm-none-eabi/lib/armv7e-m/libc.a(lib_a-strcasecmp.o)
                              build/obj/shell.o (strcasecmp)
/usr/lib/gcc/arm-none-eabi/4.8/../../../arm-none-eabi/lib/armv7e-m/libc.a(lib_a-strpbrk.o)
                              build/obj/shell.o (strpbrk)
/usr/lib/gcc/arm-none-eabi/4.8/../../../arm-none-eabi/lib/armv7e-m/libc.a(lib_a-strspn.o)
                              build/obj/shell.o (strspn)
/usr/lib/gcc/arm-none-eabi/4.8/../../../arm-none-eabi/lib/armv7e-m/libc.a(lib_a-strtol.o)
                              /usr/lib/gcc/arm-none-eabi/4.8/../../../arm-none-eabi/lib/armv7e-m/libc.a(lib_a-atoi.o) (_strtol_r)
/usr/lib/gcc/arm-none-eabi/4.8/../../../arm-none-eabi/lib/armv7e-m/libc.a(lib_a-ctype_.o)
                              /usr/lib/gcc/arm-none-eabi/4.8/../../../arm-none-eabi/lib/armv7e-m/libc.a(lib_a-strcasecmp.o) (__ctype_ptr__)
/usr/lib/gcc/arm-none-eabi/4.8/../../../arm-none-eabi/lib/armv7e-m/libc.a(lib_a-impure.o)
                              /usr/lib/gcc/arm-none-eabi/4.8/../../../arm-none-eabi/lib/armv7e-m/libc.a(lib_a-strtol.o) (_impure_ptr)

Discarded input sections

 .text          0x0000000000000000        0x0 build/obj/main.o
 .data          0x0000000000000000        0x0 build/obj/main.o
 .bss           0x0000000000000000        0x0 build/obj/main.o
 .text          0x0000000000000000        0x0 build/obj/myMisc.o
 .data          0x0000000000000000        0x0 build/obj/myMisc.o
 .bss           0x0000000000000000        0x0 build/obj/myMisc.o
 .bss.SDU1      0x0000000000000000      0x258 build/obj/myMisc.o
 .rodata.commands
                0x0000000000000000       0x60 build/obj/myMisc.o
 .rodata.shell_cfg1
                0x0000000000000000        0x8 build/obj/myMisc.o
 .text          0x0000000000000000        0x0 build/obj/usbcfg.o
 .data          0x0000000000000000        0x0 build/obj/usbcfg.o
 .bss           0x0000000000000000        0x0 build/obj/usbcfg.o
 .text          0x0000000000000000        0x0 build/obj/board.o
 .data          0x0000000000000000        0x0 build/obj/board.o
 .bss           0x0000000000000000        0x0 build/obj/board.o
 .text          0x0000000000000000        0x0 build/obj/menu.o
 .data          0x0000000000000000        0x0 build/obj/menu.o
 .bss           0x0000000000000000        0x0 build/obj/menu.o
 .bss.SDU1      0x0000000000000000      0x258 build/obj/menu.o
 .rodata.commands
                0x0000000000000000       0x60 build/obj/menu.o
 .rodata.shell_cfg1
                0x0000000000000000        0x8 build/obj/menu.o
 .text.cmd_menu
                0x0000000000000000       0x10 build/obj/menu.o
 .text          0x0000000000000000        0x0 build/obj/config.o
 .data          0x0000000000000000        0x0 build/obj/config.o
 .bss           0x0000000000000000        0x0 build/obj/config.o
 .text.cmd_config
                0x0000000000000000       0x10 build/obj/config.o
 .text          0x0000000000000000        0x0 build/obj/buttonpush.o
 .data          0x0000000000000000        0x0 build/obj/buttonpush.o
 .bss           0x0000000000000000        0x0 build/obj/buttonpush.o
 .text          0x0000000000000000        0x0 build/obj/crt0.o
 .data          0x0000000000000000        0x0 build/obj/crt0.o
 .bss           0x0000000000000000        0x0 build/obj/crt0.o
 .text.__early_init
                0x0000000000000000       0x10 build/obj/crt0.o
 .text          0x0000000000000000        0x0 build/obj/vectors.o
 .data          0x0000000000000000        0x0 build/obj/vectors.o
 .bss           0x0000000000000000        0x0 build/obj/vectors.o
 .text          0x0000000000000000        0x0 build/obj/chcore.o
 .data          0x0000000000000000        0x0 build/obj/chcore.o
 .bss           0x0000000000000000        0x0 build/obj/chcore.o
 .text          0x0000000000000000        0x0 build/obj/chcore_v7m.o
 .data          0x0000000000000000        0x0 build/obj/chcore_v7m.o
 .bss           0x0000000000000000        0x0 build/obj/chcore_v7m.o
 .text          0x0000000000000000        0x0 build/obj/nvic.o
 .data          0x0000000000000000        0x0 build/obj/nvic.o
 .bss           0x0000000000000000        0x0 build/obj/nvic.o
 .text.nvicDisableVector
                0x0000000000000000       0x60 build/obj/nvic.o
 .text          0x0000000000000000        0x0 build/obj/chsys.o
 .data          0x0000000000000000        0x0 build/obj/chsys.o
 .bss           0x0000000000000000        0x0 build/obj/chsys.o
[...]
Memory Configuration

Name             Origin             Length             Attributes
flash            0x0000000008000000 0x0000000000100000
ram              0x0000000020000000 0x000000000001c000
ethram           0x000000002001c000 0x0000000000004000
ccmram           0x0000000010000000 0x0000000000010000
*default*        0x0000000000000000 0xffffffffffffffff

Linker script and memory map

LOAD build/obj/main.o
LOAD build/obj/myMisc.o
LOAD build/obj/usbcfg.o
LOAD build/obj/board.o
LOAD build/obj/menu.o
LOAD build/obj/config.o
LOAD build/obj/buttonpush.o
LOAD build/obj/crt0.o
LOAD build/obj/vectors.o
LOAD build/obj/chcore.o
LOAD build/obj/chcore_v7m.o
LOAD build/obj/nvic.o
LOAD build/obj/chsys.o
LOAD build/obj/chdebug.o
LOAD build/obj/chlists.o
LOAD build/obj/chvt.o
LOAD build/obj/chschd.o
LOAD build/obj/chthreads.o
LOAD build/obj/chdynamic.o
LOAD build/obj/chregistry.o
LOAD build/obj/chsem.o
LOAD build/obj/chmtx.o
LOAD build/obj/chcond.o
LOAD build/obj/chevents.o
LOAD build/obj/chmsg.o
LOAD build/obj/chmboxes.o
LOAD build/obj/chqueues.o
LOAD build/obj/chmemcore.o
LOAD build/obj/chheap.o
LOAD build/obj/chmempools.o
LOAD build/obj/hal.o
LOAD build/obj/adc.o
LOAD build/obj/can.o
LOAD build/obj/ext.o
LOAD build/obj/gpt.o
LOAD build/obj/i2c.o
LOAD build/obj/icu.o
LOAD build/obj/mac.o
LOAD build/obj/mmc_spi.o
LOAD build/obj/mmcsd.o
LOAD build/obj/pal.o
LOAD build/obj/pwm.o
LOAD build/obj/rtc.o
LOAD build/obj/sdc.o
LOAD build/obj/serial.o
LOAD build/obj/serial_usb.o
LOAD build/obj/spi.o
LOAD build/obj/tm.o
LOAD build/obj/uart.o
LOAD build/obj/usb.o
LOAD build/obj/stm32_dma.o
LOAD build/obj/hal_lld.o
LOAD build/obj/adc_lld.o
LOAD build/obj/ext_lld_isr.o
LOAD build/obj/can_lld.o
LOAD build/obj/ext_lld.o
LOAD build/obj/gpt_lld.o
LOAD build/obj/icu_lld.o
LOAD build/obj/mac_lld.o
LOAD build/obj/pwm_lld.o
LOAD build/obj/sdc_lld.o
LOAD build/obj/serial_lld.o
LOAD build/obj/spi_lld.o
LOAD build/obj/pal_lld.o
LOAD build/obj/i2c_lld.o
LOAD build/obj/usb_lld.o
LOAD build/obj/rtc_lld.o
LOAD build/obj/uart_lld.o
LOAD build/obj/shell.o
LOAD build/obj/chprintf.o
LOAD /usr/lib/gcc/arm-none-eabi/4.8/../../../arm-none-eabi/lib/armv7e-m/libm.a
START GROUP
LOAD /usr/lib/gcc/arm-none-eabi/4.8/armv7e-m/libgcc.a
LOAD /usr/lib/gcc/arm-none-eabi/4.8/../../../arm-none-eabi/lib/armv7e-m/libc.a
END GROUP
                0x0000000000000400                __main_stack_size__ = 0x400
                0x0000000000000400                __process_stack_size__ = 0x400
                0x0000000020000000                __ram_start__ = ORIGIN (ram)
                0x000000000001c000                __ram_size__ = 0x1c000
                0x000000002001c000                __ram_end__ = (__ram_start__ + __ram_size__)
                0x0000000000000000                . = 0x0
                0x0000000000000000                _text = .

startup         0x0000000008000000      0x188
 *(vectors)
 vectors        0x0000000008000000      0x188 build/obj/vectors.o
                0x0000000008000000                _vectors

constructors    0x0000000008000188        0x0
                0x0000000008000188                PROVIDE (__init_array_start, .)
 *(SORT(.init_array.*))
 *(.init_array)
                0x0000000008000188                PROVIDE (__init_array_end, .)

destructors     0x0000000008000188        0x0
                0x0000000008000188                PROVIDE (__fini_array_start, .)
 *(.fini_array)
 *(SORT(.fini_array.*))
                0x0000000008000188                PROVIDE (__fini_array_end, .)

.text           0x0000000008000190     0x7404
 *(.text.startup.*)
 *(.text)
 .text          0x0000000008000190      0x134 /usr/lib/gcc/arm-none-eabi/4.8/../../../arm-none-eabi/lib/armv7e-m/libc.a(lib_a-memcpy.o)
                0x0000000008000190                memcpy
 *(.text.*)
 *fill*         0x00000000080002c4        0xc 
 .text.main     0x00000000080002d0       0xc0 build/obj/main.o
                0x00000000080002d0                main
 .text.Thread1  0x0000000008000390      0x160 build/obj/myMisc.o
 .text.startBlinker
                0x00000000080004f0       0x30 build/obj/myMisc.o
                0x00000000080004f0                startBlinker
 .text.get_descriptor
                0x0000000008000520       0x50 build/obj/usbcfg.o
 .text.usb_event
                0x0000000008000570       0x80 build/obj/usbcfg.o
 .text.__early_init
                0x00000000080005f0       0x10 build/obj/board.o
                0x00000000080005f0                __early_init
 .text.boardInit
                0x0000000008000600       0x10 build/obj/board.o
                0x0000000008000600                boardInit
 .text.cmd_mem  0x0000000008000610       0x70 build/obj/menu.o
                0x0000000008000610                cmd_mem
 .text.cmd_threads
                0x0000000008000680       0xc0 build/obj/menu.o
                0x0000000008000680                cmd_threads
 .text.cmd_blinkspeed
                0x0000000008000740       0x60 build/obj/menu.o
                0x0000000008000740                cmd_blinkspeed
 .text.cmd_blinkspeed_min_ch
                0x00000000080007a0       0x60 build/obj/menu.o
                0x00000000080007a0                cmd_blinkspeed_min_ch
 .text.cmd_blinkspeed_max_ch
                0x0000000008000800       0x60 build/obj/menu.o
                0x0000000008000800                cmd_blinkspeed_max_ch
 .text.cmd_blinkspeed_now
                0x0000000008000860       0x30 build/obj/menu.o
                0x0000000008000860                cmd_blinkspeed_now
 .text.cmd_blinkspeed_min
                0x0000000008000890       0x30 build/obj/menu.o
                0x0000000008000890                cmd_blinkspeed_min
 .text.cmd_blinkspeed_max
                0x00000000080008c0       0x30 build/obj/menu.o
                0x00000000080008c0                cmd_blinkspeed_max
 .text.cmd_way  0x00000000080008f0       0x50 build/obj/menu.o
                0x00000000080008f0                cmd_way
 .text.cmd_way_ch
                0x0000000008000940       0x60 build/obj/menu.o
                0x0000000008000940                cmd_way_ch
 .text.Thread2  0x00000000080009a0       0xe0 build/obj/buttonpush.o
 .text.startButton
                0x0000000008000a80       0x30 build/obj/buttonpush.o
                0x0000000008000a80                startButton
 .text.__late_init
                0x0000000008000ab0       0x10 build/obj/crt0.o
                0x0000000008000ab0                __late_init
 .text._default_exit
                0x0000000008000ac0       0x10 build/obj/crt0.o
                0x0000000008000ac0                _default_exit
 .text.ResetHandler
                0x0000000008000ad0      0x100 build/obj/crt0.o
                0x0000000008000ad0                ResetHandler
 .text._unhandled_exception
                0x0000000008000bd0       0x10 build/obj/vectors.o
                0x0000000008000bd0                Vector58
                0x0000000008000bd0                VectorE8
                0x0000000008000bd0                Vector9C
                0x0000000008000bd0                VectorAC
                0x0000000008000bd0                Vector5C
                0x0000000008000bd0                NMIVector
                0x0000000008000bd0                Vector11C
                0x0000000008000bd0                Vector8C
                0x0000000008000bd0                VectorDC
                0x0000000008000bd0                Vector168
                0x0000000008000bd0                Vector110
                0x0000000008000bd0                Vector120
                0x0000000008000bd0                VectorC8
                0x0000000008000bd0                Vector94
                0x0000000008000bd0                VectorA8
                0x0000000008000bd0                VectorB4
                0x0000000008000bd0                Vector74
                0x0000000008000bd0                Vector160
                0x0000000008000bd0                VectorEC
                0x0000000008000bd0                UsageFaultVector
                0x0000000008000bd0                DebugMonitorVector
                0x0000000008000bd0                Vector40
                0x0000000008000bd0                VectorF8
                0x0000000008000bd0                Vector108
                0x0000000008000bd0                VectorBC
                0x0000000008000bd0                Vector150
                0x0000000008000bd0                Vector124
                0x0000000008000bd0                Vector148
                0x0000000008000bd0                PendSVVector
                0x0000000008000bd0                Vector118
                0x0000000008000bd0                Vector64
                0x0000000008000bd0                VectorCC
                0x0000000008000bd0                Vector54
                0x0000000008000bd0                Vector98
                0x0000000008000bd0                VectorD8
                0x0000000008000bd0                Vector138
                0x0000000008000bd0                Vector24
                0x0000000008000bd0                Vector178
                0x0000000008000bd0                Vector84
                0x0000000008000bd0                BusFaultVector
                0x0000000008000bd0                VectorD0
                0x0000000008000bd0                Vector140
                0x0000000008000bd0                VectorE4
                0x0000000008000bd0                VectorC0
                0x0000000008000bd0                Vector158
                0x0000000008000bd0                Vector130
                0x0000000008000bd0                HardFaultVector
                0x0000000008000bd0                Vector134
                0x0000000008000bd0                VectorF0
                0x0000000008000bd0                Vector12C
                0x0000000008000bd0                Vector13C
                0x0000000008000bd0                Vector100
                0x0000000008000bd0                VectorE0
                0x0000000008000bd0                VectorF4
                0x0000000008000bd0                MemManageVector
                0x0000000008000bd0                Vector6C
                0x0000000008000bd0                VectorA0
                0x0000000008000bd0                VectorC4
                0x0000000008000bd0                Vector7C
                0x0000000008000bd0                Vector180
                0x0000000008000bd0                Vector90
                0x0000000008000bd0                Vector114
                0x0000000008000bd0                Vector164
                0x0000000008000bd0                Vector60
                0x0000000008000bd0                Vector1C
                0x0000000008000bd0                Vector17C
                0x0000000008000bd0                Vector48
                0x0000000008000bd0                Vector16C
                0x0000000008000bd0                Vector70
                0x0000000008000bd0                VectorD4
                0x0000000008000bd0                Vector4C
                0x0000000008000bd0                Vector144
                0x0000000008000bd0                Vector80
                0x0000000008000bd0                Vector15C
                0x0000000008000bd0                Vector68
                0x0000000008000bd0                Vector78
                0x0000000008000bd0                _unhandled_exception
                0x0000000008000bd0                Vector170
                0x0000000008000bd0                Vector88
                0x0000000008000bd0                Vector104
                0x0000000008000bd0                Vector184
                0x0000000008000bd0                Vector10C
                0x0000000008000bd0                Vector50
                0x0000000008000bd0                Vector154
                0x0000000008000bd0                Vector44
                0x0000000008000bd0                Vector28
                0x0000000008000bd0                VectorB8
                0x0000000008000bd0                VectorFC
                0x0000000008000bd0                Vector34
                0x0000000008000bd0                Vector128
                0x0000000008000bd0                Vector20
                0x0000000008000bd0                Vector174
 .text.port_halt
                0x0000000008000be0       0x10 build/obj/chcore.o
                0x0000000008000be0                port_halt
 .text.SysTickVector
                0x0000000008000bf0       0x30 build/obj/chcore_v7m.o
                0x0000000008000bf0                SysTickVector
 .text.SVCallVector
                0x0000000008000c20       0x40 build/obj/chcore_v7m.o
                0x0000000008000c20                SVCallVector
 .text._port_init
                0x0000000008000c60       0x40 build/obj/chcore_v7m.o
                0x0000000008000c60                _port_init
 .text._port_irq_epilogue
                0x0000000008000ca0       0xc0 build/obj/chcore_v7m.o
                0x0000000008000ca0                _port_irq_epilogue
 .text._port_switch_from_isr
                0x0000000008000d60       0x10 build/obj/chcore_v7m.o
                0x0000000008000d60                _port_switch_from_isr
 .text._port_switch
                0x0000000008000d70       0x20 build/obj/chcore_v7m.o
                0x0000000008000d70                _port_switch
 .text._port_thread_start
                0x0000000008000d90       0x20 build/obj/chcore_v7m.o
                0x0000000008000d90                _port_thread_start
 .text.nvicEnableVector
                0x0000000008000db0       0x80 build/obj/nvic.o
                0x0000000008000db0                nvicEnableVector
 .text.nvicSetSystemHandlerPriority
                0x0000000008000e30       0x50 build/obj/nvic.o
                0x0000000008000e30                nvicSetSystemHandlerPriority
 .text._idle_thread
                0x0000000008000e80       0x20 build/obj/chsys.o
                0x0000000008000e80                _idle_thread
 .text.chSysInit
                0x0000000008000ea0       0x80 build/obj/chsys.o
                0x0000000008000ea0                chSysInit
 .text.chSysTimerHandlerI
                0x0000000008000f20       0xb0 build/obj/chsys.o
                0x0000000008000f20                chSysTimerHandlerI
 .text.dbg_check_enable
                0x0000000008000fd0       0x30 build/obj/chdebug.o
                0x0000000008000fd0                dbg_check_enable
 .text.dbg_check_lock
                0x0000000008001000       0x30 build/obj/chdebug.o
                0x0000000008001000                dbg_check_lock
 .text.dbg_check_unlock
                0x0000000008001030       0x30 build/obj/chdebug.o
                0x0000000008001030                dbg_check_unlock
 .text.dbg_check_lock_from_isr
                0x0000000008001060       0x30 build/obj/chdebug.o
                0x0000000008001060                dbg_check_lock_from_isr
 .text.dbg_check_unlock_from_isr
                0x0000000008001090       0x30 build/obj/chdebug.o
                0x0000000008001090                dbg_check_unlock_from_isr
 .text.dbg_check_enter_isr
                0x00000000080010c0       0x40 build/obj/chdebug.o
                0x00000000080010c0                dbg_check_enter_isr
 .text.dbg_check_leave_isr
                0x0000000008001100       0x40 build/obj/chdebug.o
                0x0000000008001100                dbg_check_leave_isr
 .text.chDbgCheckClassI
                0x0000000008001140       0x30 build/obj/chdebug.o
                0x0000000008001140                chDbgCheckClassI
 .text.chDbgCheckClassS
                0x0000000008001170       0x30 build/obj/chdebug.o
                0x0000000008001170                chDbgCheckClassS
 .text._trace_init
                0x00000000080011a0       0x20 build/obj/chdebug.o
                0x00000000080011a0                _trace_init
 .text.dbg_trace
                0x00000000080011c0       0x70 build/obj/chdebug.o
                0x00000000080011c0                dbg_trace
 .text.chDbgPanic
                0x0000000008001230       0x20 build/obj/chdebug.o
                0x0000000008001230                chDbgPanic
 .text._vt_init
                0x0000000008001250       0x30 build/obj/chvt.o
                0x0000000008001250                _vt_init
 .text.chVTSetI
                0x0000000008001280       0xa0 build/obj/chvt.o
                0x0000000008001280                chVTSetI
 .text.chVTResetI
                0x0000000008001320       0x70 build/obj/chvt.o
                0x0000000008001320                chVTResetI
 .text.fifo_remove
                0x0000000008001390       0x30 build/obj/chschd.o
 .text.dequeue  0x00000000080013c0       0x20 build/obj/chschd.o
 .text._scheduler_init
                0x00000000080013e0       0x30 build/obj/chschd.o
                0x00000000080013e0                _scheduler_init
 .text.chSchReadyI
                0x0000000008001410       0x80 build/obj/chschd.o
                0x0000000008001410                chSchReadyI
 .text.chSchGoSleepS
                0x0000000008001490       0x70 build/obj/chschd.o
                0x0000000008001490                chSchGoSleepS
 .text.wakeup   0x0000000008001500       0xa0 build/obj/chschd.o
 .text.chSchGoSleepTimeoutS
                0x00000000080015a0       0x70 build/obj/chschd.o
                0x00000000080015a0                chSchGoSleepTimeoutS
 .text.chSchWakeupS
                0x0000000008001610       0x80 build/obj/chschd.o
                0x0000000008001610                chSchWakeupS
 .text.chSchRescheduleS
                0x0000000008001690       0x20 build/obj/chschd.o
                0x0000000008001690                chSchRescheduleS
 .text.chSchDoRescheduleBehind
                0x00000000080016b0       0x70 build/obj/chschd.o
                0x00000000080016b0                chSchDoRescheduleBehind
 .text.chSchDoRescheduleAhead
                0x0000000008001720       0x90 build/obj/chschd.o
                0x0000000008001720                chSchDoRescheduleAhead
 .text.chSchDoReschedule
                0x00000000080017b0       0x20 build/obj/chschd.o
                0x00000000080017b0                chSchDoReschedule
 .text.list_remove
                0x00000000080017d0       0x20 build/obj/chthreads.o
 .text._thread_init
                0x00000000080017f0       0xa0 build/obj/chthreads.o
                0x00000000080017f0                _thread_init
 .text._thread_memfill
                0x0000000008001890       0x30 build/obj/chthreads.o
                0x0000000008001890                _thread_memfill
 .text.chThdCreateI
                0x00000000080018c0       0x80 build/obj/chthreads.o
                0x00000000080018c0                chThdCreateI
 .text.chThdCreateStatic
                0x0000000008001940       0x70 build/obj/chthreads.o
                0x0000000008001940                chThdCreateStatic
 .text.chThdSleep
                0x00000000080019b0       0x40 build/obj/chthreads.o
                0x00000000080019b0                chThdSleep
 .text.chThdExit
                0x00000000080019f0       0x20 build/obj/chthreads.o
                0x00000000080019f0                chThdExit
 .text.chThdExitS
                0x0000000008001a10       0x70 build/obj/chthreads.o
                0x0000000008001a10                chThdExitS
 .text.chThdRelease
                0x0000000008001a80       0xc0 build/obj/chdynamic.o
                0x0000000008001a80                chThdRelease
 .text.chThdCreateFromHeap
                0x0000000008001b40       0x90 build/obj/chdynamic.o
                0x0000000008001b40                chThdCreateFromHeap
 .text.chRegFirstThread
                0x0000000008001bd0       0x40 build/obj/chregistry.o
                0x0000000008001bd0                chRegFirstThread
 .text.chRegNextThread
                0x0000000008001c10       0x70 build/obj/chregistry.o
                0x0000000008001c10                chRegNextThread
 .text.queue_insert
                0x0000000008001c80       0x30 build/obj/chsem.o
 .text.fifo_remove
                0x0000000008001cb0       0x30 build/obj/chsem.o
 .text.chSemInit
                0x0000000008001ce0       0x40 build/obj/chsem.o
                0x0000000008001ce0                chSemInit
 .text.chSemWait
                0x0000000008001d20       0x30 build/obj/chsem.o
                0x0000000008001d20                chSemWait
 .text.chSemWaitS
                0x0000000008001d50       0x90 build/obj/chsem.o
                0x0000000008001d50                chSemWaitS
 .text.chSemSignalI
                0x0000000008001de0       0x80 build/obj/chsem.o
                0x0000000008001de0                chSemSignalI
 .text.prio_insert
                0x0000000008001e60       0x50 build/obj/chmtx.o
 .text.fifo_remove
                0x0000000008001eb0       0x30 build/obj/chmtx.o
 .text.dequeue  0x0000000008001ee0       0x20 build/obj/chmtx.o
 .text.chMtxInit
                0x0000000008001f00       0x30 build/obj/chmtx.o
                0x0000000008001f00                chMtxInit
 .text.chMtxLock
                0x0000000008001f30       0x30 build/obj/chmtx.o
                0x0000000008001f30                chMtxLock
 .text.chMtxLockS
                0x0000000008001f60      0x110 build/obj/chmtx.o
                0x0000000008001f60                chMtxLockS
 .text.chMtxUnlock
                0x0000000008002070       0xe0 build/obj/chmtx.o
                0x0000000008002070                chMtxUnlock
 .text.chEvtBroadcastFlagsI
                0x0000000008002150       0x60 build/obj/chevents.o
                0x0000000008002150                chEvtBroadcastFlagsI
 .text.chEvtSignalI
                0x00000000080021b0       0x70 build/obj/chevents.o
                0x00000000080021b0                chEvtSignalI
 .text.queue_insert
                0x0000000008002220       0x30 build/obj/chqueues.o
 .text.fifo_remove
                0x0000000008002250       0x30 build/obj/chqueues.o
 .text.qwait    0x0000000008002280       0x40 build/obj/chqueues.o
 .text.chIQInit
                0x00000000080022c0       0x50 build/obj/chqueues.o
                0x00000000080022c0                chIQInit
 .text.chIQResetI
                0x0000000008002310       0x50 build/obj/chqueues.o
                0x0000000008002310                chIQResetI
 .text.chIQGetTimeout
                0x0000000008002360       0x90 build/obj/chqueues.o
                0x0000000008002360                chIQGetTimeout
 .text.chIQReadTimeout
                0x00000000080023f0       0xd0 build/obj/chqueues.o
                0x00000000080023f0                chIQReadTimeout
 .text.chOQInit
                0x00000000080024c0       0x50 build/obj/chqueues.o
                0x00000000080024c0                chOQInit
 .text.chOQResetI
                0x0000000008002510       0x60 build/obj/chqueues.o
                0x0000000008002510                chOQResetI
 .text.chOQPutTimeout
                0x0000000008002570       0xa0 build/obj/chqueues.o
                0x0000000008002570                chOQPutTimeout
 .text.chOQWriteTimeout
                0x0000000008002610       0xd0 build/obj/chqueues.o
                0x0000000008002610                chOQWriteTimeout
 .text._core_init
                0x00000000080026e0       0x30 build/obj/chmemcore.o
                0x00000000080026e0                _core_init
 .text.chCoreAlloc
                0x0000000008002710       0x30 build/obj/chmemcore.o
                0x0000000008002710                chCoreAlloc
 .text.chCoreAllocI
                0x0000000008002740       0x50 build/obj/chmemcore.o
                0x0000000008002740                chCoreAllocI
 .text.chCoreStatus
                0x0000000008002790       0x20 build/obj/chmemcore.o
                0x0000000008002790                chCoreStatus
 .text._heap_init
                0x00000000080027b0       0x30 build/obj/chheap.o
                0x00000000080027b0                _heap_init
 .text.chHeapAlloc
                0x00000000080027e0       0xf0 build/obj/chheap.o
                0x00000000080027e0                chHeapAlloc
 .text.chHeapFree
                0x00000000080028d0      0x100 build/obj/chheap.o
                0x00000000080028d0                chHeapFree
 .text.chHeapStatus
                0x00000000080029d0       0x70 build/obj/chheap.o
                0x00000000080029d0                chHeapStatus
 .text.chPoolFreeI
                0x0000000008002a40       0x40 build/obj/chmempools.o
                0x0000000008002a40                chPoolFreeI
 .text.chPoolFree
                0x0000000008002a80       0x30 build/obj/chmempools.o
                0x0000000008002a80                chPoolFree
 .text.halInit  0x0000000008002ab0       0x30 build/obj/hal.o
                0x0000000008002ab0                halInit
 .text.halIsCounterWithin
                0x0000000008002ae0       0x50 build/obj/hal.o
                0x0000000008002ae0                halIsCounterWithin
 .text.halPolledDelay
                0x0000000008002b30       0x30 build/obj/hal.o
                0x0000000008002b30                halPolledDelay
 .text.gptInit  0x0000000008002b60       0x10 build/obj/gpt.o
                0x0000000008002b60                gptInit
 .text.gptObjectInit
                0x0000000008002b70       0x20 build/obj/gpt.o
                0x0000000008002b70                gptObjectInit
 .text.write    0x0000000008002b90       0x30 build/obj/serial_usb.o
 .text.read     0x0000000008002bc0       0x30 build/obj/serial_usb.o
 .text.put      0x0000000008002bf0       0x30 build/obj/serial_usb.o
 .text.get      0x0000000008002c20       0x20 build/obj/serial_usb.o
 .text.putt     0x0000000008002c40       0x30 build/obj/serial_usb.o
 .text.gett     0x0000000008002c70       0x20 build/obj/serial_usb.o
 .text.writet   0x0000000008002c90       0x30 build/obj/serial_usb.o
 .text.readt    0x0000000008002cc0       0x30 build/obj/serial_usb.o
 .text.inotify  0x0000000008002cf0       0xb0 build/obj/serial_usb.o
 .text.onotify  0x0000000008002da0       0x90 build/obj/serial_usb.o
 .text.sduInit  0x0000000008002e30       0x10 build/obj/serial_usb.o
                0x0000000008002e30                sduInit
 .text.sduObjectInit
                0x0000000008002e40       0x70 build/obj/serial_usb.o
                0x0000000008002e40                sduObjectInit
 .text.sduStart
                0x0000000008002eb0       0x70 build/obj/serial_usb.o
                0x0000000008002eb0                sduStart
 .text.sduConfigureHookI
                0x0000000008002f20       0x50 build/obj/serial_usb.o
                0x0000000008002f20                sduConfigureHookI
 .text.sduRequestsHook
                0x0000000008002f70       0x80 build/obj/serial_usb.o
                0x0000000008002f70                sduRequestsHook
 .text.sduDataTransmitted
                0x0000000008002ff0       0xf0 build/obj/serial_usb.o
                0x0000000008002ff0                sduDataTransmitted
 .text.sduDataReceived
                0x00000000080030e0       0xb0 build/obj/serial_usb.o
                0x00000000080030e0                sduDataReceived
 .text.sduInterruptTransmitted
                0x0000000008003190       0x10 build/obj/serial_usb.o
                0x0000000008003190                sduInterruptTransmitted
 .text.tm_start
                0x00000000080031a0       0x20 build/obj/tm.o
 .text.tm_stop  0x00000000080031c0       0x60 build/obj/tm.o
 .text.tmInit   0x0000000008003220       0x40 build/obj/tm.o
                0x0000000008003220                tmInit
 .text.tmObjectInit
                0x0000000008003260       0x30 build/obj/tm.o
                0x0000000008003260                tmObjectInit
 .text.set_address
                0x0000000008003290       0x40 build/obj/usb.o
 .text.default_handler
                0x00000000080032d0      0x3a0 build/obj/usb.o
 .text.usbInit  0x0000000008003670       0x10 build/obj/usb.o
                0x0000000008003670                usbInit
 .text.usbObjectInit
                0x0000000008003680       0x30 build/obj/usb.o
                0x0000000008003680                usbObjectInit
 .text.usbStart
                0x00000000080036b0       0x90 build/obj/usb.o
                0x00000000080036b0                usbStart
 .text.usbInitEndpointI
                0x0000000008003740       0xa0 build/obj/usb.o
                0x0000000008003740                usbInitEndpointI
 .text.usbPrepareReceive
                0x00000000080037e0       0x50 build/obj/usb.o
                0x00000000080037e0                usbPrepareReceive
 .text.usbPrepareTransmit
                0x0000000008003830       0x50 build/obj/usb.o
                0x0000000008003830                usbPrepareTransmit
 .text.usbPrepareQueuedReceive
                0x0000000008003880       0x50 build/obj/usb.o
                0x0000000008003880                usbPrepareQueuedReceive
 .text.usbPrepareQueuedTransmit
                0x00000000080038d0       0x50 build/obj/usb.o
                0x00000000080038d0                usbPrepareQueuedTransmit
 .text.usbStartReceiveI
                0x0000000008003920       0x70 build/obj/usb.o
                0x0000000008003920                usbStartReceiveI
 .text.usbStartTransmitI
                0x0000000008003990       0x70 build/obj/usb.o
                0x0000000008003990                usbStartTransmitI
 .text._usb_reset
                0x0000000008003a00       0x60 build/obj/usb.o
                0x0000000008003a00                _usb_reset
 .text._usb_ep0setup
                0x0000000008003a60      0x1a0 build/obj/usb.o
                0x0000000008003a60                _usb_ep0setup
 .text._usb_ep0in
                0x0000000008003c00      0x100 build/obj/usb.o
                0x0000000008003c00                _usb_ep0in
 .text._usb_ep0out
                0x0000000008003d00       0xb0 build/obj/usb.o
                0x0000000008003d00                _usb_ep0out
 .text.hal_lld_backup_domain_init
                0x0000000008003db0       0x60 build/obj/hal_lld.o
 .text.hal_lld_init
                0x0000000008003e10       0xb0 build/obj/hal_lld.o
                0x0000000008003e10                hal_lld_init
 .text.stm32_clock_init
                0x0000000008003ec0       0xf0 build/obj/hal_lld.o
                0x0000000008003ec0                stm32_clock_init
 .text.gpt_lld_serve_interrupt
                0x0000000008003fb0       0x40 build/obj/gpt_lld.o
 .text.VectorA4
                0x0000000008003ff0       0x20 build/obj/gpt_lld.o
                0x0000000008003ff0                VectorA4
 .text.VectorB0
                0x0000000008004010       0x20 build/obj/gpt_lld.o
                0x0000000008004010                VectorB0
 .text.gpt_lld_init
                0x0000000008004030       0x30 build/obj/gpt_lld.o
                0x0000000008004030                gpt_lld_init
 .text.gpt_lld_stop_timer
                0x0000000008004060       0x20 build/obj/gpt_lld.o
                0x0000000008004060                gpt_lld_stop_timer
 .text.initgpio
                0x0000000008004080       0x50 build/obj/pal_lld.o
 .text._pal_lld_init
                0x00000000080040d0       0xc0 build/obj/pal_lld.o
                0x00000000080040d0                _pal_lld_init
 .text.fifo_remove
                0x0000000008004190       0x30 build/obj/usb_lld.o
 .text.usb_lld_wakeup_pump
                0x00000000080041c0       0x30 build/obj/usb_lld.o
 .text.otg_core_reset
                0x00000000080041f0       0x40 build/obj/usb_lld.o
 .text.otg_disable_ep
                0x0000000008004230      0x110 build/obj/usb_lld.o
 .text.otg_rxfifo_flush
                0x0000000008004340       0x30 build/obj/usb_lld.o
 .text.otg_txfifo_flush
                0x0000000008004370       0x40 build/obj/usb_lld.o
 .text.otg_ram_reset
                0x00000000080043b0       0x20 build/obj/usb_lld.o
 .text.otg_ram_alloc
                0x00000000080043d0       0x40 build/obj/usb_lld.o
 .text.otg_do_push
                0x0000000008004410       0x30 build/obj/usb_lld.o
 .text.otg_fifo_write_from_buffer
                0x0000000008004440       0x20 build/obj/usb_lld.o
 .text.otg_fifo_write_from_queue
                0x0000000008004460      0x130 build/obj/usb_lld.o
 .text.otg_do_pop
                0x0000000008004590       0x30 build/obj/usb_lld.o
 .text.otg_fifo_read_to_buffer
                0x00000000080045c0       0x50 build/obj/usb_lld.o
 .text.otg_fifo_read_to_queue
                0x0000000008004610      0x110 build/obj/usb_lld.o
 .text.otg_rxfifo_handler
                0x0000000008004720      0x130 build/obj/usb_lld.o
 .text.otg_txfifo_handler
                0x0000000008004850      0x160 build/obj/usb_lld.o
 .text.otg_epin_handler
                0x00000000080049b0      0x100 build/obj/usb_lld.o
 .text.otg_epout_handler
                0x0000000008004ab0       0xc0 build/obj/usb_lld.o
 .text.usb_lld_serve_interrupt
                0x0000000008004b70      0x160 build/obj/usb_lld.o
 .text.usb_lld_pump
                0x0000000008004cd0      0x140 build/obj/usb_lld.o
 .text.Vector14C
                0x0000000008004e10       0x20 build/obj/usb_lld.o
                0x0000000008004e10                Vector14C
 .text.usb_lld_init
                0x0000000008004e30       0x60 build/obj/usb_lld.o
                0x0000000008004e30                usb_lld_init
 .text.usb_lld_start
                0x0000000008004e90      0x110 build/obj/usb_lld.o
                0x0000000008004e90                usb_lld_start
 .text.usb_lld_reset
                0x0000000008004fa0      0x130 build/obj/usb_lld.o
                0x0000000008004fa0                usb_lld_reset
 .text.usb_lld_set_address
                0x00000000080050d0       0x30 build/obj/usb_lld.o
                0x00000000080050d0                usb_lld_set_address
 .text.usb_lld_init_endpoint
                0x0000000008005100      0x240 build/obj/usb_lld.o
                0x0000000008005100                usb_lld_init_endpoint
 .text.usb_lld_get_status_out
                0x0000000008005340       0x40 build/obj/usb_lld.o
                0x0000000008005340                usb_lld_get_status_out
 .text.usb_lld_get_status_in
                0x0000000008005380       0x40 build/obj/usb_lld.o
                0x0000000008005380                usb_lld_get_status_in
 .text.usb_lld_read_setup
                0x00000000080053c0       0x30 build/obj/usb_lld.o
                0x00000000080053c0                usb_lld_read_setup
 .text.usb_lld_prepare_receive
                0x00000000080053f0       0x80 build/obj/usb_lld.o
                0x00000000080053f0                usb_lld_prepare_receive
 .text.usb_lld_prepare_transmit
                0x0000000008005470       0xa0 build/obj/usb_lld.o
                0x0000000008005470                usb_lld_prepare_transmit
 .text.usb_lld_start_out
                0x0000000008005510       0x40 build/obj/usb_lld.o
                0x0000000008005510                usb_lld_start_out
 .text.usb_lld_start_in
                0x0000000008005550       0x50 build/obj/usb_lld.o
                0x0000000008005550                usb_lld_start_in
 .text.usb_lld_stall_out
                0x00000000080055a0       0x40 build/obj/usb_lld.o
                0x00000000080055a0                usb_lld_stall_out
 .text.usb_lld_stall_in
                0x00000000080055e0       0x40 build/obj/usb_lld.o
                0x00000000080055e0                usb_lld_stall_in
 .text.usb_lld_clear_out
                0x0000000008005620       0x40 build/obj/usb_lld.o
                0x0000000008005620                usb_lld_clear_out
 .text.usb_lld_clear_in
                0x0000000008005660       0x40 build/obj/usb_lld.o
                0x0000000008005660                usb_lld_clear_in
 .text._strtok  0x00000000080056a0       0x70 build/obj/shell.o
 .text.usage    0x0000000008005710       0x20 build/obj/shell.o
 .text.list_commands
                0x0000000008005730       0x30 build/obj/shell.o
 .text.cmd_info
                0x0000000008005760       0xd0 build/obj/shell.o
 .text.cmd_systime
                0x0000000008005830       0x40 build/obj/shell.o
 .text.cmdexec  0x0000000008005870       0x50 build/obj/shell.o
 .text.shell_thread
                0x00000000080058c0      0x1c0 build/obj/shell.o
 .text.shellCreate
                0x0000000008005a80       0x30 build/obj/shell.o
                0x0000000008005a80                shellCreate
 .text.shellGetLine
                0x0000000008005ab0       0xf0 build/obj/shell.o
                0x0000000008005ab0                shellGetLine
 .text.long_to_string_with_divisor
                0x0000000008005ba0       0xa0 build/obj/chprintf.o
 .text.ltoa     0x0000000008005c40       0x20 build/obj/chprintf.o
 .text.chprintf
                0x0000000008005c60      0x420 build/obj/chprintf.o
                0x0000000008005c60                chprintf
 .text.atoi     0x0000000008006080        0x8 /usr/lib/gcc/arm-none-eabi/4.8/../../../arm-none-eabi/lib/armv7e-m/libc.a(lib_a-atoi.o)
                0x0000000008006080                atoi
 *fill*         0x0000000008006088        0x8 
 .text.memset   0x0000000008006090       0x94 /usr/lib/gcc/arm-none-eabi/4.8/../../../arm-none-eabi/lib/armv7e-m/libc.a(lib_a-memset.o)
                0x0000000008006090                memset
 *fill*         0x0000000008006124        0xc 
 .text.strcasecmp
                0x0000000008006130       0x44 /usr/lib/gcc/arm-none-eabi/4.8/../../../arm-none-eabi/lib/armv7e-m/libc.a(lib_a-strcasecmp.o)
                0x0000000008006130                strcasecmp
 *fill*         0x0000000008006174        0xc 
 .text.strpbrk  0x0000000008006180       0x50 /usr/lib/gcc/arm-none-eabi/4.8/../../../arm-none-eabi/lib/armv7e-m/libc.a(lib_a-strpbrk.o)
                0x0000000008006180                strpbrk
 .text.strspn   0x00000000080061d0       0x40 /usr/lib/gcc/arm-none-eabi/4.8/../../../arm-none-eabi/lib/armv7e-m/libc.a(lib_a-strspn.o)
                0x00000000080061d0                strspn
 .text._strtol_r
                0x0000000008006210      0x114 /usr/lib/gcc/arm-none-eabi/4.8/../../../arm-none-eabi/lib/armv7e-m/libc.a(lib_a-strtol.o)
                0x0000000008006210                _strtol_r
 *fill*         0x0000000008006324        0xc 
 .text.strtol   0x0000000008006330       0x18 /usr/lib/gcc/arm-none-eabi/4.8/../../../arm-none-eabi/lib/armv7e-m/libc.a(lib_a-strtol.o)
                0x0000000008006330                strtol
 *(.rodata)
 *fill*         0x0000000008006348        0x8 
 .rodata        0x0000000008006350       0x50 build/obj/main.o
 .rodata        0x00000000080063a0       0x5c build/obj/myMisc.o
 *fill*         0x00000000080063fc        0x4 
 .rodata        0x0000000008006400      0x378 build/obj/menu.o
 *fill*         0x0000000008006778        0x8 
 .rodata        0x0000000008006780        0xc build/obj/buttonpush.o
 *fill*         0x000000000800678c        0x4 
 .rodata        0x0000000008006790        0x8 build/obj/chsys.o
 *fill*         0x0000000008006798        0x8 
 .rodata        0x00000000080067a0       0x58 build/obj/chdebug.o
 *fill*         0x00000000080067f8        0x8 
 .rodata        0x0000000008006800       0x34 build/obj/chvt.o
 *fill*         0x0000000008006834        0xc 
 .rodata        0x0000000008006840       0x24 build/obj/chschd.o
 *fill*         0x0000000008006864        0xc 
 .rodata        0x0000000008006870       0x94 build/obj/chthreads.o
 *fill*         0x0000000008006904        0xc 
 .rodata        0x0000000008006910       0x48 build/obj/chdynamic.o
 *fill*         0x0000000008006958        0x8 
 .rodata        0x0000000008006960       0x18 build/obj/chregistry.o
 *fill*         0x0000000008006978        0x8 
 .rodata        0x0000000008006980      0x148 build/obj/chsem.o
 *fill*         0x0000000008006ac8        0x8 
 .rodata        0x0000000008006ad0       0xac build/obj/chmtx.o
 *fill*         0x0000000008006b7c        0x4 
 .rodata        0x0000000008006b80       0x90 build/obj/chevents.o
 .rodata        0x0000000008006c10       0x2c build/obj/chqueues.o
 *fill*         0x0000000008006c3c        0x4 
 .rodata        0x0000000008006c40       0x34 build/obj/chheap.o
 *fill*         0x0000000008006c74        0xc 
 .rodata        0x0000000008006c80       0x48 build/obj/chmempools.o
 *fill*         0x0000000008006cc8        0x8 
 .rodata        0x0000000008006cd0       0x3c build/obj/serial_usb.o
 *fill*         0x0000000008006d0c        0x4 
 .rodata        0x0000000008006d10      0x124 build/obj/usb.o
 *fill*         0x0000000008006e34        0xc 
 .rodata        0x0000000008006e40       0x28 build/obj/usb_lld.o
 *fill*         0x0000000008006e68        0x8 
 .rodata        0x0000000008006e70      0x218 build/obj/shell.o
 *fill*         0x0000000008007088        0x8 
 .rodata        0x0000000008007090        0x8 build/obj/chprintf.o
 *(.rodata.*)
 *fill*         0x0000000008007098        0x8 
 .rodata.commands
                0x00000000080070a0       0x60 build/obj/main.o
 .rodata.shell_cfg1
                0x0000000008007100        0x8 build/obj/main.o
 *fill*         0x0000000008007108        0x8 
 .rodata.vcom_device_descriptor_data
                0x0000000008007110       0x14 build/obj/usbcfg.o
 *fill*         0x0000000008007124        0xc 
 .rodata.vcom_device_descriptor
                0x0000000008007130        0x8 build/obj/usbcfg.o
 *fill*         0x0000000008007138        0x8 
 .rodata.vcom_configuration_descriptor_data
                0x0000000008007140       0x44 build/obj/usbcfg.o
 *fill*         0x0000000008007184        0xc 
 .rodata.vcom_configuration_descriptor
                0x0000000008007190        0x8 build/obj/usbcfg.o
 *fill*         0x0000000008007198        0x8 
 .rodata.vcom_string0
                0x00000000080071a0        0x4 build/obj/usbcfg.o
 *fill*         0x00000000080071a4        0xc 
 .rodata.vcom_string1
                0x00000000080071b0       0x28 build/obj/usbcfg.o
 *fill*         0x00000000080071d8        0x8 
 .rodata.vcom_string2
                0x00000000080071e0       0x38 build/obj/usbcfg.o
 *fill*         0x0000000008007218        0x8 
 .rodata.vcom_string3
                0x0000000008007220        0x8 build/obj/usbcfg.o
 *fill*         0x0000000008007228        0x8 
 .rodata.vcom_strings
                0x0000000008007230       0x20 build/obj/usbcfg.o
 .rodata.ep1config
                0x0000000008007250       0x24 build/obj/usbcfg.o
 *fill*         0x0000000008007274        0xc 
 .rodata.ep2config
                0x0000000008007280       0x24 build/obj/usbcfg.o
 *fill*         0x00000000080072a4        0xc 
 .rodata.usbcfg
                0x00000000080072b0       0x10 build/obj/usbcfg.o
                0x00000000080072b0                usbcfg
 .rodata.serusbcfg
                0x00000000080072c0        0x4 build/obj/usbcfg.o
                0x00000000080072c0                serusbcfg
 *fill*         0x00000000080072c4        0xc 
 .rodata.pal_default_config
                0x00000000080072d0       0xfc build/obj/board.o
                0x00000000080072d0                pal_default_config
 *fill*         0x00000000080073cc        0x4 
 .rodata.ch_debug
                0x00000000080073d0       0x18 build/obj/chregistry.o
                0x00000000080073d0                ch_debug
 *fill*         0x00000000080073e8        0x8 
 .rodata.vmt    0x00000000080073f0       0x20 build/obj/serial_usb.o
 .rodata.zero_status
                0x0000000008007410        0x4 build/obj/usb.o
 *fill*         0x0000000008007414        0xc 
 .rodata.active_status
                0x0000000008007420        0x4 build/obj/usb.o
 *fill*         0x0000000008007424        0xc 
 .rodata.halted_status
                0x0000000008007430        0x4 build/obj/usb.o
 *fill*         0x0000000008007434        0xc 
 .rodata.ep0config
                0x0000000008007440       0x24 build/obj/usb_lld.o
 *fill*         0x0000000008007464        0xc 
 .rodata.fsparams
                0x0000000008007470        0xc build/obj/usb_lld.o
 *fill*         0x000000000800747c        0x4 
 .rodata._ctype_
                0x0000000008007480      0x104 /usr/lib/gcc/arm-none-eabi/4.8/../../../arm-none-eabi/lib/armv7e-m/libc.a(lib_a-ctype_.o)
                0x0000000008007480                _ctype_
 *fill*         0x0000000008007584        0xc 
 .rodata.str1.4
                0x0000000008007590        0x4 /usr/lib/gcc/arm-none-eabi/4.8/../../../arm-none-eabi/lib/armv7e-m/libc.a(lib_a-impure.o)
 *(.glue_7t)
 .glue_7t       0x0000000008007594        0x0 linker stubs
 *(.glue_7)
 .glue_7        0x0000000008007594        0x0 linker stubs
 *(.gcc*)

.vfp11_veneer   0x0000000008007594        0x0
 .vfp11_veneer  0x0000000008007594        0x0 linker stubs

.v4_bx          0x0000000008007594        0x0
 .v4_bx         0x0000000008007594        0x0 linker stubs

.iplt           0x0000000008007594        0x0
 .iplt          0x0000000008007594        0x0 build/obj/main.o

.rel.dyn        0x0000000008007594        0x0
 .rel.iplt      0x0000000008007594        0x0 build/obj/main.o

.ARM.extab
 *(.ARM.extab* .gnu.linkonce.armextab.*)

.ARM.exidx      0x0000000008007594        0x0
                0x0000000008007594                PROVIDE (__exidx_start, .)
 *(.ARM.exidx* .gnu.linkonce.armexidx.*)
                0x0000000008007594                PROVIDE (__exidx_end, .)

.eh_frame_hdr
 *(.eh_frame_hdr)

.eh_frame
 *(.eh_frame)

.textalign      0x0000000008007594        0x4
                0x0000000008007598                . = ALIGN (0x8)
 *fill*         0x0000000008007594        0x4 
                0x0000000008007598                _etext = .
                0x0000000008007598                _textdata = _etext

.stacks         0x0000000020000000      0x800
                0x0000000020000000                . = ALIGN (0x8)
                0x0000000020000000                __main_stack_base__ = .
                0x0000000020000400                . = (. + __main_stack_size__)
 *fill*         0x0000000020000000      0x400 
                0x0000000020000400                . = ALIGN (0x8)
                0x0000000020000400                __main_stack_end__ = .
                0x0000000020000400                __process_stack_base__ = .
                0x0000000020000400                __main_thread_stack_base__ = .
                0x0000000020000800                . = (. + __process_stack_size__)
 *fill*         0x0000000020000400      0x400 
                0x0000000020000800                . = ALIGN (0x8)
                0x0000000020000800                __process_stack_end__ = .
                0x0000000020000800                __main_thread_stack_end__ = .

.data           0x0000000020000800      0x4ac load address 0x0000000008007598
                0x0000000020000800                . = ALIGN (0x4)
                0x0000000020000800                PROVIDE (_data, .)
 *(.data)
                0x0000000020000800                . = ALIGN (0x4)
 *(.data.*)
 .data.states.7746
                0x0000000020000800       0x3c build/obj/menu.o
 .data.blinkspeed
                0x000000002000083c        0x4 build/obj/config.o
                0x000000002000083c                blinkspeed
 .data.blinkmin
                0x0000000020000840        0x4 build/obj/config.o
                0x0000000020000840                blinkmin
 .data.blinkmax
                0x0000000020000844        0x4 build/obj/config.o
                0x0000000020000844                blinkmax
 .data.led1     0x0000000020000848        0x4 build/obj/config.o
                0x0000000020000848                led1
 .data.led2     0x000000002000084c        0x4 build/obj/config.o
                0x000000002000084c                led2
 .data.led3     0x0000000020000850        0x4 build/obj/config.o
                0x0000000020000850                led3
 .data.led4     0x0000000020000854        0x4 build/obj/config.o
                0x0000000020000854                led4
 .data.linecoding
                0x0000000020000858        0x8 build/obj/serial_usb.o
 .data.local_commands
                0x0000000020000860       0x18 build/obj/shell.o
 .data.__ctype_ptr__
                0x0000000020000878        0x4 /usr/lib/gcc/arm-none-eabi/4.8/../../../arm-none-eabi/lib/armv7e-m/libc.a(lib_a-ctype_.o)
                0x0000000020000878                __ctype_ptr__
 *fill*         0x000000002000087c        0x4 
 .data.impure_data
                0x0000000020000880      0x428 /usr/lib/gcc/arm-none-eabi/4.8/../../../arm-none-eabi/lib/armv7e-m/libc.a(lib_a-impure.o)
 .data._impure_ptr
                0x0000000020000ca8        0x4 /usr/lib/gcc/arm-none-eabi/4.8/../../../arm-none-eabi/lib/armv7e-m/libc.a(lib_a-impure.o)
                0x0000000020000ca8                _impure_ptr
                0x0000000020000cac                . = ALIGN (0x4)
 *(.ramtext)
                0x0000000020000cac                . = ALIGN (0x4)
                0x0000000020000cac                PROVIDE (_edata, .)

.igot.plt       0x0000000020000cac        0x0 load address 0x0000000008007a44
 .igot.plt      0x0000000020000cac        0x0 build/obj/main.o

.bss            0x0000000020000cb0      0xe64 load address 0x0000000008007a44
                0x0000000020000cb0                . = ALIGN (0x4)
                0x0000000020000cb0                PROVIDE (_bss_start, .)
 *(.bss)
                0x0000000020000cb0                . = ALIGN (0x4)
 *(.bss.*)
 .bss.SDU1      0x0000000020000cb0      0x258 build/obj/main.o
 .bss.waThread1
                0x0000000020000f08      0x1b8 build/obj/myMisc.o
 .bss.ep1instate
                0x00000000200010c0       0x10 build/obj/usbcfg.o
 .bss.ep1outstate
                0x00000000200010d0       0x10 build/obj/usbcfg.o
 .bss.ep2instate
                0x00000000200010e0       0x10 build/obj/usbcfg.o
 .bss.dir       0x00000000200010f0        0x4 build/obj/config.o
                0x00000000200010f0                dir
 .bss.presses   0x00000000200010f4        0x4 build/obj/config.o
                0x00000000200010f4                presses
 .bss.my_bsem   0x00000000200010f8        0xc build/obj/config.o
                0x00000000200010f8                my_bsem
 *fill*         0x0000000020001104        0x4 
 .bss.waThread2
                0x0000000020001108      0x1b8 build/obj/buttonpush.o
 .bss._idle_thread_wa
                0x00000000200012c0      0x148 build/obj/chsys.o
                0x00000000200012c0                _idle_thread_wa
 .bss.mainthread.4881
                0x0000000020001408       0x4c build/obj/chsys.o
 .bss.dbg_isr_cnt
                0x0000000020001454        0x4 build/obj/chdebug.o
                0x0000000020001454                dbg_isr_cnt
 .bss.dbg_lock_cnt
                0x0000000020001458        0x4 build/obj/chdebug.o
                0x0000000020001458                dbg_lock_cnt
 .bss.dbg_trace_buffer
                0x000000002000145c      0x408 build/obj/chdebug.o
                0x000000002000145c                dbg_trace_buffer
 .bss.dbg_panic_msg
                0x0000000020001864        0x4 build/obj/chdebug.o
                0x0000000020001864                dbg_panic_msg
 .bss.vtlist    0x0000000020001868       0x10 build/obj/chvt.o
                0x0000000020001868                vtlist
 .bss.rlist     0x0000000020001878       0x1c build/obj/chschd.o
                0x0000000020001878                rlist
 .bss.nextmem   0x0000000020001894        0x4 build/obj/chmemcore.o
 .bss.endmem    0x0000000020001898        0x4 build/obj/chmemcore.o
 *fill*         0x000000002000189c        0x4 
 .bss.default_heap
                0x00000000200018a0       0x20 build/obj/chheap.o
 .bss.measurement_offset
                0x00000000200018c0        0x4 build/obj/tm.o
 .bss.GPTD1     0x00000000200018c4       0x10 build/obj/gpt_lld.o
                0x00000000200018c4                GPTD1
 .bss.GPTD2     0x00000000200018d4       0x10 build/obj/gpt_lld.o
                0x00000000200018d4                GPTD2
 *fill*         0x00000000200018e4        0x4 
 .bss.USBD1     0x00000000200018e8      0x210 build/obj/usb_lld.o
                0x00000000200018e8                USBD1
 .bss.ep0_state
                0x0000000020001af8       0x10 build/obj/usb_lld.o
 .bss.ep0setup_buffer
                0x0000000020001b08        0x8 build/obj/usb_lld.o
 .bss.shell_terminated
                0x0000000020001b10        0x4 build/obj/shell.o
                0x0000000020001b10                shell_terminated
                0x0000000020001b14                . = ALIGN (0x4)
 *(COMMON)
                0x0000000020001b14                . = ALIGN (0x4)
                0x0000000020001b14                PROVIDE (_bss_end, .)
                0x0000000020001b14                PROVIDE (end, .)
                0x0000000020001b14                _end = .
                0x0000000020001b14                __heap_base__ = _end
                0x000000002001c000                __heap_end__ = __ram_end__
OUTPUT(build/ch.elf elf32-littlearm)

.debug_info     0x0000000000000000    0x18654
 .debug_info    0x0000000000000000     0x1518 build/obj/main.o
 .debug_info    0x0000000000001518     0x1724 build/obj/myMisc.o
 .debug_info    0x0000000000002c3c     0x12e8 build/obj/usbcfg.o
 .debug_info    0x0000000000003f24      0x1d7 build/obj/board.o
 .debug_info    0x00000000000040fb     0x17e9 build/obj/menu.o
 .debug_info    0x00000000000058e4      0x70a build/obj/config.o
 .debug_info    0x0000000000005fee      0x710 build/obj/buttonpush.o
 .debug_info    0x00000000000066fe      0x47b build/obj/crt0.o
 .debug_info    0x0000000000006b79       0xaf build/obj/vectors.o
 .debug_info    0x0000000000006c28       0x87 build/obj/chcore.o
 .debug_info    0x0000000000006caf      0x9b1 build/obj/chcore_v7m.o
 .debug_info    0x0000000000007660      0x3f3 build/obj/nvic.o
 .debug_info    0x0000000000007a53      0x820 build/obj/chsys.o
 .debug_info    0x0000000000008273      0x837 build/obj/chdebug.o
 .debug_info    0x0000000000008aaa      0x25d build/obj/chvt.o
 .debug_info    0x0000000000008d07      0x889 build/obj/chschd.o
 .debug_info    0x0000000000009590      0xae1 build/obj/chthreads.o
 .debug_info    0x000000000000a071      0x7f8 build/obj/chdynamic.o
 .debug_info    0x000000000000a869      0x6fe build/obj/chregistry.o
 .debug_info    0x000000000000af67      0x953 build/obj/chsem.o
 .debug_info    0x000000000000b8ba      0x8a0 build/obj/chmtx.o
 .debug_info    0x000000000000c15a      0xd1b build/obj/chevents.o
 .debug_info    0x000000000000ce75      0xb03 build/obj/chqueues.o
 .debug_info    0x000000000000d978      0x1d3 build/obj/chmemcore.o
 .debug_info    0x000000000000db4b      0x6ee build/obj/chheap.o
 .debug_info    0x000000000000e239      0x2e0 build/obj/chmempools.o
 .debug_info    0x000000000000e519      0x2e5 build/obj/hal.o
 .debug_info    0x000000000000e7fe      0x63e build/obj/gpt.o
 .debug_info    0x000000000000ee3c     0x19b2 build/obj/serial_usb.o
 .debug_info    0x00000000000107ee      0x265 build/obj/tm.o
 .debug_info    0x0000000000010a53     0x1769 build/obj/usb.o
 .debug_info    0x00000000000121bc      0x458 build/obj/hal_lld.o
 .debug_info    0x0000000000012614      0x8d7 build/obj/gpt_lld.o
 .debug_info    0x0000000000012eeb      0x594 build/obj/pal_lld.o
 .debug_info    0x000000000001347f     0x21ae build/obj/usb_lld.o
 .debug_info    0x000000000001562d      0xbb0 build/obj/shell.o
 .debug_info    0x00000000000161dd      0x39f build/obj/chprintf.o
 .debug_info    0x000000000001657c      0x941 /usr/lib/gcc/arm-none-eabi/4.8/../../../arm-none-eabi/lib/armv7e-m/libc.a(lib_a-atoi.o)
 .debug_info    0x0000000000016ebd       0xd7 /usr/lib/gcc/arm-none-eabi/4.8/../../../arm-none-eabi/lib/armv7e-m/libc.a(lib_a-memcpy.o)
 .debug_info    0x0000000000016f94      0x117 /usr/lib/gcc/arm-none-eabi/4.8/../../../arm-none-eabi/lib/armv7e-m/libc.a(lib_a-memset.o)
 .debug_info    0x00000000000170ab      0x15d /usr/lib/gcc/arm-none-eabi/4.8/../../../arm-none-eabi/lib/armv7e-m/libc.a(lib_a-strcasecmp.o)
 .debug_info    0x0000000000017208       0xc8 /usr/lib/gcc/arm-none-eabi/4.8/../../../arm-none-eabi/lib/armv7e-m/libc.a(lib_a-strpbrk.o)
 .debug_info    0x00000000000172d0       0xda /usr/lib/gcc/arm-none-eabi/4.8/../../../arm-none-eabi/lib/armv7e-m/libc.a(lib_a-strspn.o)
 .debug_info    0x00000000000173aa      0x9a7 /usr/lib/gcc/arm-none-eabi/4.8/../../../arm-none-eabi/lib/armv7e-m/libc.a(lib_a-strtol.o)
 .debug_info    0x0000000000017d51       0x6f /usr/lib/gcc/arm-none-eabi/4.8/../../../arm-none-eabi/lib/armv7e-m/libc.a(lib_a-ctype_.o)
 .debug_info    0x0000000000017dc0      0x894 /usr/lib/gcc/arm-none-eabi/4.8/../../../arm-none-eabi/lib/armv7e-m/libc.a(lib_a-impure.o)

.debug_abbrev   0x0000000000000000     0x43af
 .debug_abbrev  0x0000000000000000      0x1ec build/obj/main.o
 .debug_abbrev  0x00000000000001ec      0x252 build/obj/myMisc.o
 .debug_abbrev  0x000000000000043e      0x234 build/obj/usbcfg.o
 .debug_abbrev  0x0000000000000672       0xc2 build/obj/board.o
 .debug_abbrev  0x0000000000000734      0x24f build/obj/menu.o
 .debug_abbrev  0x0000000000000983      0x151 build/obj/config.o
 .debug_abbrev  0x0000000000000ad4      0x158 build/obj/buttonpush.o
 .debug_abbrev  0x0000000000000c2c       0xfe build/obj/crt0.o
 .debug_abbrev  0x0000000000000d2a       0x73 build/obj/vectors.o
 .debug_abbrev  0x0000000000000d9d       0x40 build/obj/chcore.o
 .debug_abbrev  0x0000000000000ddd      0x184 build/obj/chcore_v7m.o
 .debug_abbrev  0x0000000000000f61      0x10c build/obj/nvic.o
 .debug_abbrev  0x000000000000106d      0x189 build/obj/chsys.o
 .debug_abbrev  0x00000000000011f6      0x1e6 build/obj/chdebug.o
 .debug_abbrev  0x00000000000013dc      0x122 build/obj/chvt.o
 .debug_abbrev  0x00000000000014fe      0x200 build/obj/chschd.o
 .debug_abbrev  0x00000000000016fe      0x228 build/obj/chthreads.o
 .debug_abbrev  0x0000000000001926      0x179 build/obj/chdynamic.o
 .debug_abbrev  0x0000000000001a9f      0x147 build/obj/chregistry.o
 .debug_abbrev  0x0000000000001be6      0x1d3 build/obj/chsem.o
 .debug_abbrev  0x0000000000001db9      0x1c4 build/obj/chmtx.o
 .debug_abbrev  0x0000000000001f7d      0x1fa build/obj/chevents.o
 .debug_abbrev  0x0000000000002177      0x240 build/obj/chqueues.o
 .debug_abbrev  0x00000000000023b7       0xf5 build/obj/chmemcore.o
 .debug_abbrev  0x00000000000024ac      0x17d build/obj/chheap.o
 .debug_abbrev  0x0000000000002629      0x120 build/obj/chmempools.o
 .debug_abbrev  0x0000000000002749      0x125 build/obj/hal.o
 .debug_abbrev  0x000000000000286e      0x16b build/obj/gpt.o
 .debug_abbrev  0x00000000000029d9      0x308 build/obj/serial_usb.o
 .debug_abbrev  0x0000000000002ce1      0x126 build/obj/tm.o
 .debug_abbrev  0x0000000000002e07      0x2a7 build/obj/usb.o
 .debug_abbrev  0x00000000000030ae      0x100 build/obj/hal_lld.o
 .debug_abbrev  0x00000000000031ae      0x1b8 build/obj/gpt_lld.o
 .debug_abbrev  0x0000000000003366      0x16e build/obj/pal_lld.o
 .debug_abbrev  0x00000000000034d4      0x399 build/obj/usb_lld.o
 .debug_abbrev  0x000000000000386d      0x1df build/obj/shell.o
 .debug_abbrev  0x0000000000003a4c      0x153 build/obj/chprintf.o
 .debug_abbrev  0x0000000000003b9f      0x1d1 /usr/lib/gcc/arm-none-eabi/4.8/../../../arm-none-eabi/lib/armv7e-m/libc.a(lib_a-atoi.o)
 .debug_abbrev  0x0000000000003d70       0x14 /usr/lib/gcc/arm-none-eabi/4.8/../../../arm-none-eabi/lib/armv7e-m/libc.a(lib_a-memcpy.o)
 .debug_abbrev  0x0000000000003d84       0x9f /usr/lib/gcc/arm-none-eabi/4.8/../../../arm-none-eabi/lib/armv7e-m/libc.a(lib_a-memset.o)
 .debug_abbrev  0x0000000000003e23       0xa8 /usr/lib/gcc/arm-none-eabi/4.8/../../../arm-none-eabi/lib/armv7e-m/libc.a(lib_a-strcasecmp.o)
 .debug_abbrev  0x0000000000003ecb       0x81 /usr/lib/gcc/arm-none-eabi/4.8/../../../arm-none-eabi/lib/armv7e-m/libc.a(lib_a-strpbrk.o)
 .debug_abbrev  0x0000000000003f4c       0x8e /usr/lib/gcc/arm-none-eabi/4.8/../../../arm-none-eabi/lib/armv7e-m/libc.a(lib_a-strspn.o)
 .debug_abbrev  0x0000000000003fda      0x207 /usr/lib/gcc/arm-none-eabi/4.8/../../../arm-none-eabi/lib/armv7e-m/libc.a(lib_a-strtol.o)
 .debug_abbrev  0x00000000000041e1       0x4e /usr/lib/gcc/arm-none-eabi/4.8/../../../arm-none-eabi/lib/armv7e-m/libc.a(lib_a-ctype_.o)
 .debug_abbrev  0x000000000000422f      0x180 /usr/lib/gcc/arm-none-eabi/4.8/../../../arm-none-eabi/lib/armv7e-m/libc.a(lib_a-impure.o)

.debug_aranges  0x0000000000000000      0xd88
 .debug_aranges
                0x0000000000000000       0x20 build/obj/main.o
 .debug_aranges
                0x0000000000000020       0x28 build/obj/myMisc.o
 .debug_aranges
                0x0000000000000048       0x28 build/obj/usbcfg.o
 .debug_aranges
                0x0000000000000070       0x28 build/obj/board.o
 .debug_aranges
                0x0000000000000098       0x70 build/obj/menu.o
 .debug_aranges
                0x0000000000000108       0x20 build/obj/config.o
 .debug_aranges
                0x0000000000000128       0x28 build/obj/buttonpush.o
 .debug_aranges
                0x0000000000000150       0x38 build/obj/crt0.o
 .debug_aranges
                0x0000000000000188       0x20 build/obj/vectors.o
 .debug_aranges
                0x00000000000001a8       0x20 build/obj/chcore.o
 .debug_aranges
                0x00000000000001c8       0x50 build/obj/chcore_v7m.o
 .debug_aranges
                0x0000000000000218       0x30 build/obj/nvic.o
 .debug_aranges
                0x0000000000000248       0x30 build/obj/chsys.o
 .debug_aranges
                0x0000000000000278       0x88 build/obj/chdebug.o
 .debug_aranges
                0x0000000000000300       0x38 build/obj/chvt.o
 .debug_aranges
                0x0000000000000338       0x78 build/obj/chschd.o
 .debug_aranges
                0x00000000000003b0       0x90 build/obj/chthreads.o
 .debug_aranges
                0x0000000000000440       0x38 build/obj/chdynamic.o
 .debug_aranges
                0x0000000000000478       0x28 build/obj/chregistry.o
 .debug_aranges
                0x00000000000004a0       0x88 build/obj/chsem.o
 .debug_aranges
                0x0000000000000528       0x70 build/obj/chmtx.o
 .debug_aranges
                0x0000000000000598       0xa0 build/obj/chevents.o
 .debug_aranges
                0x0000000000000638       0x80 build/obj/chqueues.o
 .debug_aranges
                0x00000000000006b8       0x38 build/obj/chmemcore.o
 .debug_aranges
                0x00000000000006f0       0x40 build/obj/chheap.o
 .debug_aranges
                0x0000000000000730       0x48 build/obj/chmempools.o
 .debug_aranges
                0x0000000000000778       0x30 build/obj/hal.o
 .debug_aranges
                0x00000000000007a8       0x70 build/obj/gpt.o
 .debug_aranges
                0x0000000000000818       0xb0 build/obj/serial_usb.o
 .debug_aranges
                0x00000000000008c8       0x38 build/obj/tm.o
 .debug_aranges
                0x0000000000000900       0xb8 build/obj/usb.o
 .debug_aranges
                0x00000000000009b8       0x30 build/obj/hal_lld.o
 .debug_aranges
                0x00000000000009e8       0x60 build/obj/gpt_lld.o
 .debug_aranges
                0x0000000000000a48       0x30 build/obj/pal_lld.o
 .debug_aranges
                0x0000000000000a78      0x150 build/obj/usb_lld.o
 .debug_aranges
                0x0000000000000bc8       0x70 build/obj/shell.o
 .debug_aranges
                0x0000000000000c38       0x30 build/obj/chprintf.o
 .debug_aranges
                0x0000000000000c68       0x28 /usr/lib/gcc/arm-none-eabi/4.8/../../../arm-none-eabi/lib/armv7e-m/libc.a(lib_a-atoi.o)
 .debug_aranges
                0x0000000000000c90       0x20 /usr/lib/gcc/arm-none-eabi/4.8/../../../arm-none-eabi/lib/armv7e-m/libc.a(lib_a-memcpy.o)
 .debug_aranges
                0x0000000000000cb0       0x20 /usr/lib/gcc/arm-none-eabi/4.8/../../../arm-none-eabi/lib/armv7e-m/libc.a(lib_a-memset.o)
 .debug_aranges
                0x0000000000000cd0       0x20 /usr/lib/gcc/arm-none-eabi/4.8/../../../arm-none-eabi/lib/armv7e-m/libc.a(lib_a-strcasecmp.o)
 .debug_aranges
                0x0000000000000cf0       0x20 /usr/lib/gcc/arm-none-eabi/4.8/../../../arm-none-eabi/lib/armv7e-m/libc.a(lib_a-strpbrk.o)
 .debug_aranges
                0x0000000000000d10       0x20 /usr/lib/gcc/arm-none-eabi/4.8/../../../arm-none-eabi/lib/armv7e-m/libc.a(lib_a-strspn.o)
 .debug_aranges
                0x0000000000000d30       0x28 /usr/lib/gcc/arm-none-eabi/4.8/../../../arm-none-eabi/lib/armv7e-m/libc.a(lib_a-strtol.o)
 .debug_aranges
                0x0000000000000d58       0x18 /usr/lib/gcc/arm-none-eabi/4.8/../../../arm-none-eabi/lib/armv7e-m/libc.a(lib_a-ctype_.o)
 .debug_aranges
                0x0000000000000d70       0x18 /usr/lib/gcc/arm-none-eabi/4.8/../../../arm-none-eabi/lib/armv7e-m/libc.a(lib_a-impure.o)

.debug_ranges   0x0000000000000000      0xa88
 .debug_ranges  0x0000000000000000       0x10 build/obj/main.o
 .debug_ranges  0x0000000000000010       0x18 build/obj/myMisc.o
 .debug_ranges  0x0000000000000028       0x18 build/obj/usbcfg.o
 .debug_ranges  0x0000000000000040       0x18 build/obj/board.o
 .debug_ranges  0x0000000000000058       0x60 build/obj/menu.o
 .debug_ranges  0x00000000000000b8       0x10 build/obj/config.o
 .debug_ranges  0x00000000000000c8       0x18 build/obj/buttonpush.o
 .debug_ranges  0x00000000000000e0       0x28 build/obj/crt0.o
 .debug_ranges  0x0000000000000108       0x10 build/obj/vectors.o
 .debug_ranges  0x0000000000000118       0x10 build/obj/chcore.o
 .debug_ranges  0x0000000000000128       0x40 build/obj/chcore_v7m.o
 .debug_ranges  0x0000000000000168       0x20 build/obj/nvic.o
 .debug_ranges  0x0000000000000188       0x20 build/obj/chsys.o
 .debug_ranges  0x00000000000001a8       0x78 build/obj/chdebug.o
 .debug_ranges  0x0000000000000220       0x28 build/obj/chvt.o
 .debug_ranges  0x0000000000000248       0x68 build/obj/chschd.o
 .debug_ranges  0x00000000000002b0       0x80 build/obj/chthreads.o
 .debug_ranges  0x0000000000000330       0x28 build/obj/chdynamic.o
 .debug_ranges  0x0000000000000358       0x18 build/obj/chregistry.o
 .debug_ranges  0x0000000000000370       0x78 build/obj/chsem.o
 .debug_ranges  0x00000000000003e8       0x60 build/obj/chmtx.o
 .debug_ranges  0x0000000000000448       0x90 build/obj/chevents.o
 .debug_ranges  0x00000000000004d8       0x70 build/obj/chqueues.o
 .debug_ranges  0x0000000000000548       0x28 build/obj/chmemcore.o
 .debug_ranges  0x0000000000000570       0x30 build/obj/chheap.o
 .debug_ranges  0x00000000000005a0       0x38 build/obj/chmempools.o
 .debug_ranges  0x00000000000005d8       0x20 build/obj/hal.o
 .debug_ranges  0x00000000000005f8       0x60 build/obj/gpt.o
 .debug_ranges  0x0000000000000658       0xa0 build/obj/serial_usb.o
 .debug_ranges  0x00000000000006f8       0x28 build/obj/tm.o
 .debug_ranges  0x0000000000000720       0xa8 build/obj/usb.o
 .debug_ranges  0x00000000000007c8       0x20 build/obj/hal_lld.o
 .debug_ranges  0x00000000000007e8       0x50 build/obj/gpt_lld.o
 .debug_ranges  0x0000000000000838       0x20 build/obj/pal_lld.o
 .debug_ranges  0x0000000000000858      0x140 build/obj/usb_lld.o
 .debug_ranges  0x0000000000000998       0x60 build/obj/shell.o
 .debug_ranges  0x00000000000009f8       0x20 build/obj/chprintf.o
 .debug_ranges  0x0000000000000a18       0x18 /usr/lib/gcc/arm-none-eabi/4.8/../../../arm-none-eabi/lib/armv7e-m/libc.a(lib_a-atoi.o)
 .debug_ranges  0x0000000000000a30       0x10 /usr/lib/gcc/arm-none-eabi/4.8/../../../arm-none-eabi/lib/armv7e-m/libc.a(lib_a-memset.o)
 .debug_ranges  0x0000000000000a40       0x10 /usr/lib/gcc/arm-none-eabi/4.8/../../../arm-none-eabi/lib/armv7e-m/libc.a(lib_a-strcasecmp.o)
 .debug_ranges  0x0000000000000a50       0x10 /usr/lib/gcc/arm-none-eabi/4.8/../../../arm-none-eabi/lib/armv7e-m/libc.a(lib_a-strpbrk.o)
 .debug_ranges  0x0000000000000a60       0x10 /usr/lib/gcc/arm-none-eabi/4.8/../../../arm-none-eabi/lib/armv7e-m/libc.a(lib_a-strspn.o)
 .debug_ranges  0x0000000000000a70       0x18 /usr/lib/gcc/arm-none-eabi/4.8/../../../arm-none-eabi/lib/armv7e-m/libc.a(lib_a-strtol.o)

.debug_line     0x0000000000000000     0x6522
 .debug_line    0x0000000000000000      0x2c7 build/obj/main.o
 .debug_line    0x00000000000002c7      0x32d build/obj/myMisc.o
 .debug_line    0x00000000000005f4      0x252 build/obj/usbcfg.o
 .debug_line    0x0000000000000846      0x122 build/obj/board.o
 .debug_line    0x0000000000000968      0x3ae build/obj/menu.o
 .debug_line    0x0000000000000d16      0x1be build/obj/config.o
 .debug_line    0x0000000000000ed4      0x210 build/obj/buttonpush.o
 .debug_line    0x00000000000010e4      0x16e build/obj/crt0.o
 .debug_line    0x0000000000001252       0x72 build/obj/vectors.o
 .debug_line    0x00000000000012c4       0x67 build/obj/chcore.o
 .debug_line    0x000000000000132b      0x207 build/obj/chcore_v7m.o
 .debug_line    0x0000000000001532       0xed build/obj/nvic.o
 .debug_line    0x000000000000161f      0x1af build/obj/chsys.o
 .debug_line    0x00000000000017ce      0x2b9 build/obj/chdebug.o
 .debug_line    0x0000000000001a87      0x1a5 build/obj/chvt.o
 .debug_line    0x0000000000001c2c      0x2e3 build/obj/chschd.o
 .debug_line    0x0000000000001f0f      0x344 build/obj/chthreads.o
 .debug_line    0x0000000000002253      0x21b build/obj/chdynamic.o
 .debug_line    0x000000000000246e      0x1ba build/obj/chregistry.o
 .debug_line    0x0000000000002628      0x3b9 build/obj/chsem.o
 .debug_line    0x00000000000029e1      0x2f9 build/obj/chmtx.o
 .debug_line    0x0000000000002cda      0x34d build/obj/chevents.o
 .debug_line    0x0000000000003027      0x335 build/obj/chqueues.o
 .debug_line    0x000000000000335c      0x123 build/obj/chmemcore.o
 .debug_line    0x000000000000347f      0x25d build/obj/chheap.o
 .debug_line    0x00000000000036dc      0x1d1 build/obj/chmempools.o
 .debug_line    0x00000000000038ad      0x238 build/obj/hal.o
 .debug_line    0x0000000000003ae5      0x287 build/obj/gpt.o
 .debug_line    0x0000000000003d6c      0x42a build/obj/serial_usb.o
 .debug_line    0x0000000000004196      0x1d0 build/obj/tm.o
 .debug_line    0x0000000000004366      0x55c build/obj/usb.o
 .debug_line    0x00000000000048c2      0x1c1 build/obj/hal_lld.o
 .debug_line    0x0000000000004a83      0x257 build/obj/gpt_lld.o
 .debug_line    0x0000000000004cda      0x1a3 build/obj/pal_lld.o
 .debug_line    0x0000000000004e7d      0x7cc build/obj/usb_lld.o
 .debug_line    0x0000000000005649      0x329 build/obj/shell.o
 .debug_line    0x0000000000005972      0x252 build/obj/chprintf.o
 .debug_line    0x0000000000005bc4      0x172 /usr/lib/gcc/arm-none-eabi/4.8/../../../arm-none-eabi/lib/armv7e-m/libc.a(lib_a-atoi.o)
 .debug_line    0x0000000000005d36       0xb8 /usr/lib/gcc/arm-none-eabi/4.8/../../../arm-none-eabi/lib/armv7e-m/libc.a(lib_a-memcpy.o)
 .debug_line    0x0000000000005dee      0x127 /usr/lib/gcc/arm-none-eabi/4.8/../../../arm-none-eabi/lib/armv7e-m/libc.a(lib_a-memset.o)
 .debug_line    0x0000000000005f15       0xe5 /usr/lib/gcc/arm-none-eabi/4.8/../../../arm-none-eabi/lib/armv7e-m/libc.a(lib_a-strcasecmp.o)
 .debug_line    0x0000000000005ffa       0xd6 /usr/lib/gcc/arm-none-eabi/4.8/../../../arm-none-eabi/lib/armv7e-m/libc.a(lib_a-strpbrk.o)
 .debug_line    0x00000000000060d0       0xfc /usr/lib/gcc/arm-none-eabi/4.8/../../../arm-none-eabi/lib/armv7e-m/libc.a(lib_a-strspn.o)
 .debug_line    0x00000000000061cc      0x1e9 /usr/lib/gcc/arm-none-eabi/4.8/../../../arm-none-eabi/lib/armv7e-m/libc.a(lib_a-strtol.o)
 .debug_line    0x00000000000063b5       0x78 /usr/lib/gcc/arm-none-eabi/4.8/../../../arm-none-eabi/lib/armv7e-m/libc.a(lib_a-ctype_.o)
 .debug_line    0x000000000000642d       0xf5 /usr/lib/gcc/arm-none-eabi/4.8/../../../arm-none-eabi/lib/armv7e-m/libc.a(lib_a-impure.o)

.debug_str      0x0000000000000000     0x39f2
 .debug_str     0x0000000000000000      0xb28 build/obj/main.o
                                        0xc3a (size before relaxing)
 .debug_str     0x0000000000000b28       0xd6 build/obj/myMisc.o
                                        0xcfe (size before relaxing)
 .debug_str     0x0000000000000bfe      0x125 build/obj/usbcfg.o
                                        0xbaa (size before relaxing)
 .debug_str     0x0000000000000d23       0xb3 build/obj/board.o
                                        0x2ba (size before relaxing)
 .debug_str     0x0000000000000dd6       0xce build/obj/menu.o
                                        0xcbc (size before relaxing)
 .debug_str     0x0000000000000ea4       0x14 build/obj/config.o
                                        0x46d (size before relaxing)
 .debug_str     0x0000000000000eb8       0x30 build/obj/buttonpush.o
                                        0x4c9 (size before relaxing)
 .debug_str     0x0000000000000ee8      0x1b3 build/obj/crt0.o
                                        0x372 (size before relaxing)
 .debug_str     0x000000000000109b       0x5b build/obj/vectors.o
                                        0x1e1 (size before relaxing)
 .debug_str     0x00000000000010f6       0x3c build/obj/chcore.o
                                        0x1c2 (size before relaxing)
 .debug_str     0x0000000000001132       0xc9 build/obj/chcore_v7m.o
                                        0x4d1 (size before relaxing)
 .debug_str     0x00000000000011fb       0xc2 build/obj/nvic.o
                                        0x2cc (size before relaxing)
 .debug_str     0x00000000000012bd      0x1d0 build/obj/chsys.o
                                        0x56a (size before relaxing)
 .debug_str     0x000000000000148d      0x1b2 build/obj/chdebug.o
                                        0x58c (size before relaxing)
 .debug_str     0x000000000000163f       0x5d build/obj/chvt.o
                                        0x27b (size before relaxing)
 .debug_str     0x000000000000169c       0xee build/obj/chschd.o
                                        0x4cc (size before relaxing)
 .debug_str     0x000000000000178a      0x110 build/obj/chthreads.o
                                        0x502 (size before relaxing)
 .debug_str     0x000000000000189a       0xfb build/obj/chdynamic.o
                                        0x473 (size before relaxing)
 .debug_str     0x0000000000001995       0x51 build/obj/chregistry.o
                                        0x4d9 (size before relaxing)
 .debug_str     0x00000000000019e6       0xd7 build/obj/chsem.o
                                        0x484 (size before relaxing)
 .debug_str     0x0000000000001abd       0x99 build/obj/chmtx.o
                                        0x43a (size before relaxing)
 .debug_str     0x0000000000001b56      0x175 build/obj/chevents.o
                                        0x556 (size before relaxing)
 .debug_str     0x0000000000001ccb       0xb7 build/obj/chqueues.o
                                        0x4dc (size before relaxing)
 .debug_str     0x0000000000001d82       0x8a build/obj/chmemcore.o
                                        0x242 (size before relaxing)
 .debug_str     0x0000000000001e0c       0x79 build/obj/chheap.o
                                        0x422 (size before relaxing)
 .debug_str     0x0000000000001e85       0x7b build/obj/chmempools.o
                                        0x290 (size before relaxing)
 .debug_str     0x0000000000001f00       0xa8 build/obj/hal.o
                                        0x30a (size before relaxing)
 .debug_str     0x0000000000001fa8      0x20d build/obj/gpt.o
                                        0x3e7 (size before relaxing)
 .debug_str     0x00000000000021b5      0x10e build/obj/serial_usb.o
                                        0xc18 (size before relaxing)
 .debug_str     0x00000000000022c3       0x78 build/obj/tm.o
                                        0x293 (size before relaxing)
 .debug_str     0x000000000000233b      0x1b2 build/obj/usb.o
                                        0xbce (size before relaxing)
 .debug_str     0x00000000000024ed      0x1ca build/obj/hal_lld.o
                                        0x3e8 (size before relaxing)
 .debug_str     0x00000000000026b7      0x5cd build/obj/gpt_lld.o
                                        0xa08 (size before relaxing)
 .debug_str     0x0000000000002c84       0x97 build/obj/pal_lld.o
                                        0x441 (size before relaxing)
 .debug_str     0x0000000000002d1b      0x369 build/obj/usb_lld.o
                                       0x140e (size before relaxing)
 .debug_str     0x0000000000003084       0xe1 build/obj/shell.o
                                        0x5c8 (size before relaxing)
 .debug_str     0x0000000000003165       0xba build/obj/chprintf.o
                                        0x30e (size before relaxing)
 .debug_str     0x000000000000321f      0x4c5 /usr/lib/gcc/arm-none-eabi/4.8/../../../arm-none-eabi/lib/armv7e-m/libc.a(lib_a-atoi.o)
                                        0x585 (size before relaxing)
 .debug_str     0x00000000000036e4       0xae /usr/lib/gcc/arm-none-eabi/4.8/../../../arm-none-eabi/lib/armv7e-m/libc.a(lib_a-memset.o)
                                        0x1d5 (size before relaxing)
 .debug_str     0x0000000000003792       0x55 /usr/lib/gcc/arm-none-eabi/4.8/../../../arm-none-eabi/lib/armv7e-m/libc.a(lib_a-strcasecmp.o)
                                        0x1da (size before relaxing)
 .debug_str     0x00000000000037e7       0x37 /usr/lib/gcc/arm-none-eabi/4.8/../../../arm-none-eabi/lib/armv7e-m/libc.a(lib_a-strpbrk.o)
                                        0x1bc (size before relaxing)
 .debug_str     0x000000000000381e       0x35 /usr/lib/gcc/arm-none-eabi/4.8/../../../arm-none-eabi/lib/armv7e-m/libc.a(lib_a-strspn.o)
                                        0x1c1 (size before relaxing)
 .debug_str     0x0000000000003853       0x48 /usr/lib/gcc/arm-none-eabi/4.8/../../../arm-none-eabi/lib/armv7e-m/libc.a(lib_a-strtol.o)
                                        0x5b8 (size before relaxing)
 .debug_str     0x000000000000389b       0xa0 /usr/lib/gcc/arm-none-eabi/4.8/../../../arm-none-eabi/lib/armv7e-m/libc.a(lib_a-ctype_.o)
                                        0x143 (size before relaxing)
 .debug_str     0x000000000000393b       0xb7 /usr/lib/gcc/arm-none-eabi/4.8/../../../arm-none-eabi/lib/armv7e-m/libc.a(lib_a-impure.o)
                                        0x592 (size before relaxing)

.comment        0x0000000000000000       0x2b
 .comment       0x0000000000000000       0x2b build/obj/main.o
                                         0x2c (size before relaxing)
 .comment       0x000000000000002b       0x2c build/obj/myMisc.o
 .comment       0x000000000000002b       0x2c build/obj/usbcfg.o
 .comment       0x000000000000002b       0x2c build/obj/board.o
 .comment       0x000000000000002b       0x2c build/obj/menu.o
 .comment       0x000000000000002b       0x2c build/obj/config.o
 .comment       0x000000000000002b       0x2c build/obj/buttonpush.o
 .comment       0x000000000000002b       0x2c build/obj/crt0.o
 .comment       0x000000000000002b       0x2c build/obj/vectors.o
 .comment       0x000000000000002b       0x2c build/obj/chcore.o
 .comment       0x000000000000002b       0x2c build/obj/chcore_v7m.o
 .comment       0x000000000000002b       0x2c build/obj/nvic.o
 .comment       0x000000000000002b       0x2c build/obj/chsys.o
 .comment       0x000000000000002b       0x2c build/obj/chdebug.o
 .comment       0x000000000000002b       0x2c build/obj/chvt.o
 .comment       0x000000000000002b       0x2c build/obj/chschd.o
 .comment       0x000000000000002b       0x2c build/obj/chthreads.o
 .comment       0x000000000000002b       0x2c build/obj/chdynamic.o
 .comment       0x000000000000002b       0x2c build/obj/chregistry.o
 .comment       0x000000000000002b       0x2c build/obj/chsem.o
 .comment       0x000000000000002b       0x2c build/obj/chmtx.o
 .comment       0x000000000000002b       0x2c build/obj/chevents.o
 .comment       0x000000000000002b       0x2c build/obj/chqueues.o
 .comment       0x000000000000002b       0x2c build/obj/chmemcore.o
 .comment       0x000000000000002b       0x2c build/obj/chheap.o
 .comment       0x000000000000002b       0x2c build/obj/chmempools.o
 .comment       0x000000000000002b       0x2c build/obj/hal.o
 .comment       0x000000000000002b       0x2c build/obj/gpt.o
 .comment       0x000000000000002b       0x2c build/obj/serial_usb.o
 .comment       0x000000000000002b       0x2c build/obj/tm.o
 .comment       0x000000000000002b       0x2c build/obj/usb.o
 .comment       0x000000000000002b       0x2c build/obj/hal_lld.o
 .comment       0x000000000000002b       0x2c build/obj/gpt_lld.o
 .comment       0x000000000000002b       0x2c build/obj/pal_lld.o
 .comment       0x000000000000002b       0x2c build/obj/usb_lld.o
 .comment       0x000000000000002b       0x2c build/obj/shell.o
 .comment       0x000000000000002b       0x2c build/obj/chprintf.o
 .comment       0x000000000000002b       0x2c /usr/lib/gcc/arm-none-eabi/4.8/../../../arm-none-eabi/lib/armv7e-m/libc.a(lib_a-atoi.o)
 .comment       0x000000000000002b       0x2c /usr/lib/gcc/arm-none-eabi/4.8/../../../arm-none-eabi/lib/armv7e-m/libc.a(lib_a-memset.o)
 .comment       0x000000000000002b       0x2c /usr/lib/gcc/arm-none-eabi/4.8/../../../arm-none-eabi/lib/armv7e-m/libc.a(lib_a-strcasecmp.o)
 .comment       0x000000000000002b       0x2c /usr/lib/gcc/arm-none-eabi/4.8/../../../arm-none-eabi/lib/armv7e-m/libc.a(lib_a-strpbrk.o)
 .comment       0x000000000000002b       0x2c /usr/lib/gcc/arm-none-eabi/4.8/../../../arm-none-eabi/lib/armv7e-m/libc.a(lib_a-strspn.o)
 .comment       0x000000000000002b       0x2c /usr/lib/gcc/arm-none-eabi/4.8/../../../arm-none-eabi/lib/armv7e-m/libc.a(lib_a-strtol.o)
 .comment       0x000000000000002b       0x2c /usr/lib/gcc/arm-none-eabi/4.8/../../../arm-none-eabi/lib/armv7e-m/libc.a(lib_a-ctype_.o)
 .comment       0x000000000000002b       0x2c /usr/lib/gcc/arm-none-eabi/4.8/../../../arm-none-eabi/lib/armv7e-m/libc.a(lib_a-impure.o)

.ARM.attributes
                0x0000000000000000       0x35
 .ARM.attributes
                0x0000000000000000       0x37 build/obj/main.o
 .ARM.attributes
                0x0000000000000037       0x37 build/obj/myMisc.o
 .ARM.attributes
                0x000000000000006e       0x37 build/obj/usbcfg.o
 .ARM.attributes
                0x00000000000000a5       0x37 build/obj/board.o
 .ARM.attributes
                0x00000000000000dc       0x37 build/obj/menu.o
 .ARM.attributes
                0x0000000000000113       0x37 build/obj/config.o
 .ARM.attributes
                0x000000000000014a       0x37 build/obj/buttonpush.o
 .ARM.attributes
                0x0000000000000181       0x37 build/obj/crt0.o
 .ARM.attributes
                0x00000000000001b8       0x37 build/obj/vectors.o
 .ARM.attributes
                0x00000000000001ef       0x37 build/obj/chcore.o
 .ARM.attributes
                0x0000000000000226       0x37 build/obj/chcore_v7m.o
 .ARM.attributes
                0x000000000000025d       0x37 build/obj/nvic.o
 .ARM.attributes
                0x0000000000000294       0x37 build/obj/chsys.o
 .ARM.attributes
                0x00000000000002cb       0x37 build/obj/chdebug.o
 .ARM.attributes
                0x0000000000000302       0x37 build/obj/chvt.o
 .ARM.attributes
                0x0000000000000339       0x37 build/obj/chschd.o
 .ARM.attributes
                0x0000000000000370       0x37 build/obj/chthreads.o
 .ARM.attributes
                0x00000000000003a7       0x37 build/obj/chdynamic.o
 .ARM.attributes
                0x00000000000003de       0x37 build/obj/chregistry.o
 .ARM.attributes
                0x0000000000000415       0x37 build/obj/chsem.o
 .ARM.attributes
                0x000000000000044c       0x37 build/obj/chmtx.o
 .ARM.attributes
                0x0000000000000483       0x37 build/obj/chevents.o
 .ARM.attributes
                0x00000000000004ba       0x37 build/obj/chqueues.o
 .ARM.attributes
                0x00000000000004f1       0x37 build/obj/chmemcore.o
 .ARM.attributes
                0x0000000000000528       0x37 build/obj/chheap.o
 .ARM.attributes
                0x000000000000055f       0x37 build/obj/chmempools.o
 .ARM.attributes
                0x0000000000000596       0x37 build/obj/hal.o
 .ARM.attributes
                0x00000000000005cd       0x37 build/obj/gpt.o
 .ARM.attributes
                0x0000000000000604       0x37 build/obj/serial_usb.o
 .ARM.attributes
                0x000000000000063b       0x37 build/obj/tm.o
 .ARM.attributes
                0x0000000000000672       0x37 build/obj/usb.o
 .ARM.attributes
                0x00000000000006a9       0x37 build/obj/hal_lld.o
 .ARM.attributes
                0x00000000000006e0       0x37 build/obj/gpt_lld.o
 .ARM.attributes
                0x0000000000000717       0x37 build/obj/pal_lld.o
 .ARM.attributes
                0x000000000000074e       0x37 build/obj/usb_lld.o
 .ARM.attributes
                0x0000000000000785       0x37 build/obj/shell.o
 .ARM.attributes
                0x00000000000007bc       0x37 build/obj/chprintf.o
 .ARM.attributes
                0x00000000000007f3       0x2e /usr/lib/gcc/arm-none-eabi/4.8/../../../arm-none-eabi/lib/armv7e-m/libc.a(lib_a-atoi.o)
 .ARM.attributes
                0x0000000000000821       0x1c /usr/lib/gcc/arm-none-eabi/4.8/../../../arm-none-eabi/lib/armv7e-m/libc.a(lib_a-memcpy.o)
 .ARM.attributes
                0x000000000000083d       0x2e /usr/lib/gcc/arm-none-eabi/4.8/../../../arm-none-eabi/lib/armv7e-m/libc.a(lib_a-memset.o)
 .ARM.attributes
                0x000000000000086b       0x2e /usr/lib/gcc/arm-none-eabi/4.8/../../../arm-none-eabi/lib/armv7e-m/libc.a(lib_a-strcasecmp.o)
 .ARM.attributes
                0x0000000000000899       0x2e /usr/lib/gcc/arm-none-eabi/4.8/../../../arm-none-eabi/lib/armv7e-m/libc.a(lib_a-strpbrk.o)
 .ARM.attributes
                0x00000000000008c7       0x2e /usr/lib/gcc/arm-none-eabi/4.8/../../../arm-none-eabi/lib/armv7e-m/libc.a(lib_a-strspn.o)
 .ARM.attributes
                0x00000000000008f5       0x2e /usr/lib/gcc/arm-none-eabi/4.8/../../../arm-none-eabi/lib/armv7e-m/libc.a(lib_a-strtol.o)
 .ARM.attributes
                0x0000000000000923       0x2e /usr/lib/gcc/arm-none-eabi/4.8/../../../arm-none-eabi/lib/armv7e-m/libc.a(lib_a-ctype_.o)
 .ARM.attributes
                0x0000000000000951       0x2e /usr/lib/gcc/arm-none-eabi/4.8/../../../arm-none-eabi/lib/armv7e-m/libc.a(lib_a-impure.o)

.debug_frame    0x0000000000000000     0x204c
 .debug_frame   0x0000000000000000       0x2c build/obj/main.o
 .debug_frame   0x000000000000002c       0x48 build/obj/myMisc.o
 .debug_frame   0x0000000000000074       0x40 build/obj/usbcfg.o
 .debug_frame   0x00000000000000b4       0x3c build/obj/board.o
 .debug_frame   0x00000000000000f0      0x144 build/obj/menu.o
 .debug_frame   0x0000000000000234       0x24 build/obj/config.o
 .debug_frame   0x0000000000000258       0x48 build/obj/buttonpush.o
 .debug_frame   0x00000000000002a0       0x50 build/obj/crt0.o
 .debug_frame   0x00000000000002f0       0x20 build/obj/vectors.o
 .debug_frame   0x0000000000000310       0x20 build/obj/chcore.o
 .debug_frame   0x0000000000000330       0xac build/obj/chcore_v7m.o
 .debug_frame   0x00000000000003dc       0x64 build/obj/nvic.o
 .debug_frame   0x0000000000000440       0x5c build/obj/chsys.o
 .debug_frame   0x000000000000049c      0x184 build/obj/chdebug.o
 .debug_frame   0x0000000000000620       0x6c build/obj/chvt.o
 .debug_frame   0x000000000000068c      0x144 build/obj/chschd.o
 .debug_frame   0x00000000000007d0      0x194 build/obj/chthreads.o
 .debug_frame   0x0000000000000964       0x80 build/obj/chdynamic.o
 .debug_frame   0x00000000000009e4       0x48 build/obj/chregistry.o
 .debug_frame   0x0000000000000a2c      0x180 build/obj/chsem.o
 .debug_frame   0x0000000000000bac      0x12c build/obj/chmtx.o
 .debug_frame   0x0000000000000cd8      0x1e4 build/obj/chevents.o
 .debug_frame   0x0000000000000ebc      0x15c build/obj/chqueues.o
 .debug_frame   0x0000000000001018       0x68 build/obj/chmemcore.o
 .debug_frame   0x0000000000001080       0x9c build/obj/chheap.o
 .debug_frame   0x000000000000111c       0xb8 build/obj/chmempools.o
 .debug_frame   0x00000000000011d4       0x5c build/obj/hal.o
 .debug_frame   0x0000000000001230      0x13c build/obj/gpt.o
 .debug_frame   0x000000000000136c      0x208 build/obj/serial_usb.o
 .debug_frame   0x0000000000001574       0x68 build/obj/tm.o
 .debug_frame   0x00000000000015dc      0x238 build/obj/usb.o
 .debug_frame   0x0000000000001814       0x4c build/obj/hal_lld.o
 .debug_frame   0x0000000000001860       0xf4 build/obj/gpt_lld.o
 .debug_frame   0x0000000000001954       0x54 build/obj/pal_lld.o
 .debug_frame   0x00000000000019a8      0x3d8 build/obj/usb_lld.o
 .debug_frame   0x0000000000001d80      0x138 build/obj/shell.o
 .debug_frame   0x0000000000001eb8       0x68 build/obj/chprintf.o
 .debug_frame   0x0000000000001f20       0x30 /usr/lib/gcc/arm-none-eabi/4.8/../../../arm-none-eabi/lib/armv7e-m/libc.a(lib_a-atoi.o)
 .debug_frame   0x0000000000001f50       0x2c /usr/lib/gcc/arm-none-eabi/4.8/../../../arm-none-eabi/lib/armv7e-m/libc.a(lib_a-memset.o)
 .debug_frame   0x0000000000001f7c       0x28 /usr/lib/gcc/arm-none-eabi/4.8/../../../arm-none-eabi/lib/armv7e-m/libc.a(lib_a-strcasecmp.o)
 .debug_frame   0x0000000000001fa4       0x2c /usr/lib/gcc/arm-none-eabi/4.8/../../../arm-none-eabi/lib/armv7e-m/libc.a(lib_a-strpbrk.o)
 .debug_frame   0x0000000000001fd0       0x2c /usr/lib/gcc/arm-none-eabi/4.8/../../../arm-none-eabi/lib/armv7e-m/libc.a(lib_a-strspn.o)
 .debug_frame   0x0000000000001ffc       0x50 /usr/lib/gcc/arm-none-eabi/4.8/../../../arm-none-eabi/lib/armv7e-m/libc.a(lib_a-strtol.o)

.debug_loc      0x0000000000000000      0x8e0
 .debug_loc     0x0000000000000000       0x63 /usr/lib/gcc/arm-none-eabi/4.8/../../../arm-none-eabi/lib/armv7e-m/libc.a(lib_a-atoi.o)
 .debug_loc     0x0000000000000063      0x18b /usr/lib/gcc/arm-none-eabi/4.8/../../../arm-none-eabi/lib/armv7e-m/libc.a(lib_a-memset.o)
 .debug_loc     0x00000000000001ee      0x191 /usr/lib/gcc/arm-none-eabi/4.8/../../../arm-none-eabi/lib/armv7e-m/libc.a(lib_a-strcasecmp.o)
 .debug_loc     0x000000000000037f       0xa4 /usr/lib/gcc/arm-none-eabi/4.8/../../../arm-none-eabi/lib/armv7e-m/libc.a(lib_a-strpbrk.o)
 .debug_loc     0x0000000000000423      0x105 /usr/lib/gcc/arm-none-eabi/4.8/../../../arm-none-eabi/lib/armv7e-m/libc.a(lib_a-strspn.o)
 .debug_loc     0x0000000000000528      0x3b8 /usr/lib/gcc/arm-none-eabi/4.8/../../../arm-none-eabi/lib/armv7e-m/libc.a(lib_a-strtol.o)

Cross Reference Table

Symbol                                            File
BusFaultVector                                    build/obj/vectors.o
DebugMonitorVector                                build/obj/vectors.o
GPTD1                                             build/obj/gpt_lld.o
GPTD2                                             build/obj/gpt_lld.o
HardFaultVector                                   build/obj/vectors.o
MemManageVector                                   build/obj/vectors.o
NMIVector                                         build/obj/vectors.o
PendSVVector                                      build/obj/vectors.o
ResetHandler                                      build/obj/crt0.o
                                                  build/obj/vectors.o
SVCallVector                                      build/obj/chcore_v7m.o
                                                  build/obj/vectors.o
SysTickVector                                     build/obj/chcore_v7m.o
                                                  build/obj/vectors.o
USBD1                                             build/obj/usb_lld.o
                                                  build/obj/usbcfg.o
UsageFaultVector                                  build/obj/vectors.o
Vector100                                         build/obj/vectors.o
Vector104                                         build/obj/vectors.o
Vector108                                         build/obj/vectors.o
Vector10C                                         build/obj/vectors.o
Vector110                                         build/obj/vectors.o
Vector114                                         build/obj/vectors.o
Vector118                                         build/obj/vectors.o
Vector11C                                         build/obj/vectors.o
Vector120                                         build/obj/vectors.o
Vector124                                         build/obj/vectors.o
Vector128                                         build/obj/vectors.o
Vector12C                                         build/obj/vectors.o
Vector130                                         build/obj/vectors.o
Vector134                                         build/obj/vectors.o
Vector138                                         build/obj/vectors.o
Vector13C                                         build/obj/vectors.o
Vector140                                         build/obj/vectors.o
Vector144                                         build/obj/vectors.o
Vector148                                         build/obj/vectors.o
Vector14C                                         build/obj/usb_lld.o
                                                  build/obj/vectors.o
Vector150                                         build/obj/vectors.o
Vector154                                         build/obj/vectors.o
Vector158                                         build/obj/vectors.o
Vector15C                                         build/obj/vectors.o
Vector160                                         build/obj/vectors.o
Vector164                                         build/obj/vectors.o
Vector168                                         build/obj/vectors.o
Vector16C                                         build/obj/vectors.o
Vector170                                         build/obj/vectors.o
Vector174                                         build/obj/vectors.o
Vector178                                         build/obj/vectors.o
Vector17C                                         build/obj/vectors.o
Vector180                                         build/obj/vectors.o
Vector184                                         build/obj/vectors.o
Vector1C                                          build/obj/vectors.o
Vector20                                          build/obj/vectors.o
Vector24                                          build/obj/vectors.o